     VMA      LMA     Size Align Out     In      Symbol
       0        0 80200000     1 . = 0x80200000
80200000 80200000      33c     4 .text
80200000 80200000        e     2         /var/folders/mr/c2l2bgkj0rz42ptj3879t6740000gn/T/kernel-3a5e54.o:(.text.boot)
80200000 80200000        0     1                 .L0 
80200000 80200000        0     1                 .L0 
80200000 80200000        0     1                 $x
80200000 80200000        0     1                 .L0 
80200000 80200000        e     1                 boot
8020000e 8020000e        0     1                 .L0 
8020000e 8020000e        0     1                 .L0 
80200010 80200010      10c     4         /var/folders/mr/c2l2bgkj0rz42ptj3879t6740000gn/T/kernel-3a5e54.o:(.text)
80200010 80200010        0     1                 .L0 
80200010 80200010        0     1                 .L0 
80200010 80200010        0     1                 $x
80200010 80200010        0     1                 .L0 
80200010 80200010        6     1                 sbi_call
80200014 80200014        0     1                 .L0 
80200016 80200016        0     1                 .L0 
80200016 80200016        0     1                 .L0 
80200016 80200016        0     1                 .L0 
80200016 80200016       14     1                 putchar
80200028 80200028        0     1                 .L0 
8020002c 8020002c        0     1                 .L0 
8020002c 8020002c        0     1                 .L0 
8020002c 8020002c        0     1                 .L0 
8020002c 8020002c       90     1                 kernel_entry
802000bc 802000bc        0     1                 .L0 
802000bc 802000bc        0     1                 .L0 
802000bc 802000bc        0     1                 .L0 
802000bc 802000bc        0     1                 .L0 
802000bc 802000bc        0     1                 .L0 
802000bc 802000bc       28     1                 handle_trap
802000c0 802000c0        0     1                 .L0 
802000c0 802000c0        0     1                 .L0 
802000c4 802000c4        0     1                 .L0 
802000c4 802000c4        0     1                 .L0 
802000c8 802000c8        0     1                 .L0 
802000c8 802000c8        0     1                 .L0 
802000cc 802000cc        0     1                 .L0 
802000cc 802000cc        0     1                 .L0 
802000d0 802000d0        0     1                 .L0 
802000e2 802000e2        0     1                 .L0 
802000e2 802000e2        0     1                 .L0 
802000e4 802000e4        0     1                 .L0 
802000e4 802000e4        0     1                 .L0 
802000e4 802000e4        0     1                 .L0 
802000e4 802000e4        0     1                 .L0 
802000e4 802000e4        0     1                 .L0 
802000e4 802000e4       38     1                 kernel_main
802000e8 802000e8        0     1                 .L0 
802000fe 802000fe        0     1                 .L0 
802000fe 802000fe        0     1                 .L0 
80200108 80200108        0     1                 .L0 
80200108 80200108        0     1                 .L0 
80200110 80200110        0     1                 .L0 
80200114 80200114        0     1                 .L0 
80200114 80200114        0     1                 .L0 
80200118 80200118        0     1                 .L0 
8020011c 8020011c        0     1                 .L0 
8020011c 8020011c        0     1                 .L0 
8020011c 8020011c      220     2         /var/folders/mr/c2l2bgkj0rz42ptj3879t6740000gn/T/common-3da9e1.o:(.text)
8020011c 8020011c        0     1                 .L0 
8020011c 8020011c        0     1                 .L0 
8020011c 8020011c        0     1                 $x
8020011c 8020011c        0     1                 .L0 
8020011c 8020011c      1a6     1                 printf
8020014a 8020014a        0     1                 .L0 
80200172 80200172        0     1                 .L0 
80200172 80200172        0     1                 .L0 
80200176 80200176        0     1                 .L0 
80200176 80200176        0     1                 .L0 
80200178 80200178        0     1                 .L0 
80200178 80200178        0     1                 .L0 
8020017c 8020017c        0     1                 .L0 
80200184 80200184        0     1                 .L0 
80200184 80200184        0     1                 .L0 
80200186 80200186        0     1                 .L0 
80200186 80200186        0     1                 .L0 
80200188 80200188        0     1                 .L0 
8020018a 8020018a        0     1                 .L0 
8020018a 8020018a        0     1                 .L0 
8020018e 8020018e        0     1                 .L0 
80200190 80200190        0     1                 .L0 
802001a0 802001a0        0     1                 .L0 
802001a0 802001a0        0     1                 .L0 
802001ac 802001ac        0     1                 .L0 
802001ac 802001ac        0     1                 .L0 
802001b0 802001b0        0     1                 .L0 
802001b0 802001b0        0     1                 .L0 
802001b2 802001b2        0     1                 .L0 
802001b8 802001b8        0     1                 .L0 
802001b8 802001b8        0     1                 .L0 
802001b8 802001b8        0     1                 .L0 
802001c0 802001c0        0     1                 .L0 
802001c0 802001c0        0     1                 .L0 
802001ca 802001ca        0     1                 .L0 
802001ca 802001ca        0     1                 .L0 
802001ce 802001ce        0     1                 .L0 
802001ce 802001ce        0     1                 .L0 
802001d0 802001d0        0     1                 .L0 
802001d4 802001d4        0     1                 .L0 
802001d6 802001d6        0     1                 .L0 
802001d6 802001d6        0     1                 .L0 
802001dc 802001dc        0     1                 .L0 
802001dc 802001dc        0     1                 .L0 
802001de 802001de        0     1                 .L0 
802001e2 802001e2        0     1                 .L0 
802001e4 802001e4        0     1                 .L0 
802001e4 802001e4        0     1                 .L0 
802001ea 802001ea        0     1                 .L0 
802001ea 802001ea        0     1                 .L0 
802001ec 802001ec        0     1                 .L0 
802001f0 802001f0        0     1                 .L0 
802001f2 802001f2        0     1                 .L0 
802001f2 802001f2        0     1                 .L0 
802001f8 802001f8        0     1                 .L0 
802001f8 802001f8        0     1                 .L0 
802001fa 802001fa        0     1                 .L0 
802001fe 802001fe        0     1                 .L0 
80200200 80200200        0     1                 .L0 
80200200 80200200        0     1                 .L0 
80200206 80200206        0     1                 .L0 
80200206 80200206        0     1                 .L0 
80200208 80200208        0     1                 .L0 
8020020c 8020020c        0     1                 .L0 
8020020e 8020020e        0     1                 .L0 
8020020e 8020020e        0     1                 .L0 
80200214 80200214        0     1                 .L0 
80200214 80200214        0     1                 .L0 
80200216 80200216        0     1                 .L0 
8020021a 8020021a        0     1                 .L0 
8020021c 8020021c        0     1                 .L0 
8020021c 8020021c        0     1                 .L0 
80200222 80200222        0     1                 .L0 
80200222 80200222        0     1                 .L0 
80200224 80200224        0     1                 .L0 
80200228 80200228        0     1                 .L0 
8020022a 8020022a        0     1                 .L0 
8020022a 8020022a        0     1                 .L0 
8020022c 8020022c        0     1                 .L0 
8020022c 8020022c        0     1                 .L0 
8020022e 8020022e        0     1                 .L0 
80200232 80200232        0     1                 .L0 
80200232 80200232        0     1                 .L0 
80200234 80200234        0     1                 .L0 
80200234 80200234        0     1                 .L0 
80200236 80200236        0     1                 .L0 
80200238 80200238        0     1                 .L0 
80200238 80200238        0     1                 .L0 
80200238 80200238        0     1                 .L0 
80200242 80200242        0     1                 .L0 
80200242 80200242        0     1                 .L0 
80200246 80200246        0     1                 .L0 
8020024c 8020024c        0     1                 .L0 
8020024c 8020024c        0     1                 .L0 
8020024c 8020024c        0     1                 .L0 
80200252 80200252        0     1                 .L0 
80200252 80200252        0     1                 .L0 
80200256 80200256        0     1                 .L0 
80200258 80200258        0     1                 .L0 
8020025c 8020025c        0     1                 .L0 
8020025c 8020025c        0     1                 .L0 
8020025c 8020025c        0     1                 .L0 
80200262 80200262        0     1                 .L0 
80200262 80200262        0     1                 .L0 
80200266 80200266        0     1                 .L0 
80200266 80200266        0     1                 .L0 
80200268 80200268        0     1                 .L0 
8020026c 8020026c        0     1                 .L0 
8020026c 8020026c        0     1                 .L0 
8020026e 8020026e        0     1                 .L0 
8020026e 8020026e        0     1                 .L0 
8020026e 8020026e        0     1                 .L0 
80200272 80200272        0     1                 .L0 
80200276 80200276        0     1                 .L0 
8020027a 8020027a        0     1                 .L0 
8020027a 8020027a        0     1                 .L0 
8020027a 8020027a        0     1                 .L0 
8020027c 8020027c        0     1                 .L0 
8020027c 8020027c        0     1                 .L0 
80200280 80200280        0     1                 .L0 
80200284 80200284        0     1                 .L0 
8020028a 8020028a        0     1                 .L0 
8020028a 8020028a        0     1                 .L0 
80200292 80200292        0     1                 .L0 
80200298 80200298        0     1                 .L0 
80200298 80200298        0     1                 .L0 
8020029e 8020029e        0     1                 .L0 
8020029e 8020029e        0     1                 .L0 
8020029e 8020029e        0     1                 .L0 
802002a4 802002a4        0     1                 .L0 
802002a4 802002a4        0     1                 .L0 
802002a4 802002a4        0     1                 .L0 
802002a8 802002a8        0     1                 .L0 
802002be 802002be        0     1                 .L0 
802002c2 802002c2        0     1                 .L0 
802002c2 802002c2        0     1                 .L0 
802002c2 802002c2        0     1                 .L0 
802002c2 802002c2        0     1                 .L0 
802002c2 802002c2        0     1                 .L0 
802002c2 802002c2       1c     1                 memcpy
802002c6 802002c6        0     1                 .L0 
802002c6 802002c6        0     1                 .L0 
802002c8 802002c8        0     1                 .L0 
802002c8 802002c8        0     1                 .L0 
802002c8 802002c8        0     1                 .L0 
802002cc 802002cc        0     1                 .L0 
802002ce 802002ce        0     1                 .L0 
802002d2 802002d2        0     1                 .L0 
802002d2 802002d2        0     1                 .L0 
802002d6 802002d6        0     1                 .L0 
802002d8 802002d8        0     1                 .L0 
802002d8 802002d8        0     1                 .L0 
802002dc 802002dc        0     1                 .L0 
802002dc 802002dc        0     1                 .L0 
802002dc 802002dc        0     1                 .L0 
802002de 802002de        0     1                 .L0 
802002de 802002de        0     1                 .L0 
802002de 802002de        0     1                 .L0 
802002de 802002de        0     1                 .L0 
802002de 802002de        0     1                 .L0 
802002de 802002de       16     1                 memset
802002e2 802002e2        0     1                 .L0 
802002e2 802002e2        0     1                 .L0 
802002e4 802002e4        0     1                 .L0 
802002e4 802002e4        0     1                 .L0 
802002e4 802002e4        0     1                 .L0 
802002e8 802002e8        0     1                 .L0 
802002e8 802002e8        0     1                 .L0 
802002ec 802002ec        0     1                 .L0 
802002ee 802002ee        0     1                 .L0 
802002ee 802002ee        0     1                 .L0 
802002f2 802002f2        0     1                 .L0 
802002f2 802002f2        0     1                 .L0 
802002f2 802002f2        0     1                 .L0 
802002f4 802002f4        0     1                 .L0 
802002f4 802002f4        0     1                 .L0 
802002f4 802002f4        0     1                 .L0 
802002f4 802002f4        0     1                 .L0 
802002f4 802002f4        0     1                 .L0 
802002f4 802002f4       24     1                 strcpy
802002fa 802002fa        0     1                 .L0 
802002fe 802002fe        0     1                 .L0 
802002fe 802002fe        0     1                 .L0 
80200300 80200300        0     1                 .L0 
80200300 80200300        0     1                 .L0 
80200300 80200300        0     1                 .L0 
80200304 80200304        0     1                 .L0 
80200308 80200308        0     1                 .L0 
8020030c 8020030c        0     1                 .L0 
8020030c 8020030c        0     1                 .L0 
8020030e 8020030e        0     1                 .L0 
8020030e 8020030e        0     1                 .L0 
80200310 80200310        0     1                 .L0 
80200312 80200312        0     1                 .L0 
80200312 80200312        0     1                 .L0 
80200312 80200312        0     1                 .L0 
80200316 80200316        0     1                 .L0 
80200318 80200318        0     1                 .L0 
80200318 80200318        0     1                 .L0 
80200318 80200318        0     1                 .L0 
80200318 80200318        0     1                 .L0 
80200318 80200318        0     1                 .L0 
80200318 80200318       24     1                 strcmp
8020031c 8020031c        0     1                 .L0 
8020031e 8020031e        0     1                 .L0 
80200320 80200320        0     1                 .L0 
80200320 80200320        0     1                 .L0 
80200320 80200320        0     1                 .L0 
80200324 80200324        0     1                 .L0 
80200328 80200328        0     1                 .L0 
80200328 80200328        0     1                 .L0 
8020032c 8020032c        0     1                 .L0 
8020032e 8020032e        0     1                 .L0 
80200330 80200330        0     1                 .L0 
80200332 80200332        0     1                 .L0 
80200332 80200332        0     1                 .L0 
80200336 80200336        0     1                 .L0 
8020033a 8020033a        0     1                 .L0 
8020033c 8020033c        0     1                 .L0 
8020033c 8020033c        0     1                 .L0 
8020033c 8020033c       67     4 .rodata
8020033c 8020033c       67     1         <internal>:(.rodata.str1.1)
802003a4 802003a4        0     4 .bss
802003a4 802003a4        0     1         __bss = .
802003a4 802003a4        0     1         __bss_end = .
802003a4 802003a4        0     1 . = ALIGN ( 4 )
802003a4 802003a4    20000     1 . += 128 * 1024
802203a4 802203a4        0     1 __stack_top = .
       0        0      249     1 .debug_loclists
       0        0       80     1         /var/folders/mr/c2l2bgkj0rz42ptj3879t6740000gn/T/kernel-3a5e54.o:(.debug_loclists)
       0        0        0     1                 $d
       c        c        0     1                 .L0 
      80       80      1c9     1         /var/folders/mr/c2l2bgkj0rz42ptj3879t6740000gn/T/common-3da9e1.o:(.debug_loclists)
      80       80        0     1                 $d
      8c       8c        0     1                 .L0 
       0        0      2cb     1 .debug_abbrev
       0        0      19e     1         /var/folders/mr/c2l2bgkj0rz42ptj3879t6740000gn/T/kernel-3a5e54.o:(.debug_abbrev)
       0        0        0     1                 $d
     19e      19e      12d     1         /var/folders/mr/c2l2bgkj0rz42ptj3879t6740000gn/T/common-3da9e1.o:(.debug_abbrev)
     19e      19e        0     1                 $d
       0        0      659     1 .debug_info
       0        0      424     1         /var/folders/mr/c2l2bgkj0rz42ptj3879t6740000gn/T/kernel-3a5e54.o:(.debug_info)
       0        0        0     1                 $d
     424      424      235     1         /var/folders/mr/c2l2bgkj0rz42ptj3879t6740000gn/T/common-3da9e1.o:(.debug_info)
     424      424        0     1                 $d
       0        0       33     1 .debug_rnglists
       0        0       18     1         /var/folders/mr/c2l2bgkj0rz42ptj3879t6740000gn/T/kernel-3a5e54.o:(.debug_rnglists)
       0        0        0     1                 $d
       c        c        0     1                 .L0 
      18       18       1b     1         /var/folders/mr/c2l2bgkj0rz42ptj3879t6740000gn/T/common-3da9e1.o:(.debug_rnglists)
      18       18        0     1                 $d
      24       24        0     1                 .L0 
       0        0      1a8     1 .debug_str_offsets
       0        0      114     1         /var/folders/mr/c2l2bgkj0rz42ptj3879t6740000gn/T/kernel-3a5e54.o:(.debug_str_offsets)
       0        0        0     1                 $d
       8        8        0     1                 .L0 
     114      114       94     1         /var/folders/mr/c2l2bgkj0rz42ptj3879t6740000gn/T/common-3da9e1.o:(.debug_str_offsets)
     114      114        0     1                 $d
     11c      11c        0     1                 .L0 
       0        0      226     1 .debug_str
       0        0      226     1         <internal>:(.debug_str)
       0        0       a4     1 .debug_addr
       0        0       44     1         /var/folders/mr/c2l2bgkj0rz42ptj3879t6740000gn/T/kernel-3a5e54.o:(.debug_addr)
       0        0        0     1                 $d
       8        8        0     1                 .L0 
      44       44       60     1         /var/folders/mr/c2l2bgkj0rz42ptj3879t6740000gn/T/common-3da9e1.o:(.debug_addr)
      44       44        0     1                 $d
      4c       4c        0     1                 .L0 
       0        0       3b     1 .comment
       0        0       3b     1         <internal>:(.comment)
       0        0       34     1 .riscv.attributes
       0        0       34     1         <internal>:(.riscv.attributes)
       0        0      108     4 .debug_frame
       0        0       84     4         /var/folders/mr/c2l2bgkj0rz42ptj3879t6740000gn/T/kernel-3a5e54.o:(.debug_frame)
       0        0        0     1                 .L0 
       0        0        0     1                 $d
      84       84       84     4         /var/folders/mr/c2l2bgkj0rz42ptj3879t6740000gn/T/common-3da9e1.o:(.debug_frame)
      84       84        0     1                 .L0 
      84       84        0     1                 $d
       0        0      4eb     1 .debug_line
       0        0      114     1         /var/folders/mr/c2l2bgkj0rz42ptj3879t6740000gn/T/kernel-3a5e54.o:(.debug_line)
       0        0        0     1                 .Lline_table_start0
       0        0        0     1                 $d
     114      114      3d7     1         /var/folders/mr/c2l2bgkj0rz42ptj3879t6740000gn/T/common-3da9e1.o:(.debug_line)
     114      114        0     1                 .Lline_table_start0
     114      114        0     1                 $d
       0        0       51     1 .debug_line_str
       0        0       51     1         <internal>:(.debug_line_str)
       0        0      2e0     4 .symtab
       0        0      2e0     4         <internal>:(.symtab)
       0        0       d6     1 .shstrtab
       0        0       d6     1         <internal>:(.shstrtab)
       0        0       e4     1 .strtab
       0        0       e4     1         <internal>:(.strtab)
