     VMA      LMA     Size Align Out     In      Symbol
       0        0 80200000     1 . = 0x80200000
80200000 80200000      418     4 .text
80200000 80200000        e     2         /var/folders/mr/c2l2bgkj0rz42ptj3879t6740000gn/T/kernel-ee9116.o:(.text.boot)
80200000 80200000        0     1                 .L0 
80200000 80200000        0     1                 .L0 
80200000 80200000        0     1                 $x
80200000 80200000        0     1                 .L0 
80200000 80200000        e     1                 boot
8020000e 8020000e        0     1                 .L0 
8020000e 8020000e        0     1                 .L0 
80200010 80200010      1e8     4         /var/folders/mr/c2l2bgkj0rz42ptj3879t6740000gn/T/kernel-ee9116.o:(.text)
80200010 80200010        0     1                 .L0 
80200010 80200010        0     1                 .L0 
80200010 80200010        0     1                 $x
80200010 80200010        0     1                 .L0 
80200010 80200010        6     1                 sbi_call
80200014 80200014        0     1                 .L0 
80200016 80200016        0     1                 .L0 
80200016 80200016        0     1                 .L0 
80200016 80200016        0     1                 .L0 
80200016 80200016       4e     1                 alloc_pages
8020001c 8020001c        0     1                 .L0 
80200024 80200024        0     1                 .L0 
80200024 80200024        0     1                 .L0 
80200028 80200028        0     1                 .L0 
8020002c 8020002c        0     1                 .L0 
8020002c 8020002c        0     1                 .L0 
80200034 80200034        0     1                 .L0 
80200038 80200038        0     1                 .L0 
8020003c 8020003c        0     1                 .L0 
80200052 80200052        0     1                 .L0 
80200052 80200052        0     1                 .L0 
80200054 80200054        0     1                 .L0 
80200054 80200054        0     1                 .L0 
8020005a 8020005a        0     1                 .L0 
8020005a 8020005a        0     1                 .L0 
80200060 80200060        0     1                 .L0 
80200060 80200060        0     1                 .L0 
80200064 80200064        0     1                 .L0 
80200064 80200064        0     1                 .L0 
80200064 80200064        0     1                 .L0 
80200064 80200064        0     1                 .L0 
80200064 80200064        0     1                 .L0 
80200064 80200064       14     1                 putchar
80200076 80200076        0     1                 .L0 
80200076 80200076        0     1                 .L0 
80200078 80200078        0     1                 .L0 
80200078 80200078        0     1                 .L0 
80200078 80200078        0     1                 .L0 
80200078 80200078       90     1                 kernel_entry
80200108 80200108        0     1                 .L0 
80200108 80200108        0     1                 .L0 
80200108 80200108        0     1                 .L0 
80200108 80200108        0     1                 .L0 
80200108 80200108        0     1                 .L0 
80200108 80200108       28     1                 handle_trap
8020010c 8020010c        0     1                 .L0 
8020010c 8020010c        0     1                 .L0 
80200110 80200110        0     1                 .L0 
80200110 80200110        0     1                 .L0 
80200114 80200114        0     1                 .L0 
80200114 80200114        0     1                 .L0 
80200118 80200118        0     1                 .L0 
80200118 80200118        0     1                 .L0 
8020011c 8020011c        0     1                 .L0 
8020012e 8020012e        0     1                 .L0 
8020012e 8020012e        0     1                 .L0 
80200130 80200130        0     1                 .L0 
80200130 80200130        0     1                 .L0 
80200130 80200130        0     1                 .L0 
80200130 80200130        0     1                 .L0 
80200130 80200130        0     1                 .L0 
80200130 80200130       c8     1                 kernel_main
8020013c 8020013c        0     1                 .L0 
80200152 80200152        0     1                 .L0 
80200152 80200152        0     1                 .L0 
8020015c 8020015c        0     1                 .L0 
8020015c 8020015c        0     1                 .L0 
80200164 80200164        0     1                 .L0 
80200164 80200164        0     1                 .L0 
80200166 80200166        0     1                 .L0 
80200168 80200168        0     1                 .L0 
80200170 80200170        0     1                 .L0 
80200174 80200174        0     1                 .L0 
80200178 80200178        0     1                 .L0 
8020018e 8020018e        0     1                 .L0 
8020018e 8020018e        0     1                 .L0 
80200190 80200190        0     1                 .L0 
80200190 80200190        0     1                 .L0 
80200198 80200198        0     1                 .L0 
80200198 80200198        0     1                 .L0 
8020019c 8020019c        0     1                 .L0 
8020019c 8020019c        0     1                 .L0 
8020019e 8020019e        0     1                 .L0 
802001a4 802001a4        0     1                 .L0 
802001a8 802001a8        0     1                 .L0 
802001a8 802001a8        0     1                 .L0 
802001be 802001be        0     1                 .L0 
802001be 802001be        0     1                 .L0 
802001c0 802001c0        0     1                 .L0 
802001c0 802001c0        0     1                 .L0 
802001c8 802001c8        0     1                 .L0 
802001c8 802001c8        0     1                 .L0 
802001d4 802001d4        0     1                 .L0 
802001d4 802001d4        0     1                 .L0 
802001e0 802001e0        0     1                 .L0 
802001e0 802001e0        0     1                 .L0 
802001f6 802001f6        0     1                 .L0 
802001f6 802001f6        0     1                 .L0 
802001f8 802001f8        0     1                 .L0 
802001f8 802001f8        0     1                 .L0 
802001f8 802001f8      220     2         /var/folders/mr/c2l2bgkj0rz42ptj3879t6740000gn/T/common-a93c3e.o:(.text)
802001f8 802001f8        0     1                 .L0 
802001f8 802001f8        0     1                 .L0 
802001f8 802001f8        0     1                 $x
802001f8 802001f8        0     1                 .L0 
802001f8 802001f8      1a6     1                 printf
80200226 80200226        0     1                 .L0 
8020024e 8020024e        0     1                 .L0 
8020024e 8020024e        0     1                 .L0 
80200252 80200252        0     1                 .L0 
80200252 80200252        0     1                 .L0 
80200254 80200254        0     1                 .L0 
80200254 80200254        0     1                 .L0 
80200258 80200258        0     1                 .L0 
80200260 80200260        0     1                 .L0 
80200260 80200260        0     1                 .L0 
80200262 80200262        0     1                 .L0 
80200262 80200262        0     1                 .L0 
80200264 80200264        0     1                 .L0 
80200266 80200266        0     1                 .L0 
80200266 80200266        0     1                 .L0 
8020026a 8020026a        0     1                 .L0 
8020026c 8020026c        0     1                 .L0 
8020027c 8020027c        0     1                 .L0 
8020027c 8020027c        0     1                 .L0 
80200288 80200288        0     1                 .L0 
80200288 80200288        0     1                 .L0 
8020028c 8020028c        0     1                 .L0 
8020028c 8020028c        0     1                 .L0 
8020028e 8020028e        0     1                 .L0 
80200294 80200294        0     1                 .L0 
80200294 80200294        0     1                 .L0 
80200294 80200294        0     1                 .L0 
8020029c 8020029c        0     1                 .L0 
8020029c 8020029c        0     1                 .L0 
802002a6 802002a6        0     1                 .L0 
802002a6 802002a6        0     1                 .L0 
802002aa 802002aa        0     1                 .L0 
802002aa 802002aa        0     1                 .L0 
802002ac 802002ac        0     1                 .L0 
802002b0 802002b0        0     1                 .L0 
802002b2 802002b2        0     1                 .L0 
802002b2 802002b2        0     1                 .L0 
802002b8 802002b8        0     1                 .L0 
802002b8 802002b8        0     1                 .L0 
802002ba 802002ba        0     1                 .L0 
802002be 802002be        0     1                 .L0 
802002c0 802002c0        0     1                 .L0 
802002c0 802002c0        0     1                 .L0 
802002c6 802002c6        0     1                 .L0 
802002c6 802002c6        0     1                 .L0 
802002c8 802002c8        0     1                 .L0 
802002cc 802002cc        0     1                 .L0 
802002ce 802002ce        0     1                 .L0 
802002ce 802002ce        0     1                 .L0 
802002d4 802002d4        0     1                 .L0 
802002d4 802002d4        0     1                 .L0 
802002d6 802002d6        0     1                 .L0 
802002da 802002da        0     1                 .L0 
802002dc 802002dc        0     1                 .L0 
802002dc 802002dc        0     1                 .L0 
802002e2 802002e2        0     1                 .L0 
802002e2 802002e2        0     1                 .L0 
802002e4 802002e4        0     1                 .L0 
802002e8 802002e8        0     1                 .L0 
802002ea 802002ea        0     1                 .L0 
802002ea 802002ea        0     1                 .L0 
802002f0 802002f0        0     1                 .L0 
802002f0 802002f0        0     1                 .L0 
802002f2 802002f2        0     1                 .L0 
802002f6 802002f6        0     1                 .L0 
802002f8 802002f8        0     1                 .L0 
802002f8 802002f8        0     1                 .L0 
802002fe 802002fe        0     1                 .L0 
802002fe 802002fe        0     1                 .L0 
80200300 80200300        0     1                 .L0 
80200304 80200304        0     1                 .L0 
80200306 80200306        0     1                 .L0 
80200306 80200306        0     1                 .L0 
80200308 80200308        0     1                 .L0 
80200308 80200308        0     1                 .L0 
8020030a 8020030a        0     1                 .L0 
8020030e 8020030e        0     1                 .L0 
8020030e 8020030e        0     1                 .L0 
80200310 80200310        0     1                 .L0 
80200310 80200310        0     1                 .L0 
80200312 80200312        0     1                 .L0 
80200314 80200314        0     1                 .L0 
80200314 80200314        0     1                 .L0 
80200314 80200314        0     1                 .L0 
8020031e 8020031e        0     1                 .L0 
8020031e 8020031e        0     1                 .L0 
80200322 80200322        0     1                 .L0 
80200328 80200328        0     1                 .L0 
80200328 80200328        0     1                 .L0 
80200328 80200328        0     1                 .L0 
8020032e 8020032e        0     1                 .L0 
8020032e 8020032e        0     1                 .L0 
80200332 80200332        0     1                 .L0 
80200334 80200334        0     1                 .L0 
80200338 80200338        0     1                 .L0 
80200338 80200338        0     1                 .L0 
80200338 80200338        0     1                 .L0 
8020033e 8020033e        0     1                 .L0 
8020033e 8020033e        0     1                 .L0 
80200342 80200342        0     1                 .L0 
80200342 80200342        0     1                 .L0 
80200344 80200344        0     1                 .L0 
80200348 80200348        0     1                 .L0 
80200348 80200348        0     1                 .L0 
8020034a 8020034a        0     1                 .L0 
8020034a 8020034a        0     1                 .L0 
8020034a 8020034a        0     1                 .L0 
8020034e 8020034e        0     1                 .L0 
80200352 80200352        0     1                 .L0 
80200356 80200356        0     1                 .L0 
80200356 80200356        0     1                 .L0 
80200356 80200356        0     1                 .L0 
80200358 80200358        0     1                 .L0 
80200358 80200358        0     1                 .L0 
8020035c 8020035c        0     1                 .L0 
80200360 80200360        0     1                 .L0 
80200366 80200366        0     1                 .L0 
80200366 80200366        0     1                 .L0 
8020036e 8020036e        0     1                 .L0 
80200374 80200374        0     1                 .L0 
80200374 80200374        0     1                 .L0 
8020037a 8020037a        0     1                 .L0 
8020037a 8020037a        0     1                 .L0 
8020037a 8020037a        0     1                 .L0 
80200380 80200380        0     1                 .L0 
80200380 80200380        0     1                 .L0 
80200380 80200380        0     1                 .L0 
80200384 80200384        0     1                 .L0 
8020039a 8020039a        0     1                 .L0 
8020039e 8020039e        0     1                 .L0 
8020039e 8020039e        0     1                 .L0 
8020039e 8020039e        0     1                 .L0 
8020039e 8020039e        0     1                 .L0 
8020039e 8020039e        0     1                 .L0 
8020039e 8020039e       1c     1                 memcpy
802003a2 802003a2        0     1                 .L0 
802003a2 802003a2        0     1                 .L0 
802003a4 802003a4        0     1                 .L0 
802003a4 802003a4        0     1                 .L0 
802003a4 802003a4        0     1                 .L0 
802003a8 802003a8        0     1                 .L0 
802003aa 802003aa        0     1                 .L0 
802003ae 802003ae        0     1                 .L0 
802003ae 802003ae        0     1                 .L0 
802003b2 802003b2        0     1                 .L0 
802003b4 802003b4        0     1                 .L0 
802003b4 802003b4        0     1                 .L0 
802003b8 802003b8        0     1                 .L0 
802003b8 802003b8        0     1                 .L0 
802003b8 802003b8        0     1                 .L0 
802003ba 802003ba        0     1                 .L0 
802003ba 802003ba        0     1                 .L0 
802003ba 802003ba        0     1                 .L0 
802003ba 802003ba        0     1                 .L0 
802003ba 802003ba        0     1                 .L0 
802003ba 802003ba       16     1                 memset
802003be 802003be        0     1                 .L0 
802003be 802003be        0     1                 .L0 
802003c0 802003c0        0     1                 .L0 
802003c0 802003c0        0     1                 .L0 
802003c0 802003c0        0     1                 .L0 
802003c4 802003c4        0     1                 .L0 
802003c4 802003c4        0     1                 .L0 
802003c8 802003c8        0     1                 .L0 
802003ca 802003ca        0     1                 .L0 
802003ca 802003ca        0     1                 .L0 
802003ce 802003ce        0     1                 .L0 
802003ce 802003ce        0     1                 .L0 
802003ce 802003ce        0     1                 .L0 
802003d0 802003d0        0     1                 .L0 
802003d0 802003d0        0     1                 .L0 
802003d0 802003d0        0     1                 .L0 
802003d0 802003d0        0     1                 .L0 
802003d0 802003d0        0     1                 .L0 
802003d0 802003d0       24     1                 strcpy
802003d6 802003d6        0     1                 .L0 
802003da 802003da        0     1                 .L0 
802003da 802003da        0     1                 .L0 
802003dc 802003dc        0     1                 .L0 
802003dc 802003dc        0     1                 .L0 
802003dc 802003dc        0     1                 .L0 
802003e0 802003e0        0     1                 .L0 
802003e4 802003e4        0     1                 .L0 
802003e8 802003e8        0     1                 .L0 
802003e8 802003e8        0     1                 .L0 
802003ea 802003ea        0     1                 .L0 
802003ea 802003ea        0     1                 .L0 
802003ec 802003ec        0     1                 .L0 
802003ee 802003ee        0     1                 .L0 
802003ee 802003ee        0     1                 .L0 
802003ee 802003ee        0     1                 .L0 
802003f2 802003f2        0     1                 .L0 
802003f4 802003f4        0     1                 .L0 
802003f4 802003f4        0     1                 .L0 
802003f4 802003f4        0     1                 .L0 
802003f4 802003f4        0     1                 .L0 
802003f4 802003f4        0     1                 .L0 
802003f4 802003f4       24     1                 strcmp
802003f8 802003f8        0     1                 .L0 
802003fa 802003fa        0     1                 .L0 
802003fc 802003fc        0     1                 .L0 
802003fc 802003fc        0     1                 .L0 
802003fc 802003fc        0     1                 .L0 
80200400 80200400        0     1                 .L0 
80200404 80200404        0     1                 .L0 
80200404 80200404        0     1                 .L0 
80200408 80200408        0     1                 .L0 
8020040a 8020040a        0     1                 .L0 
8020040c 8020040c        0     1                 .L0 
8020040e 8020040e        0     1                 .L0 
8020040e 8020040e        0     1                 .L0 
80200412 80200412        0     1                 .L0 
80200416 80200416        0     1                 .L0 
80200418 80200418        0     1                 .L0 
80200418 80200418        0     1                 .L0 
80200418 80200418       d7     4 .rodata
80200418 80200418       d7     1         <internal>:(.rodata.str1.1)
802004f0 802004f0        4     4 .sdata
802004f0 802004f0        4     4         /var/folders/mr/c2l2bgkj0rz42ptj3879t6740000gn/T/kernel-ee9116.o:(.sdata)
802004f0 802004f0        4     1                 alloc_pages.next_paddr
802004f0 802004f0        0     1                 $d
802004f4 802004f4        0     4 .bss
802004f4 802004f4        0     1         __bss = .
802004f4 802004f4        0     1         __bss_end = .
802004f4 802004f4        0     1 . = ALIGN ( 4 )
802004f4 802004f4    20000     1 . += 128 * 1024
802204f4 802204f4        0     1 __stack_top = .
802204f4 802204f4      b0c     1 . = ALIGN ( 4096 )
80221000 80221000        0     1 __free_ram = .
80221000 80221000  4000000     1 . += 64 * 1024 * 1024
84221000 84221000        0     1 __free_ram_end = .
       0        0      28b     1 .debug_loclists
       0        0       c2     1         /var/folders/mr/c2l2bgkj0rz42ptj3879t6740000gn/T/kernel-ee9116.o:(.debug_loclists)
       0        0        0     1                 $d
       c        c        0     1                 .L0 
      c2       c2      1c9     1         /var/folders/mr/c2l2bgkj0rz42ptj3879t6740000gn/T/common-a93c3e.o:(.debug_loclists)
      c2       c2        0     1                 $d
      ce       ce        0     1                 .L0 
       0        0      2e3     1 .debug_abbrev
       0        0      1b6     1         /var/folders/mr/c2l2bgkj0rz42ptj3879t6740000gn/T/kernel-ee9116.o:(.debug_abbrev)
       0        0        0     1                 $d
     1b6      1b6      12d     1         /var/folders/mr/c2l2bgkj0rz42ptj3879t6740000gn/T/common-a93c3e.o:(.debug_abbrev)
     1b6      1b6        0     1                 $d
       0        0      756     1 .debug_info
       0        0      521     1         /var/folders/mr/c2l2bgkj0rz42ptj3879t6740000gn/T/kernel-ee9116.o:(.debug_info)
       0        0        0     1                 $d
     521      521      235     1         /var/folders/mr/c2l2bgkj0rz42ptj3879t6740000gn/T/common-a93c3e.o:(.debug_info)
     521      521        0     1                 $d
       0        0       33     1 .debug_rnglists
       0        0       18     1         /var/folders/mr/c2l2bgkj0rz42ptj3879t6740000gn/T/kernel-ee9116.o:(.debug_rnglists)
       0        0        0     1                 $d
       c        c        0     1                 .L0 
      18       18       1b     1         /var/folders/mr/c2l2bgkj0rz42ptj3879t6740000gn/T/common-a93c3e.o:(.debug_rnglists)
      18       18        0     1                 $d
      24       24        0     1                 .L0 
       0        0      1c4     1 .debug_str_offsets
       0        0      130     1         /var/folders/mr/c2l2bgkj0rz42ptj3879t6740000gn/T/kernel-ee9116.o:(.debug_str_offsets)
       0        0        0     1                 $d
       8        8        0     1                 .L0 
     130      130       94     1         /var/folders/mr/c2l2bgkj0rz42ptj3879t6740000gn/T/common-a93c3e.o:(.debug_str_offsets)
     130      130        0     1                 $d
     138      138        0     1                 .L0 
       0        0      259     1 .debug_str
       0        0      259     1         <internal>:(.debug_str)
       0        0       e0     1 .debug_addr
       0        0       80     1         /var/folders/mr/c2l2bgkj0rz42ptj3879t6740000gn/T/kernel-ee9116.o:(.debug_addr)
       0        0        0     1                 $d
       8        8        0     1                 .L0 
      80       80       60     1         /var/folders/mr/c2l2bgkj0rz42ptj3879t6740000gn/T/common-a93c3e.o:(.debug_addr)
      80       80        0     1                 $d
      88       88        0     1                 .L0 
       0        0       3b     1 .comment
       0        0       3b     1         <internal>:(.comment)
       0        0       34     1 .riscv.attributes
       0        0       34     1         <internal>:(.riscv.attributes)
       0        0      128     4 .debug_frame
       0        0       a4     4         /var/folders/mr/c2l2bgkj0rz42ptj3879t6740000gn/T/kernel-ee9116.o:(.debug_frame)
       0        0        0     1                 .L0 
       0        0        0     1                 $d
      a4       a4       84     4         /var/folders/mr/c2l2bgkj0rz42ptj3879t6740000gn/T/common-a93c3e.o:(.debug_frame)
      a4       a4        0     1                 .L0 
      a4       a4        0     1                 $d
       0        0      5aa     1 .debug_line
       0        0      1d3     1         /var/folders/mr/c2l2bgkj0rz42ptj3879t6740000gn/T/kernel-ee9116.o:(.debug_line)
       0        0        0     1                 .Lline_table_start0
       0        0        0     1                 $d
     1d3      1d3      3d7     1         /var/folders/mr/c2l2bgkj0rz42ptj3879t6740000gn/T/common-a93c3e.o:(.debug_line)
     1d3      1d3        0     1                 .Lline_table_start0
     1d3      1d3        0     1                 $d
       0        0       51     1 .debug_line_str
       0        0       51     1         <internal>:(.debug_line_str)
       0        0      330     4 .symtab
       0        0      330     4         <internal>:(.symtab)
       0        0       dd     1 .shstrtab
       0        0       dd     1         <internal>:(.shstrtab)
       0        0      124     1 .strtab
       0        0      124     1         <internal>:(.strtab)
