     VMA      LMA     Size Align Out     In      Symbol
       0        0 80200000     1 . = 0x80200000
80200000        0        0     1 __kernel_base = .
80200000 80200000     148a     4 .text
80200000 80200000        e     2         /var/folders/mr/c2l2bgkj0rz42ptj3879t6740000gn/T/kernel-c380fc.o:(.text.boot)
80200000 80200000        0     1                 .L0 
80200000 80200000        0     1                 .L0 
80200000 80200000        0     1                 $x
80200000 80200000        0     1                 .L0 
80200000 80200000        e     1                 boot
8020000e 8020000e        0     1                 .L0 
8020000e 8020000e        0     1                 .L0 
80200010 80200010     125a     4         /var/folders/mr/c2l2bgkj0rz42ptj3879t6740000gn/T/kernel-c380fc.o:(.text)
80200010 80200010        0     1                 .L0 
80200010 80200010        0     1                 .L0 
80200010 80200010        0     1                 $x
80200010 80200010        0     1                 .L0 
80200010 80200010        6     1                 sbi_call
80200014 80200014        0     1                 .L0 
80200016 80200016        0     1                 .L0 
80200016 80200016        0     1                 .L0 
80200016 80200016        0     1                 .L0 
80200016 80200016        a     1                 virtio_reg_read32
8020001c 8020001c        0     1                 .L0 
8020001e 8020001e        0     1                 .L0 
80200020 80200020        0     1                 .L0 
80200020 80200020        0     1                 .L0 
80200020 80200020        0     1                 .L0 
80200020 80200020        c     1                 virtio_reg_read64
80200024 80200024        0     1                 .L0 
80200026 80200026        0     1                 .L0 
8020002a 8020002a        0     1                 .L0 
8020002c 8020002c        0     1                 .L0 
8020002c 8020002c        0     1                 .L0 
8020002c 8020002c        0     1                 .L0 
8020002c 8020002c        a     1                 virtio_reg_write32
80200032 80200032        0     1                 .L0 
80200034 80200034        0     1                 .L0 
80200036 80200036        0     1                 .L0 
80200036 80200036        0     1                 .L0 
80200036 80200036        0     1                 .L0 
80200036 80200036        e     1                 virtio_reg_fetch_and_or32
8020003c 8020003c        0     1                 .L0 
8020003e 8020003e        0     1                 .L0 
80200040 80200040        0     1                 .L0 
80200040 80200040        0     1                 .L0 
80200042 80200042        0     1                 .L0 
80200044 80200044        0     1                 .L0 
80200044 80200044        0     1                 .L0 
80200044 80200044        0     1                 .L0 
80200044 80200044       36     1                 virtq_kick
8020004e 8020004e        0     1                 .L0 
80200050 80200050        0     1                 .L0 
80200054 80200054        0     1                 .L0 
80200056 80200056        0     1                 .L0 
80200058 80200058        0     1                 .L0 
8020005c 8020005c        0     1                 .L0 
80200062 80200062        0     1                 .L0 
80200066 80200066        0     1                 .L0 
80200068 80200068        0     1                 .L0 
8020006c 8020006c        0     1                 .L0 
8020006c 8020006c        0     1                 .L0 
8020006e 8020006e        0     1                 .L0 
80200078 80200078        0     1                 .L0 
8020007a 8020007a        0     1                 .L0 
8020007a 8020007a        0     1                 .L0 
8020007a 8020007a        0     1                 .L0 
8020007a 8020007a       1a     1                 virtq_is_busy
80200080 80200080        0     1                 .L0 
80200082 80200082        0     1                 .L0 
80200084 80200084        0     1                 .L0 
80200088 80200088        0     1                 .L0 
8020008c 8020008c        0     1                 .L0 
80200092 80200092        0     1                 .L0 
80200094 80200094        0     1                 .L0 
80200094 80200094        0     1                 .L0 
80200094 80200094        0     1                 .L0 
80200094 80200094       26     1                 oct2int
80200096 80200096        0     1                 .L0 
80200096 80200096        0     1                 .L0 
8020009a 8020009a        0     1                 .L0 
8020009c 8020009c        0     1                 .L0 
8020009c 8020009c        0     1                 .L0 
8020009c 8020009c        0     1                 .L0 
802000a0 802000a0        0     1                 .L0 
802000a8 802000a8        0     1                 .L0 
802000aa 802000aa        0     1                 .L0 
802000aa 802000aa        0     1                 .L0 
802000ac 802000ac        0     1                 .L0 
802000b0 802000b0        0     1                 .L0 
802000b0 802000b0        0     1                 .L0 
802000b4 802000b4        0     1                 .L0 
802000b6 802000b6        0     1                 .L0 
802000b6 802000b6        0     1                 .L0 
802000b6 802000b6        0     1                 .L0 
802000ba 802000ba        0     1                 .L0 
802000ba 802000ba        0     1                 .L0 
802000ba 802000ba        0     1                 .L0 
802000ba 802000ba        0     1                 .L0 
802000ba 802000ba        0     1                 .L0 
802000ba 802000ba      162     1                 read_write_disk
802000c4 802000c4        0     1                 .L0 
802000cc 802000cc        0     1                 .L0 
802000ce 802000ce        0     1                 .L0 
802000d2 802000d2        0     1                 .L0 
802000d4 802000d4        0     1                 .L0 
802000d6 802000d6        0     1                 .L0 
802000d6 802000d6        0     1                 .L0 
802000de 802000de        0     1                 .L0 
8020010c 8020010c        0     1                 .L0 
80200110 80200110        0     1                 .L0 
80200110 80200110        0     1                 .L0 
80200120 80200120        0     1                 .L0 
80200122 80200122        0     1                 .L0 
80200124 80200124        0     1                 .L0 
8020012e 8020012e        0     1                 .L0 
8020012e 8020012e        0     1                 .L0 
80200132 80200132        0     1                 .L0 
80200132 80200132        0     1                 .L0 
80200132 80200132        0     1                 .L0 
80200136 80200136        0     1                 .L0 
8020013c 8020013c        0     1                 .L0 
8020013c 8020013c        0     1                 .L0 
8020013e 8020013e        0     1                 .L0 
8020013e 8020013e        0     1                 .L0 
80200140 80200140        0     1                 .L0 
80200140 80200140        0     1                 .L0 
80200148 80200148        0     1                 .L0 
80200148 80200148        0     1                 .L0 
8020014a 8020014a        0     1                 .L0 
80200158 80200158        0     1                 .L0 
80200160 80200160        0     1                 .L0 
80200166 80200166        0     1                 .L0 
80200168 80200168        0     1                 .L0 
8020016c 8020016c        0     1                 .L0 
80200176 80200176        0     1                 .L0 
80200178 80200178        0     1                 .L0 
8020017e 8020017e        0     1                 .L0 
80200182 80200182        0     1                 .L0 
80200186 80200186        0     1                 .L0 
8020018c 8020018c        0     1                 .L0 
8020018c 8020018c        0     1                 .L0 
80200192 80200192        0     1                 .L0 
80200192 80200192        0     1                 .L0 
80200194 80200194        0     1                 .L0 
80200198 80200198        0     1                 .L0 
80200198 80200198        0     1                 .L0 
8020019c 8020019c        0     1                 .L0 
8020019e 8020019e        0     1                 .L0 
8020019e 8020019e        0     1                 .L0 
802001a0 802001a0        0     1                 .L0 
802001a4 802001a4        0     1                 .L0 
802001aa 802001aa        0     1                 .L0 
802001ae 802001ae        0     1                 .L0 
802001b4 802001b4        0     1                 .L0 
802001b4 802001b4        0     1                 .L0 
802001b6 802001b6        0     1                 .L0 
802001c8 802001c8        0     1                 .L0 
802001c8 802001c8        0     1                 .L0 
802001c8 802001c8        0     1                 .L0 
802001cc 802001cc        0     1                 .L0 
802001d0 802001d0        0     1                 .L0 
802001d8 802001d8        0     1                 .L0 
802001dc 802001dc        0     1                 .L0 
802001de 802001de        0     1                 .L0 
802001e0 802001e0        0     1                 .L0 
802001e8 802001e8        0     1                 .L0 
802001e8 802001e8        0     1                 .L0 
802001e8 802001e8        0     1                 .L0 
802001f2 802001f2        0     1                 .L0 
802001f6 802001f6        0     1                 .L0 
802001f6 802001f6        0     1                 .L0 
802001f6 802001f6        0     1                 .L0 
802001f8 802001f8        0     1                 .L0 
802001fc 802001fc        0     1                 .L0 
802001fe 802001fe        0     1                 .L0 
80200200 80200200        0     1                 .L0 
80200204 80200204        0     1                 .L0 
80200204 80200204        0     1                 .L0 
80200204 80200204        0     1                 .L0 
80200208 80200208        0     1                 .L0 
80200212 80200212        0     1                 .L0 
80200212 80200212        0     1                 .L0 
80200214 80200214        0     1                 .L0 
80200216 80200216        0     1                 .L0 
80200218 80200218        0     1                 .L0 
8020021c 8020021c        0     1                 .L0 
8020021c 8020021c        0     1                 .L0 
8020021c 8020021c        0     1                 .L0 
8020021c 8020021c        0     1                 .L0 
8020021c 8020021c        0     1                 .L0 
8020021c 8020021c      2ba     1                 fs_flush
80200236 80200236        0     1                 .L0 
8020024a 8020024a        0     1                 .L0 
8020024a 8020024a        0     1                 .L0 
80200250 80200250        0     1                 .L0 
8020027a 8020027a        0     1                 .L0 
8020027a 8020027a        0     1                 .L0 
8020027a 8020027a        0     1                 .L0 
80200280 80200280        0     1                 .L0 
80200280 80200280        0     1                 .L0 
80200282 80200282        0     1                 .L0 
80200286 80200286        0     1                 .L0 
80200286 80200286        0     1                 .L0 
80200286 80200286        0     1                 .L0 
8020028c 8020028c        0     1                 .L0 
8020028c 8020028c        0     1                 .L0 
8020028e 8020028e        0     1                 .L0 
8020028e 8020028e        0     1                 .L0 
80200290 80200290        0     1                 .L0 
80200294 80200294        0     1                 .L0 
80200294 80200294        0     1                 .L0 
802002a0 802002a0        0     1                 .L0 
802002a0 802002a0        0     1                 .L0 
802002a4 802002a4        0     1                 .L0 
802002aa 802002aa        0     1                 .L0 
802002aa 802002aa        0     1                 .L0 
802002ae 802002ae        0     1                 .L0 
802002b4 802002b4        0     1                 .L0 
802002b4 802002b4        0     1                 .L0 
802002b8 802002b8        0     1                 .L0 
802002be 802002be        0     1                 .L0 
802002be 802002be        0     1                 .L0 
802002c2 802002c2        0     1                 .L0 
802002c8 802002c8        0     1                 .L0 
802002c8 802002c8        0     1                 .L0 
802002cc 802002cc        0     1                 .L0 
802002cc 802002cc        0     1                 .L0 
802002d0 802002d0        0     1                 .L0 
802002d0 802002d0        0     1                 .L0 
802002de 802002de        0     1                 .L0 
802002de 802002de        0     1                 .L0 
802002e6 802002e6        0     1                 .L0 
802002ea 802002ea        0     1                 .L0 
802002ee 802002ee        0     1                 .L0 
802002ee 802002ee        0     1                 .L0 
802002fa 802002fa        0     1                 .L0 
802002fa 802002fa        0     1                 .L0 
802002fe 802002fe        0     1                 .L0 
80200302 80200302        0     1                 .L0 
8020030a 8020030a        0     1                 .L0 
8020030a 8020030a        0     1                 .L0 
80200316 80200316        0     1                 .L0 
80200316 80200316        0     1                 .L0 
8020031a 8020031a        0     1                 .L0 
8020031e 8020031e        0     1                 .L0 
80200326 80200326        0     1                 .L0 
80200326 80200326        0     1                 .L0 
80200332 80200332        0     1                 .L0 
80200332 80200332        0     1                 .L0 
80200336 80200336        0     1                 .L0 
8020033a 8020033a        0     1                 .L0 
80200342 80200342        0     1                 .L0 
80200342 80200342        0     1                 .L0 
8020034e 8020034e        0     1                 .L0 
8020034e 8020034e        0     1                 .L0 
80200352 80200352        0     1                 .L0 
80200356 80200356        0     1                 .L0 
8020035e 8020035e        0     1                 .L0 
8020035e 8020035e        0     1                 .L0 
8020036a 8020036a        0     1                 .L0 
8020036a 8020036a        0     1                 .L0 
8020036e 8020036e        0     1                 .L0 
80200372 80200372        0     1                 .L0 
8020037a 8020037a        0     1                 .L0 
8020037a 8020037a        0     1                 .L0 
80200388 80200388        0     1                 .L0 
80200388 80200388        0     1                 .L0 
8020038c 8020038c        0     1                 .L0 
80200390 80200390        0     1                 .L0 
80200398 80200398        0     1                 .L0 
80200398 80200398        0     1                 .L0 
802003a6 802003a6        0     1                 .L0 
802003a6 802003a6        0     1                 .L0 
802003aa 802003aa        0     1                 .L0 
802003ae 802003ae        0     1                 .L0 
802003b8 802003b8        0     1                 .L0 
802003b8 802003b8        0     1                 .L0 
802003c6 802003c6        0     1                 .L0 
802003c6 802003c6        0     1                 .L0 
802003ca 802003ca        0     1                 .L0 
802003ce 802003ce        0     1                 .L0 
802003d6 802003d6        0     1                 .L0 
802003d6 802003d6        0     1                 .L0 
802003e4 802003e4        0     1                 .L0 
802003e4 802003e4        0     1                 .L0 
802003e8 802003e8        0     1                 .L0 
802003ec 802003ec        0     1                 .L0 
802003f2 802003f2        0     1                 .L0 
802003f2 802003f2        0     1                 .L0 
802003f6 802003f6        0     1                 .L0 
802003f6 802003f6        0     1                 .L0 
802003fa 802003fa        0     1                 .L0 
802003fe 802003fe        0     1                 .L0 
802003fe 802003fe        0     1                 .L0 
80200408 80200408        0     1                 .L0 
80200408 80200408        0     1                 .L0 
80200408 80200408        0     1                 .L0 
8020040c 8020040c        0     1                 .L0 
8020040e 8020040e        0     1                 .L0 
80200410 80200410        0     1                 .L0 
80200414 80200414        0     1                 .L0 
80200414 80200414        0     1                 .L0 
8020041c 8020041c        0     1                 .L0 
80200420 80200420        0     1                 .L0 
80200420 80200420        0     1                 .L0 
8020042a 8020042a        0     1                 .L0 
8020042e 8020042e        0     1                 .L0 
8020042e 8020042e        0     1                 .L0 
80200438 80200438        0     1                 .L0 
8020043c 8020043c        0     1                 .L0 
8020043c 8020043c        0     1                 .L0 
80200446 80200446        0     1                 .L0 
8020044a 8020044a        0     1                 .L0 
8020044a 8020044a        0     1                 .L0 
80200454 80200454        0     1                 .L0 
80200458 80200458        0     1                 .L0 
80200458 80200458        0     1                 .L0 
80200460 80200460        0     1                 .L0 
80200464 80200464        0     1                 .L0 
80200464 80200464        0     1                 .L0 
80200468 80200468        0     1                 .L0 
8020046c 8020046c        0     1                 .L0 
8020046c 8020046c        0     1                 .L0 
80200478 80200478        0     1                 .L0 
8020047a 8020047a        0     1                 .L0 
8020047c 8020047c        0     1                 .L0 
8020047c 8020047c        0     1                 .L0 
8020047c 8020047c        0     1                 .L0 
80200482 80200482        0     1                 .L0 
8020048c 8020048c        0     1                 .L0 
80200496 80200496        0     1                 .L0 
802004a0 802004a0        0     1                 .L0 
802004ac 802004ac        0     1                 .L0 
802004ac 802004ac        0     1                 .L0 
802004cc 802004cc        0     1                 .L0 
802004cc 802004cc        0     1                 .L0 
802004d0 802004d0        0     1                 .L0 
802004d2 802004d2        0     1                 .L0 
802004d6 802004d6        0     1                 .L0 
802004d6 802004d6        0     1                 .L0 
802004d6 802004d6        0     1                 .L0 
802004d6 802004d6        0     1                 .L0 
802004d6 802004d6        0     1                 .L0 
802004d6 802004d6      20c     1                 fs_init
802004f2 802004f2        0     1                 .L0 
802004f2 802004f2        0     1                 .L0 
80200502 80200502        0     1                 .L0 
8020050e 8020050e        0     1                 .L0 
80200518 80200518        0     1                 .L0 
80200522 80200522        0     1                 .L0 
8020052e 8020052e        0     1                 .L0 
8020052e 8020052e        0     1                 .L0 
8020054e 8020054e        0     1                 .L0 
8020054e 8020054e        0     1                 .L0 
80200550 80200550        0     1                 .L0 
80200550 80200550        0     1                 .L0 
80200550 80200550        0     1                 .L0 
8020055c 8020055c        0     1                 .L0 
8020055c 8020055c        0     1                 .L0 
8020055e 8020055e        0     1                 .L0 
8020055e 8020055e        0     1                 .L0 
80200562 80200562        0     1                 .L0 
80200566 80200566        0     1                 .L0 
8020056e 8020056e        0     1                 .L0 
8020056e 8020056e        0     1                 .L0 
80200572 80200572        0     1                 .L0 
80200576 80200576        0     1                 .L0 
8020057c 8020057c        0     1                 .L0 
8020057c 8020057c        0     1                 .L0 
80200580 80200580        0     1                 .L0 
8020058a 8020058a        0     1                 .L0 
8020058a 8020058a        0     1                 .L0 
8020058e 8020058e        0     1                 .L0 
80200592 80200592        0     1                 .L0 
80200592 80200592        0     1                 .L0 
80200596 80200596        0     1                 .L0 
80200596 80200596        0     1                 .L0 
80200598 80200598        0     1                 .L0 
80200598 80200598        0     1                 .L0 
8020059a 8020059a        0     1                 .L0 
8020059a 8020059a        0     1                 .L0 
8020059e 8020059e        0     1                 .L0 
8020059e 8020059e        0     1                 .L0 
8020059e 8020059e        0     1                 .L0 
802005a2 802005a2        0     1                 .L0 
802005a2 802005a2        0     1                 .L0 
802005a6 802005a6        0     1                 .L0 
802005aa 802005aa        0     1                 .L0 
802005ae 802005ae        0     1                 .L0 
802005b6 802005b6        0     1                 .L0 
802005b6 802005b6        0     1                 .L0 
802005ba 802005ba        0     1                 .L0 
802005ba 802005ba        0     1                 .L0 
802005be 802005be        0     1                 .L0 
802005c6 802005c6        0     1                 .L0 
802005ca 802005ca        0     1                 .L0 
802005ce 802005ce        0     1                 .L0 
802005d2 802005d2        0     1                 .L0 
802005d2 802005d2        0     1                 .L0 
802005d6 802005d6        0     1                 .L0 
802005da 802005da        0     1                 .L0 
802005dc 802005dc        0     1                 .L0 
802005dc 802005dc        0     1                 .L0 
802005de 802005de        0     1                 .L0 
802005e2 802005e2        0     1                 .L0 
802005e6 802005e6        0     1                 .L0 
802005e6 802005e6        0     1                 .L0 
802005ea 802005ea        0     1                 .L0 
802005ee 802005ee        0     1                 .L0 
802005f0 802005f0        0     1                 .L0 
802005f0 802005f0        0     1                 .L0 
802005f2 802005f2        0     1                 .L0 
802005f6 802005f6        0     1                 .L0 
802005fa 802005fa        0     1                 .L0 
802005fa 802005fa        0     1                 .L0 
802005fe 802005fe        0     1                 .L0 
80200602 80200602        0     1                 .L0 
80200604 80200604        0     1                 .L0 
80200604 80200604        0     1                 .L0 
80200606 80200606        0     1                 .L0 
8020060a 8020060a        0     1                 .L0 
8020060e 8020060e        0     1                 .L0 
8020060e 8020060e        0     1                 .L0 
80200612 80200612        0     1                 .L0 
80200616 80200616        0     1                 .L0 
80200618 80200618        0     1                 .L0 
80200618 80200618        0     1                 .L0 
8020061a 8020061a        0     1                 .L0 
8020061e 8020061e        0     1                 .L0 
80200622 80200622        0     1                 .L0 
80200622 80200622        0     1                 .L0 
80200626 80200626        0     1                 .L0 
8020062a 8020062a        0     1                 .L0 
8020062c 8020062c        0     1                 .L0 
8020062c 8020062c        0     1                 .L0 
8020062e 8020062e        0     1                 .L0 
80200632 80200632        0     1                 .L0 
80200636 80200636        0     1                 .L0 
80200636 80200636        0     1                 .L0 
8020063a 8020063a        0     1                 .L0 
8020063e 8020063e        0     1                 .L0 
80200640 80200640        0     1                 .L0 
80200640 80200640        0     1                 .L0 
80200642 80200642        0     1                 .L0 
80200646 80200646        0     1                 .L0 
8020064a 8020064a        0     1                 .L0 
8020064a 8020064a        0     1                 .L0 
8020064e 8020064e        0     1                 .L0 
80200652 80200652        0     1                 .L0 
80200654 80200654        0     1                 .L0 
80200654 80200654        0     1                 .L0 
80200656 80200656        0     1                 .L0 
8020065a 8020065a        0     1                 .L0 
8020065e 8020065e        0     1                 .L0 
8020065e 8020065e        0     1                 .L0 
80200662 80200662        0     1                 .L0 
80200666 80200666        0     1                 .L0 
80200668 80200668        0     1                 .L0 
80200668 80200668        0     1                 .L0 
8020066a 8020066a        0     1                 .L0 
8020066e 8020066e        0     1                 .L0 
80200672 80200672        0     1                 .L0 
80200672 80200672        0     1                 .L0 
80200676 80200676        0     1                 .L0 
8020067a 8020067a        0     1                 .L0 
8020067c 8020067c        0     1                 .L0 
8020067c 8020067c        0     1                 .L0 
8020067e 8020067e        0     1                 .L0 
80200682 80200682        0     1                 .L0 
80200686 80200686        0     1                 .L0 
80200686 80200686        0     1                 .L0 
8020068a 8020068a        0     1                 .L0 
8020068e 8020068e        0     1                 .L0 
80200690 80200690        0     1                 .L0 
80200690 80200690        0     1                 .L0 
80200692 80200692        0     1                 .L0 
80200696 80200696        0     1                 .L0 
8020069a 8020069a        0     1                 .L0 
8020069a 8020069a        0     1                 .L0 
8020069e 8020069e        0     1                 .L0 
802006a0 802006a0        0     1                 .L0 
802006a0 802006a0        0     1                 .L0 
802006a2 802006a2        0     1                 .L0 
802006a6 802006a6        0     1                 .L0 
802006a6 802006a6        0     1                 .L0 
802006a8 802006a8        0     1                 .L0 
802006a8 802006a8        0     1                 .L0 
802006ba 802006ba        0     1                 .L0 
802006c2 802006c2        0     1                 .L0 
802006c6 802006c6        0     1                 .L0 
802006c6 802006c6        0     1                 .L0 
802006c6 802006c6        0     1                 .L0 
802006e0 802006e0        0     1                 .L0 
802006e0 802006e0        0     1                 .L0 
802006e2 802006e2        0     1                 .L0 
802006e2 802006e2        0     1                 .L0 
802006e2 802006e2        0     1                 .L0 
802006e2 802006e2        0     1                 .L0 
802006e2 802006e2        0     1                 .L0 
802006e2 802006e2        0     1                 .L0 
802006e2 802006e2       52     1                 alloc_pages
802006e8 802006e8        0     1                 .L0 
802006f0 802006f0        0     1                 .L0 
802006f0 802006f0        0     1                 .L0 
802006f4 802006f4        0     1                 .L0 
802006f8 802006f8        0     1                 .L0 
802006f8 802006f8        0     1                 .L0 
80200700 80200700        0     1                 .L0 
80200704 80200704        0     1                 .L0 
80200708 80200708        0     1                 .L0 
80200720 80200720        0     1                 .L0 
80200720 80200720        0     1                 .L0 
80200722 80200722        0     1                 .L0 
80200722 80200722        0     1                 .L0 
8020072a 8020072a        0     1                 .L0 
8020072a 8020072a        0     1                 .L0 
80200730 80200730        0     1                 .L0 
80200730 80200730        0     1                 .L0 
80200734 80200734        0     1                 .L0 
80200734 80200734        0     1                 .L0 
80200734 80200734        0     1                 .L0 
80200734 80200734        0     1                 .L0 
80200734 80200734        0     1                 .L0 
80200734 80200734       78     1                 virtq_init
8020073c 8020073c        0     1                 .L0 
8020073c 8020073c        0     1                 .L0 
80200744 80200744        0     1                 .L0 
80200744 80200744        0     1                 .L0 
80200746 80200746        0     1                 .L0 
80200748 80200748        0     1                 .L0 
8020074a 8020074a        0     1                 .L0 
80200752 80200752        0     1                 .L0 
80200756 80200756        0     1                 .L0 
8020075a 8020075a        0     1                 .L0 
80200772 80200772        0     1                 .L0 
80200772 80200772        0     1                 .L0 
80200774 80200774        0     1                 .L0 
80200774 80200774        0     1                 .L0 
8020077e 8020077e        0     1                 .L0 
8020077e 8020077e        0     1                 .L0 
80200780 80200780        0     1                 .L0 
80200784 80200784        0     1                 .L0 
8020078a 8020078a        0     1                 .L0 
8020078c 8020078c        0     1                 .L0 
80200794 80200794        0     1                 .L0 
80200794 80200794        0     1                 .L0 
80200798 80200798        0     1                 .L0 
80200798 80200798        0     1                 .L0 
8020079a 8020079a        0     1                 .L0 
8020079a 8020079a        0     1                 .L0 
8020079e 8020079e        0     1                 .L0 
8020079e 8020079e        0     1                 .L0 
802007a0 802007a0        0     1                 .L0 
802007a6 802007a6        0     1                 .L0 
802007a6 802007a6        0     1                 .L0 
802007a8 802007a8        0     1                 .L0 
802007a8 802007a8        0     1                 .L0 
802007ac 802007ac        0     1                 .L0 
802007ac 802007ac        0     1                 .L0 
802007ac 802007ac        0     1                 .L0 
802007ac 802007ac        0     1                 .L0 
802007ac 802007ac        0     1                 .L0 
802007ac 802007ac      178     1                 virtio_blk_init
802007be 802007be        0     1                 .L0 
802007be 802007be        0     1                 .L0 
802007c8 802007c8        0     1                 .L0 
802007cc 802007cc        0     1                 .L0 
802007cc 802007cc        0     1                 .L0 
802007d0 802007d0        0     1                 .L0 
802007d4 802007d4        0     1                 .L0 
802007d4 802007d4        0     1                 .L0 
802007d8 802007d8        0     1                 .L0 
802007dc 802007dc        0     1                 .L0 
802007dc 802007dc        0     1                 .L0 
802007e0 802007e0        0     1                 .L0 
802007e0 802007e0        0     1                 .L0 
802007e2 802007e2        0     1                 .L0 
802007e6 802007e6        0     1                 .L0 
802007e6 802007e6        0     1                 .L0 
802007e8 802007e8        0     1                 .L0 
802007e8 802007e8        0     1                 .L0 
802007ea 802007ea        0     1                 .L0 
802007ee 802007ee        0     1                 .L0 
802007ee 802007ee        0     1                 .L0 
802007f0 802007f0        0     1                 .L0 
802007f0 802007f0        0     1                 .L0 
802007f2 802007f2        0     1                 .L0 
802007f6 802007f6        0     1                 .L0 
802007f6 802007f6        0     1                 .L0 
802007f8 802007f8        0     1                 .L0 
802007f8 802007f8        0     1                 .L0 
80200800 80200800        0     1                 .L0 
80200800 80200800        0     1                 .L0 
80200802 80200802        0     1                 .L0 
80200804 80200804        0     1                 .L0 
8020080c 8020080c        0     1                 .L0 
80200810 80200810        0     1                 .L0 
80200814 80200814        0     1                 .L0 
8020082c 8020082c        0     1                 .L0 
8020082c 8020082c        0     1                 .L0 
8020082e 8020082e        0     1                 .L0 
8020082e 8020082e        0     1                 .L0 
8020082e 8020082e        0     1                 .L0 
80200846 80200846        0     1                 .L0 
80200846 80200846        0     1                 .L0 
80200848 80200848        0     1                 .L0 
80200848 80200848        0     1                 .L0 
80200860 80200860        0     1                 .L0 
80200860 80200860        0     1                 .L0 
80200862 80200862        0     1                 .L0 
80200862 80200862        0     1                 .L0 
8020087a 8020087a        0     1                 .L0 
8020087a 8020087a        0     1                 .L0 
8020087c 8020087c        0     1                 .L0 
8020087c 8020087c        0     1                 .L0 
8020087c 8020087c        0     1                 .L0 
80200886 80200886        0     1                 .L0 
80200886 80200886        0     1                 .L0 
80200888 80200888        0     1                 .L0 
8020088c 8020088c        0     1                 .L0 
80200894 80200894        0     1                 .L0 
80200896 80200896        0     1                 .L0 
8020089a 8020089a        0     1                 .L0 
8020089a 8020089a        0     1                 .L0 
802008a0 802008a0        0     1                 .L0 
802008a0 802008a0        0     1                 .L0 
802008a2 802008a2        0     1                 .L0 
802008a2 802008a2        0     1                 .L0 
802008a6 802008a6        0     1                 .L0 
802008a6 802008a6        0     1                 .L0 
802008a8 802008a8        0     1                 .L0 
802008a8 802008a8        0     1                 .L0 
802008b2 802008b2        0     1                 .L0 
802008b2 802008b2        0     1                 .L0 
802008b4 802008b4        0     1                 .L0 
802008b4 802008b4        0     1                 .L0 
802008bc 802008bc        0     1                 .L0 
802008be 802008be        0     1                 .L0 
802008c6 802008c6        0     1                 .L0 
802008d2 802008d2        0     1                 .L0 
802008d2 802008d2        0     1                 .L0 
802008d6 802008d6        0     1                 .L0 
802008d6 802008d6        0     1                 .L0 
802008dc 802008dc        0     1                 .L0 
802008e0 802008e0        0     1                 .L0 
802008e0 802008e0        0     1                 .L0 
802008f8 802008f8        0     1                 .L0 
802008f8 802008f8        0     1                 .L0 
802008fa 802008fa        0     1                 .L0 
802008fa 802008fa        0     1                 .L0 
80200904 80200904        0     1                 .L0 
80200904 80200904        0     1                 .L0 
8020090c 8020090c        0     1                 .L0 
80200918 80200918        0     1                 .L0 
80200918 80200918        0     1                 .L0 
80200920 80200920        0     1                 .L0 
80200924 80200924        0     1                 .L0 
80200924 80200924        0     1                 .L0 
80200924 80200924        0     1                 .L0 
80200924 80200924        0     1                 .L0 
80200924 80200924        0     1                 .L0 
80200924 80200924       18     1                 user_entry
80200930 80200930        0     1                 .L0 
8020093c 8020093c        0     1                 .L0 
8020093c 8020093c        0     1                 .L0 
8020093c 8020093c        0     1                 .L0 
8020093c 8020093c       e0     1                 map_page
8020094c 8020094c        0     1                 .L0 
8020094c 8020094c        0     1                 .L0 
80200950 80200950        0     1                 .L0 
80200954 80200954        0     1                 .L0 
80200964 80200964        0     1                 .L0 
80200966 80200966        0     1                 .L0 
8020096a 8020096a        0     1                 .L0 
8020096a 8020096a        0     1                 .L0 
8020096c 8020096c        0     1                 .L0 
8020096c 8020096c        0     1                 .L0 
8020096c 8020096c        0     1                 .L0 
80200970 80200970        0     1                 .L0 
80200972 80200972        0     1                 .L0 
80200974 80200974        0     1                 .L0 
80200978 80200978        0     1                 .L0 
80200986 80200986        0     1                 .L0 
8020098a 8020098a        0     1                 .L0 
8020098e 8020098e        0     1                 .L0 
8020098e 8020098e        0     1                 .L0 
80200990 80200990        0     1                 .L0 
80200990 80200990        0     1                 .L0 
80200990 80200990        0     1                 .L0 
8020099c 8020099c        0     1                 .L0 
8020099c 8020099c        0     1                 .L0 
802009a0 802009a0        0     1                 .L0 
802009a2 802009a2        0     1                 .L0 
802009a2 802009a2        0     1                 .L0 
802009aa 802009aa        0     1                 .L0 
802009aa 802009aa        0     1                 .L0 
802009ac 802009ac        0     1                 .L0 
802009ae 802009ae        0     1                 .L0 
802009b6 802009b6        0     1                 .L0 
802009ba 802009ba        0     1                 .L0 
802009be 802009be        0     1                 .L0 
802009d2 802009d2        0     1                 .L0 
802009d6 802009d6        0     1                 .L0 
802009d6 802009d6        0     1                 .L0 
802009d8 802009d8        0     1                 .L0 
802009d8 802009d8        0     1                 .L0 
802009d8 802009d8        0     1                 .L0 
802009da 802009da        0     1                 .L0 
802009da 802009da        0     1                 .L0 
802009e2 802009e2        0     1                 .L0 
802009e6 802009e6        0     1                 .L0 
802009e6 802009e6        0     1                 .L0 
802009ea 802009ea        0     1                 .L0 
802009ea 802009ea        0     1                 .L0 
802009f0 802009f0        0     1                 .L0 
802009f2 802009f2        0     1                 .L0 
802009f4 802009f4        0     1                 .L0 
802009f4 802009f4        0     1                 .L0 
802009f4 802009f4        0     1                 .L0 
802009f8 802009f8        0     1                 .L0 
802009f8 802009f8        0     1                 .L0 
802009fa 802009fa        0     1                 .L0 
80200a00 80200a00        0     1                 .L0 
80200a02 80200a02        0     1                 .L0 
80200a02 80200a02        0     1                 .L0 
80200a06 80200a06        0     1                 .L0 
80200a0a 80200a0a        0     1                 .L0 
80200a0a 80200a0a        0     1                 .L0 
80200a18 80200a18        0     1                 .L0 
80200a1c 80200a1c        0     1                 .L0 
80200a1c 80200a1c        0     1                 .L0 
80200a1c 80200a1c        0     1                 .L0 
80200a1c 80200a1c        0     1                 .L0 
80200a1c 80200a1c        0     1                 .L0 
80200a1c 80200a1c       96     1                 kernel_entry
80200ab2 80200ab2        0     1                 .L0 
80200ab2 80200ab2        0     1                 .L0 
80200ab2 80200ab2        0     1                 .L0 
80200ab2 80200ab2        0     1                 .L0 
80200ab2 80200ab2        0     1                 .L0 
80200ab2 80200ab2       46     1                 switch_context
80200af8 80200af8        0     1                 .L0 
80200af8 80200af8        0     1                 .L0 
80200af8 80200af8        0     1                 .L0 
80200af8 80200af8      270     1                 create_process
80200b14 80200b14        0     1                 .L0 
80200b22 80200b22        0     1                 .L0 
80200b22 80200b22        0     1                 .L0 
80200b24 80200b24        0     1                 .L0 
80200b24 80200b24        0     1                 .L0 
80200b26 80200b26        0     1                 .L0 
80200b26 80200b26        0     1                 .L0 
80200b2e 80200b2e        0     1                 .L0 
80200b30 80200b30        0     1                 .L0 
80200b30 80200b30        0     1                 .L0 
80200b38 80200b38        0     1                 .L0 
80200b3a 80200b3a        0     1                 .L0 
80200b3a 80200b3a        0     1                 .L0 
80200b42 80200b42        0     1                 .L0 
80200b44 80200b44        0     1                 .L0 
80200b44 80200b44        0     1                 .L0 
80200b4c 80200b4c        0     1                 .L0 
80200b4e 80200b4e        0     1                 .L0 
80200b4e 80200b4e        0     1                 .L0 
80200b56 80200b56        0     1                 .L0 
80200b58 80200b58        0     1                 .L0 
80200b58 80200b58        0     1                 .L0 
80200b60 80200b60        0     1                 .L0 
80200b62 80200b62        0     1                 .L0 
80200b62 80200b62        0     1                 .L0 
80200b6a 80200b6a        0     1                 .L0 
80200b6c 80200b6c        0     1                 .L0 
80200b6c 80200b6c        0     1                 .L0 
80200b82 80200b82        0     1                 .L0 
80200b82 80200b82        0     1                 .L0 
80200b84 80200b84        0     1                 .L0 
80200b84 80200b84        0     1                 .L0 
80200b84 80200b84        0     1                 .L0 
80200b88 80200b88        0     1                 .L0 
80200b88 80200b88        0     1                 .L0 
80200b8e 80200b8e        0     1                 .L0 
80200b90 80200b90        0     1                 .L0 
80200b90 80200b90        0     1                 .L0 
80200b90 80200b90        0     1                 .L0 
80200b98 80200b98        0     1                 .L0 
80200b9a 80200b9a        0     1                 .L0 
80200b9a 80200b9a        0     1                 .L0 
80200b9a 80200b9a        0     1                 .L0 
80200ba2 80200ba2        0     1                 .L0 
80200ba4 80200ba4        0     1                 .L0 
80200ba4 80200ba4        0     1                 .L0 
80200ba4 80200ba4        0     1                 .L0 
80200bac 80200bac        0     1                 .L0 
80200bae 80200bae        0     1                 .L0 
80200bae 80200bae        0     1                 .L0 
80200bae 80200bae        0     1                 .L0 
80200bb6 80200bb6        0     1                 .L0 
80200bb8 80200bb8        0     1                 .L0 
80200bb8 80200bb8        0     1                 .L0 
80200bb8 80200bb8        0     1                 .L0 
80200bc0 80200bc0        0     1                 .L0 
80200bc2 80200bc2        0     1                 .L0 
80200bc2 80200bc2        0     1                 .L0 
80200bc2 80200bc2        0     1                 .L0 
80200bca 80200bca        0     1                 .L0 
80200bca 80200bca        0     1                 .L0 
80200bd0 80200bd0        0     1                 .L0 
80200bd2 80200bd2        0     1                 .L0 
80200bd2 80200bd2        0     1                 .L0 
80200bd6 80200bd6        0     1                 .L0 
80200bd6 80200bd6        0     1                 .L0 
80200bda 80200bda        0     1                 .L0 
80200bda 80200bda        0     1                 .L0 
80200bde 80200bde        0     1                 .L0 
80200bde 80200bde        0     1                 .L0 
80200be2 80200be2        0     1                 .L0 
80200be2 80200be2        0     1                 .L0 
80200be6 80200be6        0     1                 .L0 
80200be6 80200be6        0     1                 .L0 
80200bea 80200bea        0     1                 .L0 
80200bea 80200bea        0     1                 .L0 
80200bee 80200bee        0     1                 .L0 
80200bee 80200bee        0     1                 .L0 
80200bf2 80200bf2        0     1                 .L0 
80200bf2 80200bf2        0     1                 .L0 
80200bf6 80200bf6        0     1                 .L0 
80200bf6 80200bf6        0     1                 .L0 
80200bfa 80200bfa        0     1                 .L0 
80200bfa 80200bfa        0     1                 .L0 
80200bfe 80200bfe        0     1                 .L0 
80200bfe 80200bfe        0     1                 .L0 
80200c06 80200c06        0     1                 .L0 
80200c06 80200c06        0     1                 .L0 
80200c14 80200c14        0     1                 .L0 
80200c14 80200c14        0     1                 .L0 
80200c1a 80200c1a        0     1                 .L0 
80200c22 80200c22        0     1                 .L0 
80200c22 80200c22        0     1                 .L0 
80200c26 80200c26        0     1                 .L0 
80200c26 80200c26        0     1                 .L0 
80200c2a 80200c2a        0     1                 .L0 
80200c2a 80200c2a        0     1                 .L0 
80200c40 80200c40        0     1                 .L0 
80200c40 80200c40        0     1                 .L0 
80200c42 80200c42        0     1                 .L0 
80200c42 80200c42        0     1                 .L0 
80200c44 80200c44        0     1                 .L0 
80200c4e 80200c4e        0     1                 .L0 
80200c4e 80200c4e        0     1                 .L0 
80200c56 80200c56        0     1                 .L0 
80200c56 80200c56        0     1                 .L0 
80200c5a 80200c5a        0     1                 .L0 
80200c5a 80200c5a        0     1                 .L0 
80200c5a 80200c5a        0     1                 .L0 
80200c64 80200c64        0     1                 .L0 
80200c64 80200c64        0     1                 .L0 
80200c66 80200c66        0     1                 .L0 
80200c6a 80200c6a        0     1                 .L0 
80200c6a 80200c6a        0     1                 .L0 
80200c6a 80200c6a        0     1                 .L0 
80200c6e 80200c6e        0     1                 .L0 
80200c72 80200c72        0     1                 .L0 
80200c74 80200c74        0     1                 .L0 
80200c74 80200c74        0     1                 .L0 
80200c7c 80200c7c        0     1                 .L0 
80200c7c 80200c7c        0     1                 .L0 
80200c7e 80200c7e        0     1                 .L0 
80200c84 80200c84        0     1                 .L0 
80200c88 80200c88        0     1                 .L0 
80200c9e 80200c9e        0     1                 .L0 
80200c9e 80200c9e        0     1                 .L0 
80200ca0 80200ca0        0     1                 .L0 
80200ca0 80200ca0        0     1                 .L0 
80200ca8 80200ca8        0     1                 .L0 
80200ca8 80200ca8        0     1                 .L0 
80200caa 80200caa        0     1                 .L0 
80200cae 80200cae        0     1                 .L0 
80200cb0 80200cb0        0     1                 .L0 
80200cb4 80200cb4        0     1                 .L0 
80200cb4 80200cb4        0     1                 .L0 
80200cb4 80200cb4        0     1                 .L0 
80200cb8 80200cb8        0     1                 .L0 
80200cb8 80200cb8        0     1                 .L0 
80200cc0 80200cc0        0     1                 .L0 
80200cc2 80200cc2        0     1                 .L0 
80200cc2 80200cc2        0     1                 .L0 
80200cc6 80200cc6        0     1                 .L0 
80200cc6 80200cc6        0     1                 .L0 
80200cd8 80200cd8        0     1                 .L0 
80200cd8 80200cd8        0     1                 .L0 
80200cda 80200cda        0     1                 .L0 
80200cda 80200cda        0     1                 .L0 
80200cdc 80200cdc        0     1                 .L0 
80200ce0 80200ce0        0     1                 .L0 
80200ce0 80200ce0        0     1                 .L0 
80200ce4 80200ce4        0     1                 .L0 
80200cec 80200cec        0     1                 .L0 
80200cec 80200cec        0     1                 .L0 
80200cee 80200cee        0     1                 .L0 
80200cee 80200cee        0     1                 .L0 
80200cf6 80200cf6        0     1                 .L0 
80200cfa 80200cfa        0     1                 .L0 
80200cfa 80200cfa        0     1                 .L0 
80200cfa 80200cfa        0     1                 .L0 
80200cfe 80200cfe        0     1                 .L0 
80200cfe 80200cfe        0     1                 .L0 
80200d06 80200d06        0     1                 .L0 
80200d0a 80200d0a        0     1                 .L0 
80200d12 80200d12        0     1                 .L0 
80200d12 80200d12        0     1                 .L0 
80200d14 80200d14        0     1                 .L0 
80200d14 80200d14        0     1                 .L0 
80200d18 80200d18        0     1                 .L0 
80200d18 80200d18        0     1                 .L0 
80200d1c 80200d1c        0     1                 .L0 
80200d1e 80200d1e        0     1                 .L0 
80200d24 80200d24        0     1                 .L0 
80200d28 80200d28        0     1                 .L0 
80200d2c 80200d2c        0     1                 .L0 
80200d30 80200d30        0     1                 .L0 
80200d3e 80200d3e        0     1                 .L0 
80200d3e 80200d3e        0     1                 .L0 
80200d40 80200d40        0     1                 .L0 
80200d42 80200d42        0     1                 .L0 
80200d46 80200d46        0     1                 .L0 
80200d4c 80200d4c        0     1                 .L0 
80200d50 80200d50        0     1                 .L0 
80200d50 80200d50        0     1                 .L0 
80200d50 80200d50        0     1                 .L0 
80200d66 80200d66        0     1                 .L0 
80200d66 80200d66        0     1                 .L0 
80200d68 80200d68        0     1                 .L0 
80200d68 80200d68        0     1                 .L0 
80200d68 80200d68        0     1                 .L0 
80200d68 80200d68        0     1                 .L0 
80200d68 80200d68        0     1                 .L0 
80200d68 80200d68        0     1                 .L0 
80200d68 80200d68       14     1                 putchar
80200d7a 80200d7a        0     1                 .L0 
80200d7a 80200d7a        0     1                 .L0 
80200d7c 80200d7c        0     1                 .L0 
80200d7c 80200d7c        0     1                 .L0 
80200d7c 80200d7c        0     1                 .L0 
80200d7c 80200d7c       44     1                 fs_lookup
80200d86 80200d86        0     1                 .L0 
80200d86 80200d86        0     1                 .L0 
80200d8e 80200d8e        0     1                 .L0 
80200d96 80200d96        0     1                 .L0 
80200d96 80200d96        0     1                 .L0 
80200d98 80200d98        0     1                 .L0 
80200d98 80200d98        0     1                 .L0 
80200d9c 80200d9c        0     1                 .L0 
80200da8 80200da8        0     1                 .L0 
80200dac 80200dac        0     1                 .L0 
80200dac 80200dac        0     1                 .L0 
80200db2 80200db2        0     1                 .L0 
80200db4 80200db4        0     1                 .L0 
80200db4 80200db4        0     1                 .L0 
80200db4 80200db4        0     1                 .L0 
80200dba 80200dba        0     1                 .L0 
80200dba 80200dba        0     1                 .L0 
80200dbc 80200dbc        0     1                 .L0 
80200dc0 80200dc0        0     1                 .L0 
80200dc0 80200dc0        0     1                 .L0 
80200dc0 80200dc0        0     1                 .L0 
80200dc0 80200dc0        0     1                 .L0 
80200dc0 80200dc0        0     1                 .L0 
80200dc0 80200dc0       16     1                 getchar
80200dd4 80200dd4        0     1                 .L0 
80200dd4 80200dd4        0     1                 .L0 
80200dd6 80200dd6        0     1                 .L0 
80200dd6 80200dd6        0     1                 .L0 
80200dd6 80200dd6        0     1                 .L0 
80200dd6 80200dd6        0     1                 .L0 
80200dd6 80200dd6      196     1                 yield
80200de0 80200de0        0     1                 .L0 
80200de4 80200de4        0     1                 .L0 
80200de4 80200de4        0     1                 .L0 
80200df2 80200df2        0     1                 .L0 
80200e04 80200e04        0     1                 .L0 
80200e04 80200e04        0     1                 .L0 
80200e06 80200e06        0     1                 .L0 
80200e06 80200e06        0     1                 .L0 
80200e0a 80200e0a        0     1                 .L0 
80200e0a 80200e0a        0     1                 .L0 
80200e0c 80200e0c        0     1                 .L0 
80200e0c 80200e0c        0     1                 .L0 
80200e10 80200e10        0     1                 .L0 
80200e12 80200e12        0     1                 .L0 
80200e16 80200e16        0     1                 .L0 
80200e16 80200e16        0     1                 .L0 
80200e16 80200e16        0     1                 .L0 
80200e1a 80200e1a        0     1                 .L0 
80200e1e 80200e1e        0     1                 .L0 
80200e26 80200e26        0     1                 .L0 
80200e32 80200e32        0     1                 .L0 
80200e32 80200e32        0     1                 .L0 
80200e34 80200e34        0     1                 .L0 
80200e38 80200e38        0     1                 .L0 
80200e3a 80200e3a        0     1                 .L0 
80200e3e 80200e3e        0     1                 .L0 
80200e3e 80200e3e        0     1                 .L0 
80200e3e 80200e3e        0     1                 .L0 
80200e42 80200e42        0     1                 .L0 
80200e46 80200e46        0     1                 .L0 
80200e4e 80200e4e        0     1                 .L0 
80200e5a 80200e5a        0     1                 .L0 
80200e5a 80200e5a        0     1                 .L0 
80200e5e 80200e5e        0     1                 .L0 
80200e62 80200e62        0     1                 .L0 
80200e64 80200e64        0     1                 .L0 
80200e68 80200e68        0     1                 .L0 
80200e68 80200e68        0     1                 .L0 
80200e68 80200e68        0     1                 .L0 
80200e6c 80200e6c        0     1                 .L0 
80200e70 80200e70        0     1                 .L0 
80200e78 80200e78        0     1                 .L0 
80200e84 80200e84        0     1                 .L0 
80200e84 80200e84        0     1                 .L0 
80200e86 80200e86        0     1                 .L0 
80200e8a 80200e8a        0     1                 .L0 
80200e8c 80200e8c        0     1                 .L0 
80200e90 80200e90        0     1                 .L0 
80200e90 80200e90        0     1                 .L0 
80200e90 80200e90        0     1                 .L0 
80200e94 80200e94        0     1                 .L0 
80200e98 80200e98        0     1                 .L0 
80200ea0 80200ea0        0     1                 .L0 
80200eac 80200eac        0     1                 .L0 
80200eac 80200eac        0     1                 .L0 
80200eb0 80200eb0        0     1                 .L0 
80200eb4 80200eb4        0     1                 .L0 
80200eb6 80200eb6        0     1                 .L0 
80200eba 80200eba        0     1                 .L0 
80200eba 80200eba        0     1                 .L0 
80200eba 80200eba        0     1                 .L0 
80200ebe 80200ebe        0     1                 .L0 
80200ec2 80200ec2        0     1                 .L0 
80200eca 80200eca        0     1                 .L0 
80200ed6 80200ed6        0     1                 .L0 
80200ed6 80200ed6        0     1                 .L0 
80200ed8 80200ed8        0     1                 .L0 
80200edc 80200edc        0     1                 .L0 
80200ede 80200ede        0     1                 .L0 
80200ee2 80200ee2        0     1                 .L0 
80200ee2 80200ee2        0     1                 .L0 
80200ee2 80200ee2        0     1                 .L0 
80200ee6 80200ee6        0     1                 .L0 
80200eea 80200eea        0     1                 .L0 
80200ef2 80200ef2        0     1                 .L0 
80200efe 80200efe        0     1                 .L0 
80200efe 80200efe        0     1                 .L0 
80200f02 80200f02        0     1                 .L0 
80200f06 80200f06        0     1                 .L0 
80200f08 80200f08        0     1                 .L0 
80200f0c 80200f0c        0     1                 .L0 
80200f0c 80200f0c        0     1                 .L0 
80200f0c 80200f0c        0     1                 .L0 
80200f0e 80200f0e        0     1                 .L0 
80200f1a 80200f1a        0     1                 .L0 
80200f26 80200f26        0     1                 .L0 
80200f28 80200f28        0     1                 .L0 
80200f2c 80200f2c        0     1                 .L0 
80200f2e 80200f2e        0     1                 .L0 
80200f32 80200f32        0     1                 .L0 
80200f32 80200f32        0     1                 .L0 
80200f32 80200f32        0     1                 .L0 
80200f34 80200f34        0     1                 .L0 
80200f34 80200f34        0     1                 .L0 
80200f34 80200f34        0     1                 .L0 
80200f38 80200f38        0     1                 .L0 
80200f38 80200f38        0     1                 .L0 
80200f3a 80200f3a        0     1                 .L0 
80200f42 80200f42        0     1                 .L0 
80200f48 80200f48        0     1                 .L0 
80200f4e 80200f4e        0     1                 .L0 
80200f52 80200f52        0     1                 .L0 
80200f54 80200f54        0     1                 .L0 
80200f54 80200f54        0     1                 .L0 
80200f58 80200f58        0     1                 .L0 
80200f68 80200f68        0     1                 .L0 
80200f68 80200f68        0     1                 .L0 
80200f6a 80200f6a        0     1                 .L0 
80200f6a 80200f6a        0     1                 .L0 
80200f6c 80200f6c        0     1                 .L0 
80200f6c 80200f6c        0     1                 .L0 
80200f6c 80200f6c        0     1                 .L0 
80200f6c 80200f6c        0     1                 .L0 
80200f6c 80200f6c        0     1                 .L0 
80200f6c 80200f6c      218     1                 handle_syscall
80200f88 80200f88        0     1                 .L0 
80200f88 80200f88        0     1                 .L0 
80200fa8 80200fa8        0     1                 .L0 
80200fac 80200fac        0     1                 .L0 
80200fae 80200fae        0     1                 .L0 
80200fb2 80200fb2        0     1                 .L0 
80200fb4 80200fb4        0     1                 .L0 
80200fb8 80200fb8        0     1                 .L0 
80200fba 80200fba        0     1                 .L0 
80200fbe 80200fbe        0     1                 .L0 
80200fc8 80200fc8        0     1                 .L0 
80200fce 80200fce        0     1                 .L0 
80200fce 80200fce        0     1                 .L0 
80200fe2 80200fe2        0     1                 .L0 
80200fe4 80200fe4        0     1                 .L0 
80200fe6 80200fe6        0     1                 .L0 
80200fe6 80200fe6        0     1                 .L0 
80200fe6 80200fe6        0     1                 .L0 
80200ff0 80200ff0        0     1                 .L0 
80200ff0 80200ff0        0     1                 .L0 
80201006 80201006        0     1                 .L0 
80201016 80201016        0     1                 .L0 
80201026 80201026        0     1                 .L0 
8020102e 8020102e        0     1                 .L0 
8020102e 8020102e        0     1                 .L0 
80201036 80201036        0     1                 .L0 
8020103e 8020103e        0     1                 .L0 
8020103e 8020103e        0     1                 .L0 
80201040 80201040        0     1                 .L0 
80201040 80201040        0     1                 .L0 
80201044 80201044        0     1                 .L0 
80201050 80201050        0     1                 .L0 
80201050 80201050        0     1                 .L0 
80201052 80201052        0     1                 .L0 
80201052 80201052        0     1                 .L0 
8020105e 8020105e        0     1                 .L0 
8020105e 8020105e        0     1                 .L0 
80201060 80201060        0     1                 .L0 
80201060 80201060        0     1                 .L0 
80201062 80201062        0     1                 .L0 
80201062 80201062        0     1                 .L0 
80201062 80201062        0     1                 .L0 
80201066 80201066        0     1                 .L0 
80201066 80201066        0     1                 .L0 
80201078 80201078        0     1                 .L0 
80201078 80201078        0     1                 .L0 
8020107a 8020107a        0     1                 .L0 
8020107a 8020107a        0     1                 .L0 
8020107a 8020107a        0     1                 .L0 
8020108e 8020108e        0     1                 .L0 
8020108e 8020108e        0     1                 .L0 
80201092 80201092        0     1                 .L0 
80201092 80201092        0     1                 .L0 
80201092 80201092        0     1                 .L0 
80201094 80201094        0     1                 .L0 
80201094 80201094        0     1                 .L0 
802010a8 802010a8        0     1                 .L0 
802010a8 802010a8        0     1                 .L0 
802010ac 802010ac        0     1                 .L0 
802010ac 802010ac        0     1                 .L0 
802010ac 802010ac        0     1                 .L0 
802010c8 802010c8        0     1                 .L0 
802010c8 802010c8        0     1                 .L0 
802010c8 802010c8        0     1                 .L0 
802010de 802010de        0     1                 .L0 
802010de 802010de        0     1                 .L0 
802010e0 802010e0        0     1                 .L0 
802010e0 802010e0        0     1                 .L0 
802010e4 802010e4        0     1                 .L0 
802010e4 802010e4        0     1                 .L0 
802010fc 802010fc        0     1                 .L0 
802010fe 802010fe        0     1                 .L0 
80201106 80201106        0     1                 .L0 
8020110a 8020110a        0     1                 .L0 
8020110e 8020110e        0     1                 .L0 
8020110e 8020110e        0     1                 .L0 
80201110 80201110        0     1                 .L0 
80201110 80201110        0     1                 .L0 
8020112e 8020112e        0     1                 .L0 
80201132 80201132        0     1                 .L0 
80201136 80201136        0     1                 .L0 
8020113c 8020113c        0     1                 .L0 
8020113c 8020113c        0     1                 .L0 
80201140 80201140        0     1                 .L0 
80201144 80201144        0     1                 .L0 
80201144 80201144        0     1                 .L0 
80201146 80201146        0     1                 .L0 
80201146 80201146        0     1                 .L0 
80201146 80201146        0     1                 .L0 
8020114a 8020114a        0     1                 .L0 
8020114e 8020114e        0     1                 .L0 
8020114e 8020114e        0     1                 .L0 
8020114e 8020114e        0     1                 .L0 
80201168 80201168        0     1                 .L0 
80201168 80201168        0     1                 .L0 
8020116c 8020116c        0     1                 .L0 
80201180 80201180        0     1                 .L0 
80201184 80201184        0     1                 .L0 
80201184 80201184        0     1                 .L0 
80201184 80201184        0     1                 .L0 
80201184 80201184        0     1                 .L0 
80201184 80201184        0     1                 .L0 
80201184 80201184       42     1                 handle_trap
8020118a 8020118a        0     1                 .L0 
8020118a 8020118a        0     1                 .L0 
8020118e 8020118e        0     1                 .L0 
8020118e 8020118e        0     1                 .L0 
80201192 80201192        0     1                 .L0 
80201192 80201192        0     1                 .L0 
80201194 80201194        0     1                 .L0 
80201194 80201194        0     1                 .L0 
80201198 80201198        0     1                 .L0 
80201198 80201198        0     1                 .L0 
8020119c 8020119c        0     1                 .L0 
8020119c 8020119c        0     1                 .L0 
8020119e 8020119e        0     1                 .L0 
8020119e 8020119e        0     1                 .L0 
802011a0 802011a0        0     1                 .L0 
802011a0 802011a0        0     1                 .L0 
802011a8 802011a8        0     1                 .L0 
802011a8 802011a8        0     1                 .L0 
802011ac 802011ac        0     1                 .L0 
802011ac 802011ac        0     1                 .L0 
802011ac 802011ac        0     1                 .L0 
802011b0 802011b0        0     1                 .L0 
802011c4 802011c4        0     1                 .L0 
802011c4 802011c4        0     1                 .L0 
802011c6 802011c6        0     1                 .L0 
802011c6 802011c6        0     1                 .L0 
802011c6 802011c6        0     1                 .L0 
802011c6 802011c6        0     1                 .L0 
802011c6 802011c6        0     1                 .L0 
802011c6 802011c6       a4     1                 kernel_main
802011ce 802011ce        0     1                 .L0 
802011e4 802011e4        0     1                 .L0 
802011e4 802011e4        0     1                 .L0 
802011ec 802011ec        0     1                 .L0 
802011f0 802011f0        0     1                 .L0 
802011f0 802011f0        0     1                 .L0 
802011f4 802011f4        0     1                 .L0 
802011f4 802011f4        0     1                 .L0 
802011f8 802011f8        0     1                 .L0 
802011f8 802011f8        0     1                 .L0 
80201202 80201202        0     1                 .L0 
80201202 80201202        0     1                 .L0 
8020120e 8020120e        0     1                 .L0 
8020120e 8020120e        0     1                 .L0 
8020121a 8020121a        0     1                 .L0 
8020121a 8020121a        0     1                 .L0 
80201224 80201224        0     1                 .L0 
80201224 80201224        0     1                 .L0 
8020122a 8020122a        0     1                 .L0 
8020122a 8020122a        0     1                 .L0 
80201234 80201234        0     1                 .L0 
80201236 80201236        0     1                 .L0 
8020123e 8020123e        0     1                 .L0 
80201250 80201250        0     1                 .L0 
80201250 80201250        0     1                 .L0 
80201252 80201252        0     1                 .L0 
80201252 80201252        0     1                 .L0 
80201268 80201268        0     1                 .L0 
80201268 80201268        0     1                 .L0 
8020126a 8020126a        0     1                 .L0 
8020126a 8020126a        0     1                 .L0 
8020126a 8020126a      220     2         /var/folders/mr/c2l2bgkj0rz42ptj3879t6740000gn/T/common-fcb077.o:(.text)
8020126a 8020126a        0     1                 .L0 
8020126a 8020126a        0     1                 .L0 
8020126a 8020126a        0     1                 $x
8020126a 8020126a        0     1                 .L0 
8020126a 8020126a      1a6     1                 printf
80201298 80201298        0     1                 .L0 
802012c0 802012c0        0     1                 .L0 
802012c0 802012c0        0     1                 .L0 
802012c4 802012c4        0     1                 .L0 
802012c4 802012c4        0     1                 .L0 
802012c6 802012c6        0     1                 .L0 
802012c6 802012c6        0     1                 .L0 
802012ca 802012ca        0     1                 .L0 
802012d2 802012d2        0     1                 .L0 
802012d2 802012d2        0     1                 .L0 
802012d4 802012d4        0     1                 .L0 
802012d4 802012d4        0     1                 .L0 
802012d6 802012d6        0     1                 .L0 
802012d8 802012d8        0     1                 .L0 
802012d8 802012d8        0     1                 .L0 
802012dc 802012dc        0     1                 .L0 
802012de 802012de        0     1                 .L0 
802012ee 802012ee        0     1                 .L0 
802012ee 802012ee        0     1                 .L0 
802012fa 802012fa        0     1                 .L0 
802012fa 802012fa        0     1                 .L0 
802012fe 802012fe        0     1                 .L0 
802012fe 802012fe        0     1                 .L0 
80201300 80201300        0     1                 .L0 
80201306 80201306        0     1                 .L0 
80201306 80201306        0     1                 .L0 
80201306 80201306        0     1                 .L0 
8020130e 8020130e        0     1                 .L0 
8020130e 8020130e        0     1                 .L0 
80201318 80201318        0     1                 .L0 
80201318 80201318        0     1                 .L0 
8020131c 8020131c        0     1                 .L0 
8020131c 8020131c        0     1                 .L0 
8020131e 8020131e        0     1                 .L0 
80201322 80201322        0     1                 .L0 
80201324 80201324        0     1                 .L0 
80201324 80201324        0     1                 .L0 
8020132a 8020132a        0     1                 .L0 
8020132a 8020132a        0     1                 .L0 
8020132c 8020132c        0     1                 .L0 
80201330 80201330        0     1                 .L0 
80201332 80201332        0     1                 .L0 
80201332 80201332        0     1                 .L0 
80201338 80201338        0     1                 .L0 
80201338 80201338        0     1                 .L0 
8020133a 8020133a        0     1                 .L0 
8020133e 8020133e        0     1                 .L0 
80201340 80201340        0     1                 .L0 
80201340 80201340        0     1                 .L0 
80201346 80201346        0     1                 .L0 
80201346 80201346        0     1                 .L0 
80201348 80201348        0     1                 .L0 
8020134c 8020134c        0     1                 .L0 
8020134e 8020134e        0     1                 .L0 
8020134e 8020134e        0     1                 .L0 
80201354 80201354        0     1                 .L0 
80201354 80201354        0     1                 .L0 
80201356 80201356        0     1                 .L0 
8020135a 8020135a        0     1                 .L0 
8020135c 8020135c        0     1                 .L0 
8020135c 8020135c        0     1                 .L0 
80201362 80201362        0     1                 .L0 
80201362 80201362        0     1                 .L0 
80201364 80201364        0     1                 .L0 
80201368 80201368        0     1                 .L0 
8020136a 8020136a        0     1                 .L0 
8020136a 8020136a        0     1                 .L0 
80201370 80201370        0     1                 .L0 
80201370 80201370        0     1                 .L0 
80201372 80201372        0     1                 .L0 
80201376 80201376        0     1                 .L0 
80201378 80201378        0     1                 .L0 
80201378 80201378        0     1                 .L0 
8020137a 8020137a        0     1                 .L0 
8020137a 8020137a        0     1                 .L0 
8020137c 8020137c        0     1                 .L0 
80201380 80201380        0     1                 .L0 
80201380 80201380        0     1                 .L0 
80201382 80201382        0     1                 .L0 
80201382 80201382        0     1                 .L0 
80201384 80201384        0     1                 .L0 
80201386 80201386        0     1                 .L0 
80201386 80201386        0     1                 .L0 
80201386 80201386        0     1                 .L0 
80201390 80201390        0     1                 .L0 
80201390 80201390        0     1                 .L0 
80201394 80201394        0     1                 .L0 
8020139a 8020139a        0     1                 .L0 
8020139a 8020139a        0     1                 .L0 
8020139a 8020139a        0     1                 .L0 
802013a0 802013a0        0     1                 .L0 
802013a0 802013a0        0     1                 .L0 
802013a4 802013a4        0     1                 .L0 
802013a6 802013a6        0     1                 .L0 
802013aa 802013aa        0     1                 .L0 
802013aa 802013aa        0     1                 .L0 
802013aa 802013aa        0     1                 .L0 
802013b0 802013b0        0     1                 .L0 
802013b0 802013b0        0     1                 .L0 
802013b4 802013b4        0     1                 .L0 
802013b4 802013b4        0     1                 .L0 
802013b6 802013b6        0     1                 .L0 
802013ba 802013ba        0     1                 .L0 
802013ba 802013ba        0     1                 .L0 
802013bc 802013bc        0     1                 .L0 
802013bc 802013bc        0     1                 .L0 
802013bc 802013bc        0     1                 .L0 
802013c0 802013c0        0     1                 .L0 
802013c4 802013c4        0     1                 .L0 
802013c8 802013c8        0     1                 .L0 
802013c8 802013c8        0     1                 .L0 
802013c8 802013c8        0     1                 .L0 
802013ca 802013ca        0     1                 .L0 
802013ca 802013ca        0     1                 .L0 
802013ce 802013ce        0     1                 .L0 
802013d2 802013d2        0     1                 .L0 
802013d8 802013d8        0     1                 .L0 
802013d8 802013d8        0     1                 .L0 
802013e0 802013e0        0     1                 .L0 
802013e6 802013e6        0     1                 .L0 
802013e6 802013e6        0     1                 .L0 
802013ec 802013ec        0     1                 .L0 
802013ec 802013ec        0     1                 .L0 
802013ec 802013ec        0     1                 .L0 
802013f2 802013f2        0     1                 .L0 
802013f2 802013f2        0     1                 .L0 
802013f2 802013f2        0     1                 .L0 
802013f6 802013f6        0     1                 .L0 
8020140c 8020140c        0     1                 .L0 
80201410 80201410        0     1                 .L0 
80201410 80201410        0     1                 .L0 
80201410 80201410        0     1                 .L0 
80201410 80201410        0     1                 .L0 
80201410 80201410        0     1                 .L0 
80201410 80201410       1c     1                 memcpy
80201414 80201414        0     1                 .L0 
80201414 80201414        0     1                 .L0 
80201416 80201416        0     1                 .L0 
80201416 80201416        0     1                 .L0 
80201416 80201416        0     1                 .L0 
8020141a 8020141a        0     1                 .L0 
8020141c 8020141c        0     1                 .L0 
80201420 80201420        0     1                 .L0 
80201420 80201420        0     1                 .L0 
80201424 80201424        0     1                 .L0 
80201426 80201426        0     1                 .L0 
80201426 80201426        0     1                 .L0 
8020142a 8020142a        0     1                 .L0 
8020142a 8020142a        0     1                 .L0 
8020142a 8020142a        0     1                 .L0 
8020142c 8020142c        0     1                 .L0 
8020142c 8020142c        0     1                 .L0 
8020142c 8020142c        0     1                 .L0 
8020142c 8020142c        0     1                 .L0 
8020142c 8020142c        0     1                 .L0 
8020142c 8020142c       16     1                 memset
80201430 80201430        0     1                 .L0 
80201430 80201430        0     1                 .L0 
80201432 80201432        0     1                 .L0 
80201432 80201432        0     1                 .L0 
80201432 80201432        0     1                 .L0 
80201436 80201436        0     1                 .L0 
80201436 80201436        0     1                 .L0 
8020143a 8020143a        0     1                 .L0 
8020143c 8020143c        0     1                 .L0 
8020143c 8020143c        0     1                 .L0 
80201440 80201440        0     1                 .L0 
80201440 80201440        0     1                 .L0 
80201440 80201440        0     1                 .L0 
80201442 80201442        0     1                 .L0 
80201442 80201442        0     1                 .L0 
80201442 80201442        0     1                 .L0 
80201442 80201442        0     1                 .L0 
80201442 80201442        0     1                 .L0 
80201442 80201442       24     1                 strcpy
80201448 80201448        0     1                 .L0 
8020144c 8020144c        0     1                 .L0 
8020144c 8020144c        0     1                 .L0 
8020144e 8020144e        0     1                 .L0 
8020144e 8020144e        0     1                 .L0 
8020144e 8020144e        0     1                 .L0 
80201452 80201452        0     1                 .L0 
80201456 80201456        0     1                 .L0 
8020145a 8020145a        0     1                 .L0 
8020145a 8020145a        0     1                 .L0 
8020145c 8020145c        0     1                 .L0 
8020145c 8020145c        0     1                 .L0 
8020145e 8020145e        0     1                 .L0 
80201460 80201460        0     1                 .L0 
80201460 80201460        0     1                 .L0 
80201460 80201460        0     1                 .L0 
80201464 80201464        0     1                 .L0 
80201466 80201466        0     1                 .L0 
80201466 80201466        0     1                 .L0 
80201466 80201466        0     1                 .L0 
80201466 80201466        0     1                 .L0 
80201466 80201466        0     1                 .L0 
80201466 80201466       24     1                 strcmp
8020146a 8020146a        0     1                 .L0 
8020146c 8020146c        0     1                 .L0 
8020146e 8020146e        0     1                 .L0 
8020146e 8020146e        0     1                 .L0 
8020146e 8020146e        0     1                 .L0 
80201472 80201472        0     1                 .L0 
80201476 80201476        0     1                 .L0 
80201476 80201476        0     1                 .L0 
8020147a 8020147a        0     1                 .L0 
8020147c 8020147c        0     1                 .L0 
8020147e 8020147e        0     1                 .L0 
80201480 80201480        0     1                 .L0 
80201480 80201480        0     1                 .L0 
80201484 80201484        0     1                 .L0 
80201488 80201488        0     1                 .L0 
8020148a 8020148a        0     1                 .L0 
8020148a 8020148a        0     1                 .L0 
8020148c 8020148c      2d2     4 .rodata
8020148c 8020148c      2d2     1         <internal>:(.rodata.str1.1)
80201760 80201760    10440     4 .data
80201760 80201760    10440     1         shell.bin.o:(.data)
80201760 80201760        0     1                 _binary_shell_bin_start
80211ba0 80211ba0        0     1                 _binary_shell_bin_end
80211ba0 80211ba0        4     4 .sdata
80211ba0 80211ba0        4     4         /var/folders/mr/c2l2bgkj0rz42ptj3879t6740000gn/T/kernel-c380fc.o:(.sdata)
80211ba0 80211ba0        4     1                 alloc_pages.next_paddr
80211ba0 80211ba0        0     1                 $d
80211ba4 80211ba4    11370     4 .bss
80211ba4 80211ba4        0     1         __bss = .
80211ba4 80211ba4       18     4         /var/folders/mr/c2l2bgkj0rz42ptj3879t6740000gn/T/kernel-c380fc.o:(.sbss)
80211ba4 80211ba4        0     1                 $d
80211ba4 80211ba4        4     1                 blk_capacity
80211ba8 80211ba8        4     1                 blk_req
80211bac 80211bac        4     1                 blk_request_vq
80211bb0 80211bb0        4     1                 blk_req_paddr
80211bb4 80211bb4        4     1                 idle_proc
80211bb8 80211bb8        4     1                 current_proc
80211bbc 80211bbc    11358     4         /var/folders/mr/c2l2bgkj0rz42ptj3879t6740000gn/T/kernel-c380fc.o:(.bss)
80211bbc 80211bbc        0     1                 $d
80211bbc 80211bbc      a00     1                 disk
802125bc 802125bc      8d8     1                 files
80212e94 80212e94    10080     1                 procs
80222f14 80222f14        0     1         __bss_end = .
80222f14 80222f14        0     1 . = ALIGN ( 4 )
80222f14 80222f14    20000     1 . += 128 * 1024
80242f14 80242f14        0     1 __stack_top = .
80242f14 80242f14       ec     1 . = ALIGN ( 4096 )
80243000 80243000        0     1 __free_ram = .
80243000 80243000  4000000     1 . += 64 * 1024 * 1024
84243000 84243000        0     1 __free_ram_end = .
       0        0      dc5     1 .debug_loclists
       0        0      bfc     1         /var/folders/mr/c2l2bgkj0rz42ptj3879t6740000gn/T/kernel-c380fc.o:(.debug_loclists)
       0        0        0     1                 $d
       c        c        0     1                 .L0 
     bfc      bfc      1c9     1         /var/folders/mr/c2l2bgkj0rz42ptj3879t6740000gn/T/common-fcb077.o:(.debug_loclists)
     bfc      bfc        0     1                 $d
     c08      c08        0     1                 .L0 
       0        0      463     1 .debug_abbrev
       0        0      336     1         /var/folders/mr/c2l2bgkj0rz42ptj3879t6740000gn/T/kernel-c380fc.o:(.debug_abbrev)
       0        0        0     1                 $d
     336      336      12d     1         /var/folders/mr/c2l2bgkj0rz42ptj3879t6740000gn/T/common-fcb077.o:(.debug_abbrev)
     336      336        0     1                 $d
       0        0     18f0     1 .debug_info
       0        0     16bb     1         /var/folders/mr/c2l2bgkj0rz42ptj3879t6740000gn/T/kernel-c380fc.o:(.debug_info)
       0        0        0     1                 $d
    16bb     16bb      235     1         /var/folders/mr/c2l2bgkj0rz42ptj3879t6740000gn/T/common-fcb077.o:(.debug_info)
    16bb     16bb        0     1                 $d
       0        0      136     1 .debug_rnglists
       0        0      11b     1         /var/folders/mr/c2l2bgkj0rz42ptj3879t6740000gn/T/kernel-c380fc.o:(.debug_rnglists)
       0        0        0     1                 $d
       c        c        0     1                 .L0 
     11b      11b       1b     1         /var/folders/mr/c2l2bgkj0rz42ptj3879t6740000gn/T/common-fcb077.o:(.debug_rnglists)
     11b      11b        0     1                 $d
     127      127        0     1                 .L0 
       0        0      390     1 .debug_str_offsets
       0        0      2fc     1         /var/folders/mr/c2l2bgkj0rz42ptj3879t6740000gn/T/kernel-c380fc.o:(.debug_str_offsets)
       0        0        0     1                 $d
       8        8        0     1                 .L0 
     2fc      2fc       94     1         /var/folders/mr/c2l2bgkj0rz42ptj3879t6740000gn/T/common-fcb077.o:(.debug_str_offsets)
     2fc      2fc        0     1                 $d
     304      304        0     1                 .L0 
       0        0      60d     1 .debug_str
       0        0      60d     1         <internal>:(.debug_str)
       0        0      340     1 .debug_addr
       0        0      2e0     1         /var/folders/mr/c2l2bgkj0rz42ptj3879t6740000gn/T/kernel-c380fc.o:(.debug_addr)
       0        0        0     1                 $d
       8        8        0     1                 .L0 
     2e0      2e0       60     1         /var/folders/mr/c2l2bgkj0rz42ptj3879t6740000gn/T/common-fcb077.o:(.debug_addr)
     2e0      2e0        0     1                 $d
     2e8      2e8        0     1                 .L0 
       0        0       3b     1 .comment
       0        0       3b     1         <internal>:(.comment)
       0        0       34     1 .riscv.attributes
       0        0       34     1         <internal>:(.riscv.attributes)
       0        0      31c     4 .debug_frame
       0        0      298     4         /var/folders/mr/c2l2bgkj0rz42ptj3879t6740000gn/T/kernel-c380fc.o:(.debug_frame)
       0        0        0     1                 .L0 
       0        0        0     1                 $d
     298      298       84     4         /var/folders/mr/c2l2bgkj0rz42ptj3879t6740000gn/T/common-fcb077.o:(.debug_frame)
     298      298        0     1                 .L0 
     298      298        0     1                 $d
       0        0     19ea     1 .debug_line
       0        0     1613     1         /var/folders/mr/c2l2bgkj0rz42ptj3879t6740000gn/T/kernel-c380fc.o:(.debug_line)
       0        0        0     1                 .Lline_table_start0
       0        0        0     1                 $d
    1613     1613      3d7     1         /var/folders/mr/c2l2bgkj0rz42ptj3879t6740000gn/T/common-fcb077.o:(.debug_line)
    1613     1613        0     1                 .Lline_table_start0
    1613     1613        0     1                 $d
       0        0       51     1 .debug_line_str
       0        0       51     1         <internal>:(.debug_line_str)
       0        0      560     4 .symtab
       0        0      560     4         <internal>:(.symtab)
       0        0       e3     1 .shstrtab
       0        0       e3     1         <internal>:(.shstrtab)
       0        0      2de     1 .strtab
       0        0      2de     1         <internal>:(.strtab)
