     VMA      LMA     Size Align Out     In      Symbol
       0        0 80200000     1 . = 0x80200000
80200000        0        0     1 __kernel_base = .
80200000 80200000      9be     4 .text
80200000 80200000        e     2         /var/folders/mr/c2l2bgkj0rz42ptj3879t6740000gn/T/kernel-eab38f.o:(.text.boot)
80200000 80200000        0     1                 .L0 
80200000 80200000        0     1                 .L0 
80200000 80200000        0     1                 $x
80200000 80200000        0     1                 .L0 
80200000 80200000        e     1                 boot
8020000e 8020000e        0     1                 .L0 
8020000e 8020000e        0     1                 .L0 
80200010 80200010      77e     4         /var/folders/mr/c2l2bgkj0rz42ptj3879t6740000gn/T/kernel-eab38f.o:(.text)
80200010 80200010        0     1                 .L0 
80200010 80200010        0     1                 .L0 
80200010 80200010        0     1                 $x
80200010 80200010        0     1                 .L0 
80200010 80200010        6     1                 sbi_call
80200014 80200014        0     1                 .L0 
80200016 80200016        0     1                 .L0 
80200016 80200016        0     1                 .L0 
80200016 80200016        0     1                 .L0 
80200016 80200016       50     1                 alloc_pages
8020001c 8020001c        0     1                 .L0 
80200024 80200024        0     1                 .L0 
80200024 80200024        0     1                 .L0 
80200028 80200028        0     1                 .L0 
8020002c 8020002c        0     1                 .L0 
8020002c 8020002c        0     1                 .L0 
80200034 80200034        0     1                 .L0 
80200038 80200038        0     1                 .L0 
8020003c 8020003c        0     1                 .L0 
80200052 80200052        0     1                 .L0 
80200052 80200052        0     1                 .L0 
80200054 80200054        0     1                 .L0 
80200054 80200054        0     1                 .L0 
8020005c 8020005c        0     1                 .L0 
8020005c 8020005c        0     1                 .L0 
80200062 80200062        0     1                 .L0 
80200062 80200062        0     1                 .L0 
80200066 80200066        0     1                 .L0 
80200066 80200066        0     1                 .L0 
80200066 80200066        0     1                 .L0 
80200066 80200066        0     1                 .L0 
80200066 80200066        0     1                 .L0 
80200066 80200066       14     1                 user_entry
8020006e 8020006e        0     1                 .L0 
8020007a 8020007a        0     1                 .L0 
8020007a 8020007a        0     1                 .L0 
8020007a 8020007a        0     1                 .L0 
8020007a 8020007a       14     1                 putchar
8020008c 8020008c        0     1                 .L0 
8020008c 8020008c        0     1                 .L0 
8020008e 8020008e        0     1                 .L0 
8020008e 8020008e        0     1                 .L0 
8020008e 8020008e        0     1                 .L0 
8020008e 8020008e       da     1                 map_page
8020009e 8020009e        0     1                 .L0 
8020009e 8020009e        0     1                 .L0 
802000a2 802000a2        0     1                 .L0 
802000a6 802000a6        0     1                 .L0 
802000b6 802000b6        0     1                 .L0 
802000b8 802000b8        0     1                 .L0 
802000ba 802000ba        0     1                 .L0 
802000ba 802000ba        0     1                 .L0 
802000bc 802000bc        0     1                 .L0 
802000bc 802000bc        0     1                 .L0 
802000bc 802000bc        0     1                 .L0 
802000c0 802000c0        0     1                 .L0 
802000c2 802000c2        0     1                 .L0 
802000c4 802000c4        0     1                 .L0 
802000c8 802000c8        0     1                 .L0 
802000d6 802000d6        0     1                 .L0 
802000da 802000da        0     1                 .L0 
802000dc 802000dc        0     1                 .L0 
802000dc 802000dc        0     1                 .L0 
802000de 802000de        0     1                 .L0 
802000de 802000de        0     1                 .L0 
802000de 802000de        0     1                 .L0 
802000ea 802000ea        0     1                 .L0 
802000ea 802000ea        0     1                 .L0 
802000ee 802000ee        0     1                 .L0 
802000f0 802000f0        0     1                 .L0 
802000f0 802000f0        0     1                 .L0 
802000f8 802000f8        0     1                 .L0 
802000f8 802000f8        0     1                 .L0 
802000fa 802000fa        0     1                 .L0 
802000fc 802000fc        0     1                 .L0 
80200104 80200104        0     1                 .L0 
80200108 80200108        0     1                 .L0 
8020010c 8020010c        0     1                 .L0 
80200120 80200120        0     1                 .L0 
80200122 80200122        0     1                 .L0 
80200122 80200122        0     1                 .L0 
80200124 80200124        0     1                 .L0 
80200124 80200124        0     1                 .L0 
80200124 80200124        0     1                 .L0 
80200126 80200126        0     1                 .L0 
80200126 80200126        0     1                 .L0 
8020012e 8020012e        0     1                 .L0 
80200132 80200132        0     1                 .L0 
80200132 80200132        0     1                 .L0 
80200136 80200136        0     1                 .L0 
80200136 80200136        0     1                 .L0 
8020013c 8020013c        0     1                 .L0 
8020013e 8020013e        0     1                 .L0 
80200140 80200140        0     1                 .L0 
80200140 80200140        0     1                 .L0 
80200140 80200140        0     1                 .L0 
80200144 80200144        0     1                 .L0 
80200144 80200144        0     1                 .L0 
80200146 80200146        0     1                 .L0 
8020014c 8020014c        0     1                 .L0 
8020014e 8020014e        0     1                 .L0 
8020014e 8020014e        0     1                 .L0 
80200152 80200152        0     1                 .L0 
80200156 80200156        0     1                 .L0 
80200156 80200156        0     1                 .L0 
80200164 80200164        0     1                 .L0 
80200168 80200168        0     1                 .L0 
80200168 80200168        0     1                 .L0 
80200168 80200168        0     1                 .L0 
80200168 80200168        0     1                 .L0 
80200168 80200168        0     1                 .L0 
80200168 80200168       96     1                 kernel_entry
802001fe 802001fe        0     1                 .L0 
802001fe 802001fe        0     1                 .L0 
802001fe 802001fe        0     1                 .L0 
802001fe 802001fe        0     1                 .L0 
802001fe 802001fe        0     1                 .L0 
802001fe 802001fe       46     1                 switch_context
80200244 80200244        0     1                 .L0 
80200244 80200244        0     1                 .L0 
80200244 80200244        0     1                 .L0 
80200244 80200244      218     1                 create_process
80200260 80200260        0     1                 .L0 
8020026e 8020026e        0     1                 .L0 
8020026e 8020026e        0     1                 .L0 
80200270 80200270        0     1                 .L0 
80200270 80200270        0     1                 .L0 
80200272 80200272        0     1                 .L0 
80200272 80200272        0     1                 .L0 
8020027a 8020027a        0     1                 .L0 
8020027c 8020027c        0     1                 .L0 
8020027c 8020027c        0     1                 .L0 
80200284 80200284        0     1                 .L0 
80200286 80200286        0     1                 .L0 
80200286 80200286        0     1                 .L0 
8020028e 8020028e        0     1                 .L0 
80200290 80200290        0     1                 .L0 
80200290 80200290        0     1                 .L0 
80200298 80200298        0     1                 .L0 
8020029a 8020029a        0     1                 .L0 
8020029a 8020029a        0     1                 .L0 
802002a2 802002a2        0     1                 .L0 
802002a4 802002a4        0     1                 .L0 
802002a4 802002a4        0     1                 .L0 
802002ac 802002ac        0     1                 .L0 
802002ae 802002ae        0     1                 .L0 
802002ae 802002ae        0     1                 .L0 
802002b6 802002b6        0     1                 .L0 
802002b8 802002b8        0     1                 .L0 
802002b8 802002b8        0     1                 .L0 
802002ce 802002ce        0     1                 .L0 
802002ce 802002ce        0     1                 .L0 
802002d0 802002d0        0     1                 .L0 
802002d0 802002d0        0     1                 .L0 
802002d0 802002d0        0     1                 .L0 
802002d4 802002d4        0     1                 .L0 
802002d4 802002d4        0     1                 .L0 
802002da 802002da        0     1                 .L0 
802002dc 802002dc        0     1                 .L0 
802002dc 802002dc        0     1                 .L0 
802002dc 802002dc        0     1                 .L0 
802002e4 802002e4        0     1                 .L0 
802002e6 802002e6        0     1                 .L0 
802002e6 802002e6        0     1                 .L0 
802002e6 802002e6        0     1                 .L0 
802002ee 802002ee        0     1                 .L0 
802002f0 802002f0        0     1                 .L0 
802002f0 802002f0        0     1                 .L0 
802002f0 802002f0        0     1                 .L0 
802002f8 802002f8        0     1                 .L0 
802002fa 802002fa        0     1                 .L0 
802002fa 802002fa        0     1                 .L0 
802002fa 802002fa        0     1                 .L0 
80200302 80200302        0     1                 .L0 
80200304 80200304        0     1                 .L0 
80200304 80200304        0     1                 .L0 
80200304 80200304        0     1                 .L0 
8020030c 8020030c        0     1                 .L0 
8020030e 8020030e        0     1                 .L0 
8020030e 8020030e        0     1                 .L0 
8020030e 8020030e        0     1                 .L0 
80200316 80200316        0     1                 .L0 
80200316 80200316        0     1                 .L0 
8020031c 8020031c        0     1                 .L0 
8020031e 8020031e        0     1                 .L0 
8020031e 8020031e        0     1                 .L0 
80200322 80200322        0     1                 .L0 
80200322 80200322        0     1                 .L0 
80200326 80200326        0     1                 .L0 
80200326 80200326        0     1                 .L0 
8020032a 8020032a        0     1                 .L0 
8020032a 8020032a        0     1                 .L0 
8020032e 8020032e        0     1                 .L0 
8020032e 8020032e        0     1                 .L0 
80200332 80200332        0     1                 .L0 
80200332 80200332        0     1                 .L0 
80200336 80200336        0     1                 .L0 
80200336 80200336        0     1                 .L0 
8020033a 8020033a        0     1                 .L0 
8020033a 8020033a        0     1                 .L0 
8020033e 8020033e        0     1                 .L0 
8020033e 8020033e        0     1                 .L0 
80200342 80200342        0     1                 .L0 
80200342 80200342        0     1                 .L0 
80200346 80200346        0     1                 .L0 
80200346 80200346        0     1                 .L0 
8020034a 8020034a        0     1                 .L0 
8020034a 8020034a        0     1                 .L0 
80200352 80200352        0     1                 .L0 
80200352 80200352        0     1                 .L0 
80200360 80200360        0     1                 .L0 
80200360 80200360        0     1                 .L0 
80200366 80200366        0     1                 .L0 
8020036e 8020036e        0     1                 .L0 
8020036e 8020036e        0     1                 .L0 
80200372 80200372        0     1                 .L0 
80200372 80200372        0     1                 .L0 
80200376 80200376        0     1                 .L0 
80200376 80200376        0     1                 .L0 
8020038c 8020038c        0     1                 .L0 
8020038c 8020038c        0     1                 .L0 
8020038e 8020038e        0     1                 .L0 
8020038e 8020038e        0     1                 .L0 
80200390 80200390        0     1                 .L0 
8020039a 8020039a        0     1                 .L0 
8020039a 8020039a        0     1                 .L0 
802003a2 802003a2        0     1                 .L0 
802003a2 802003a2        0     1                 .L0 
802003a6 802003a6        0     1                 .L0 
802003a6 802003a6        0     1                 .L0 
802003a6 802003a6        0     1                 .L0 
802003b0 802003b0        0     1                 .L0 
802003b0 802003b0        0     1                 .L0 
802003b2 802003b2        0     1                 .L0 
802003b6 802003b6        0     1                 .L0 
802003b6 802003b6        0     1                 .L0 
802003b6 802003b6        0     1                 .L0 
802003ba 802003ba        0     1                 .L0 
802003cc 802003cc        0     1                 .L0 
802003cc 802003cc        0     1                 .L0 
802003ce 802003ce        0     1                 .L0 
802003ce 802003ce        0     1                 .L0 
802003d0 802003d0        0     1                 .L0 
802003d4 802003d4        0     1                 .L0 
802003d4 802003d4        0     1                 .L0 
802003d8 802003d8        0     1                 .L0 
802003e0 802003e0        0     1                 .L0 
802003e0 802003e0        0     1                 .L0 
802003e2 802003e2        0     1                 .L0 
802003e2 802003e2        0     1                 .L0 
802003ea 802003ea        0     1                 .L0 
802003ee 802003ee        0     1                 .L0 
802003ee 802003ee        0     1                 .L0 
802003ee 802003ee        0     1                 .L0 
802003f2 802003f2        0     1                 .L0 
802003f2 802003f2        0     1                 .L0 
802003fa 802003fa        0     1                 .L0 
802003fe 802003fe        0     1                 .L0 
80200406 80200406        0     1                 .L0 
80200406 80200406        0     1                 .L0 
80200408 80200408        0     1                 .L0 
80200408 80200408        0     1                 .L0 
8020040c 8020040c        0     1                 .L0 
8020040c 8020040c        0     1                 .L0 
80200410 80200410        0     1                 .L0 
80200412 80200412        0     1                 .L0 
80200418 80200418        0     1                 .L0 
8020041c 8020041c        0     1                 .L0 
80200420 80200420        0     1                 .L0 
80200424 80200424        0     1                 .L0 
80200430 80200430        0     1                 .L0 
80200430 80200430        0     1                 .L0 
80200434 80200434        0     1                 .L0 
80200436 80200436        0     1                 .L0 
8020043a 8020043a        0     1                 .L0 
80200440 80200440        0     1                 .L0 
80200444 80200444        0     1                 .L0 
80200444 80200444        0     1                 .L0 
80200444 80200444        0     1                 .L0 
8020045a 8020045a        0     1                 .L0 
8020045a 8020045a        0     1                 .L0 
8020045c 8020045c        0     1                 .L0 
8020045c 8020045c        0     1                 .L0 
8020045c 8020045c        0     1                 .L0 
8020045c 8020045c        0     1                 .L0 
8020045c 8020045c        0     1                 .L0 
8020045c 8020045c        0     1                 .L0 
8020045c 8020045c       16     1                 getchar
80200470 80200470        0     1                 .L0 
80200470 80200470        0     1                 .L0 
80200472 80200472        0     1                 .L0 
80200472 80200472        0     1                 .L0 
80200472 80200472        0     1                 .L0 
80200472 80200472        0     1                 .L0 
80200472 80200472      196     1                 yield
8020047c 8020047c        0     1                 .L0 
80200480 80200480        0     1                 .L0 
80200480 80200480        0     1                 .L0 
8020048e 8020048e        0     1                 .L0 
802004a0 802004a0        0     1                 .L0 
802004a0 802004a0        0     1                 .L0 
802004a2 802004a2        0     1                 .L0 
802004a2 802004a2        0     1                 .L0 
802004a6 802004a6        0     1                 .L0 
802004a6 802004a6        0     1                 .L0 
802004a8 802004a8        0     1                 .L0 
802004a8 802004a8        0     1                 .L0 
802004ac 802004ac        0     1                 .L0 
802004ae 802004ae        0     1                 .L0 
802004b2 802004b2        0     1                 .L0 
802004b2 802004b2        0     1                 .L0 
802004b2 802004b2        0     1                 .L0 
802004b6 802004b6        0     1                 .L0 
802004ba 802004ba        0     1                 .L0 
802004c2 802004c2        0     1                 .L0 
802004ce 802004ce        0     1                 .L0 
802004ce 802004ce        0     1                 .L0 
802004d0 802004d0        0     1                 .L0 
802004d4 802004d4        0     1                 .L0 
802004d6 802004d6        0     1                 .L0 
802004da 802004da        0     1                 .L0 
802004da 802004da        0     1                 .L0 
802004da 802004da        0     1                 .L0 
802004de 802004de        0     1                 .L0 
802004e2 802004e2        0     1                 .L0 
802004ea 802004ea        0     1                 .L0 
802004f6 802004f6        0     1                 .L0 
802004f6 802004f6        0     1                 .L0 
802004fa 802004fa        0     1                 .L0 
802004fe 802004fe        0     1                 .L0 
80200500 80200500        0     1                 .L0 
80200504 80200504        0     1                 .L0 
80200504 80200504        0     1                 .L0 
80200504 80200504        0     1                 .L0 
80200508 80200508        0     1                 .L0 
8020050c 8020050c        0     1                 .L0 
80200514 80200514        0     1                 .L0 
80200520 80200520        0     1                 .L0 
80200520 80200520        0     1                 .L0 
80200522 80200522        0     1                 .L0 
80200526 80200526        0     1                 .L0 
80200528 80200528        0     1                 .L0 
8020052c 8020052c        0     1                 .L0 
8020052c 8020052c        0     1                 .L0 
8020052c 8020052c        0     1                 .L0 
80200530 80200530        0     1                 .L0 
80200534 80200534        0     1                 .L0 
8020053c 8020053c        0     1                 .L0 
80200548 80200548        0     1                 .L0 
80200548 80200548        0     1                 .L0 
8020054c 8020054c        0     1                 .L0 
80200550 80200550        0     1                 .L0 
80200552 80200552        0     1                 .L0 
80200556 80200556        0     1                 .L0 
80200556 80200556        0     1                 .L0 
80200556 80200556        0     1                 .L0 
8020055a 8020055a        0     1                 .L0 
8020055e 8020055e        0     1                 .L0 
80200566 80200566        0     1                 .L0 
80200572 80200572        0     1                 .L0 
80200572 80200572        0     1                 .L0 
80200574 80200574        0     1                 .L0 
80200578 80200578        0     1                 .L0 
8020057a 8020057a        0     1                 .L0 
8020057e 8020057e        0     1                 .L0 
8020057e 8020057e        0     1                 .L0 
8020057e 8020057e        0     1                 .L0 
80200582 80200582        0     1                 .L0 
80200586 80200586        0     1                 .L0 
8020058e 8020058e        0     1                 .L0 
8020059a 8020059a        0     1                 .L0 
8020059a 8020059a        0     1                 .L0 
8020059e 8020059e        0     1                 .L0 
802005a2 802005a2        0     1                 .L0 
802005a4 802005a4        0     1                 .L0 
802005a8 802005a8        0     1                 .L0 
802005a8 802005a8        0     1                 .L0 
802005a8 802005a8        0     1                 .L0 
802005aa 802005aa        0     1                 .L0 
802005b6 802005b6        0     1                 .L0 
802005c2 802005c2        0     1                 .L0 
802005c4 802005c4        0     1                 .L0 
802005c8 802005c8        0     1                 .L0 
802005ca 802005ca        0     1                 .L0 
802005ce 802005ce        0     1                 .L0 
802005ce 802005ce        0     1                 .L0 
802005ce 802005ce        0     1                 .L0 
802005d0 802005d0        0     1                 .L0 
802005d0 802005d0        0     1                 .L0 
802005d0 802005d0        0     1                 .L0 
802005d4 802005d4        0     1                 .L0 
802005d4 802005d4        0     1                 .L0 
802005d6 802005d6        0     1                 .L0 
802005de 802005de        0     1                 .L0 
802005e4 802005e4        0     1                 .L0 
802005ea 802005ea        0     1                 .L0 
802005ee 802005ee        0     1                 .L0 
802005f0 802005f0        0     1                 .L0 
802005f0 802005f0        0     1                 .L0 
802005f4 802005f4        0     1                 .L0 
80200604 80200604        0     1                 .L0 
80200604 80200604        0     1                 .L0 
80200606 80200606        0     1                 .L0 
80200606 80200606        0     1                 .L0 
80200608 80200608        0     1                 .L0 
80200608 80200608        0     1                 .L0 
80200608 80200608        0     1                 .L0 
80200608 80200608        0     1                 .L0 
80200608 80200608        0     1                 .L0 
80200608 80200608       ce     1                 handle_syscall
8020060e 8020060e        0     1                 .L0 
8020062c 8020062c        0     1                 .L0 
80200630 80200630        0     1                 .L0 
80200632 80200632        0     1                 .L0 
80200636 80200636        0     1                 .L0 
80200638 80200638        0     1                 .L0 
8020063c 8020063c        0     1                 .L0 
8020063c 8020063c        0     1                 .L0 
8020063e 8020063e        0     1                 .L0 
8020063e 8020063e        0     1                 .L0 
80200652 80200652        0     1                 .L0 
80200652 80200652        0     1                 .L0 
80200656 80200656        0     1                 .L0 
80200656 80200656        0     1                 .L0 
80200656 80200656        0     1                 .L0 
80200658 80200658        0     1                 .L0 
80200658 80200658        0     1                 .L0 
8020066c 8020066c        0     1                 .L0 
8020066c 8020066c        0     1                 .L0 
80200670 80200670        0     1                 .L0 
80200670 80200670        0     1                 .L0 
80200670 80200670        0     1                 .L0 
8020068c 8020068c        0     1                 .L0 
8020068c 8020068c        0     1                 .L0 
8020068c 8020068c        0     1                 .L0 
80200690 80200690        0     1                 .L0 
80200696 80200696        0     1                 .L0 
8020069c 8020069c        0     1                 .L0 
8020069e 8020069e        0     1                 .L0 
802006a0 802006a0        0     1                 .L0 
802006a0 802006a0        0     1                 .L0 
802006a0 802006a0        0     1                 .L0 
802006a4 802006a4        0     1                 .L0 
802006a4 802006a4        0     1                 .L0 
802006b6 802006b6        0     1                 .L0 
802006b6 802006b6        0     1                 .L0 
802006b6 802006b6        0     1                 .L0 
802006ba 802006ba        0     1                 .L0 
802006be 802006be        0     1                 .L0 
802006be 802006be        0     1                 .L0 
802006be 802006be        0     1                 .L0 
802006c2 802006c2        0     1                 .L0 
802006d4 802006d4        0     1                 .L0 
802006d4 802006d4        0     1                 .L0 
802006d6 802006d6        0     1                 .L0 
802006d6 802006d6        0     1                 .L0 
802006d6 802006d6        0     1                 .L0 
802006d6 802006d6        0     1                 .L0 
802006d6 802006d6        0     1                 .L0 
802006d6 802006d6       42     1                 handle_trap
802006dc 802006dc        0     1                 .L0 
802006dc 802006dc        0     1                 .L0 
802006e0 802006e0        0     1                 .L0 
802006e0 802006e0        0     1                 .L0 
802006e4 802006e4        0     1                 .L0 
802006e4 802006e4        0     1                 .L0 
802006e6 802006e6        0     1                 .L0 
802006e6 802006e6        0     1                 .L0 
802006ea 802006ea        0     1                 .L0 
802006ea 802006ea        0     1                 .L0 
802006ee 802006ee        0     1                 .L0 
802006ee 802006ee        0     1                 .L0 
802006f0 802006f0        0     1                 .L0 
802006f0 802006f0        0     1                 .L0 
802006f2 802006f2        0     1                 .L0 
802006f2 802006f2        0     1                 .L0 
802006fa 802006fa        0     1                 .L0 
802006fa 802006fa        0     1                 .L0 
802006fe 802006fe        0     1                 .L0 
802006fe 802006fe        0     1                 .L0 
802006fe 802006fe        0     1                 .L0 
80200702 80200702        0     1                 .L0 
80200716 80200716        0     1                 .L0 
80200716 80200716        0     1                 .L0 
80200718 80200718        0     1                 .L0 
80200718 80200718        0     1                 .L0 
80200718 80200718        0     1                 .L0 
80200718 80200718        0     1                 .L0 
80200718 80200718        0     1                 .L0 
80200718 80200718       76     1                 kernel_main
8020071c 8020071c        0     1                 .L0 
80200732 80200732        0     1                 .L0 
80200732 80200732        0     1                 .L0 
8020073c 8020073c        0     1                 .L0 
8020073c 8020073c        0     1                 .L0 
80200744 80200744        0     1                 .L0 
80200748 80200748        0     1                 .L0 
80200748 80200748        0     1                 .L0 
8020074a 8020074a        0     1                 .L0 
8020074e 8020074e        0     1                 .L0 
8020074e 8020074e        0     1                 .L0 
80200758 80200758        0     1                 .L0 
8020075a 8020075a        0     1                 .L0 
80200762 80200762        0     1                 .L0 
80200774 80200774        0     1                 .L0 
80200774 80200774        0     1                 .L0 
80200776 80200776        0     1                 .L0 
80200776 80200776        0     1                 .L0 
8020078c 8020078c        0     1                 .L0 
8020078c 8020078c        0     1                 .L0 
8020078e 8020078e        0     1                 .L0 
8020078e 8020078e        0     1                 .L0 
8020078e 8020078e      230     2         /var/folders/mr/c2l2bgkj0rz42ptj3879t6740000gn/T/common-509327.o:(.text)
8020078e 8020078e        0     1                 .L0 
8020078e 8020078e        0     1                 .L0 
8020078e 8020078e        0     1                 $x
8020078e 8020078e        0     1                 .L0 
8020078e 8020078e      1b6     1                 printf
802007bc 802007bc        0     1                 .L0 
802007e4 802007e4        0     1                 .L0 
802007e4 802007e4        0     1                 .L0 
802007e8 802007e8        0     1                 .L0 
802007e8 802007e8        0     1                 .L0 
802007ea 802007ea        0     1                 .L0 
802007ea 802007ea        0     1                 .L0 
802007ee 802007ee        0     1                 .L0 
802007f6 802007f6        0     1                 .L0 
802007f6 802007f6        0     1                 .L0 
802007f8 802007f8        0     1                 .L0 
802007f8 802007f8        0     1                 .L0 
802007fa 802007fa        0     1                 .L0 
802007fc 802007fc        0     1                 .L0 
802007fc 802007fc        0     1                 .L0 
80200800 80200800        0     1                 .L0 
80200802 80200802        0     1                 .L0 
80200812 80200812        0     1                 .L0 
80200812 80200812        0     1                 .L0 
8020081e 8020081e        0     1                 .L0 
8020081e 8020081e        0     1                 .L0 
80200822 80200822        0     1                 .L0 
80200822 80200822        0     1                 .L0 
80200824 80200824        0     1                 .L0 
8020082a 8020082a        0     1                 .L0 
8020082a 8020082a        0     1                 .L0 
8020082a 8020082a        0     1                 .L0 
80200832 80200832        0     1                 .L0 
80200832 80200832        0     1                 .L0 
8020083c 8020083c        0     1                 .L0 
8020083c 8020083c        0     1                 .L0 
80200840 80200840        0     1                 .L0 
80200840 80200840        0     1                 .L0 
80200842 80200842        0     1                 .L0 
80200846 80200846        0     1                 .L0 
80200848 80200848        0     1                 .L0 
80200848 80200848        0     1                 .L0 
8020084e 8020084e        0     1                 .L0 
8020084e 8020084e        0     1                 .L0 
80200850 80200850        0     1                 .L0 
80200854 80200854        0     1                 .L0 
80200856 80200856        0     1                 .L0 
80200856 80200856        0     1                 .L0 
8020085c 8020085c        0     1                 .L0 
8020085c 8020085c        0     1                 .L0 
8020085e 8020085e        0     1                 .L0 
80200862 80200862        0     1                 .L0 
80200864 80200864        0     1                 .L0 
80200864 80200864        0     1                 .L0 
8020086a 8020086a        0     1                 .L0 
8020086a 8020086a        0     1                 .L0 
8020086c 8020086c        0     1                 .L0 
80200870 80200870        0     1                 .L0 
80200872 80200872        0     1                 .L0 
80200872 80200872        0     1                 .L0 
80200878 80200878        0     1                 .L0 
80200878 80200878        0     1                 .L0 
8020087a 8020087a        0     1                 .L0 
8020087e 8020087e        0     1                 .L0 
80200882 80200882        0     1                 .L0 
80200882 80200882        0     1                 .L0 
80200888 80200888        0     1                 .L0 
80200888 80200888        0     1                 .L0 
8020088a 8020088a        0     1                 .L0 
8020088e 8020088e        0     1                 .L0 
80200892 80200892        0     1                 .L0 
80200892 80200892        0     1                 .L0 
80200898 80200898        0     1                 .L0 
80200898 80200898        0     1                 .L0 
8020089a 8020089a        0     1                 .L0 
8020089e 8020089e        0     1                 .L0 
802008a2 802008a2        0     1                 .L0 
802008a2 802008a2        0     1                 .L0 
802008a4 802008a4        0     1                 .L0 
802008a4 802008a4        0     1                 .L0 
802008a6 802008a6        0     1                 .L0 
802008aa 802008aa        0     1                 .L0 
802008aa 802008aa        0     1                 .L0 
802008ae 802008ae        0     1                 .L0 
802008ae 802008ae        0     1                 .L0 
802008b0 802008b0        0     1                 .L0 
802008b2 802008b2        0     1                 .L0 
802008b2 802008b2        0     1                 .L0 
802008b2 802008b2        0     1                 .L0 
802008bc 802008bc        0     1                 .L0 
802008bc 802008bc        0     1                 .L0 
802008c0 802008c0        0     1                 .L0 
802008c6 802008c6        0     1                 .L0 
802008c6 802008c6        0     1                 .L0 
802008c6 802008c6        0     1                 .L0 
802008ce 802008ce        0     1                 .L0 
802008ce 802008ce        0     1                 .L0 
802008d2 802008d2        0     1                 .L0 
802008d4 802008d4        0     1                 .L0 
802008d8 802008d8        0     1                 .L0 
802008d8 802008d8        0     1                 .L0 
802008d8 802008d8        0     1                 .L0 
802008e0 802008e0        0     1                 .L0 
802008e0 802008e0        0     1                 .L0 
802008e4 802008e4        0     1                 .L0 
802008e4 802008e4        0     1                 .L0 
802008e6 802008e6        0     1                 .L0 
802008ea 802008ea        0     1                 .L0 
802008ea 802008ea        0     1                 .L0 
802008ec 802008ec        0     1                 .L0 
802008ec 802008ec        0     1                 .L0 
802008ec 802008ec        0     1                 .L0 
802008f0 802008f0        0     1                 .L0 
802008f4 802008f4        0     1                 .L0 
802008f8 802008f8        0     1                 .L0 
802008f8 802008f8        0     1                 .L0 
802008f8 802008f8        0     1                 .L0 
802008fa 802008fa        0     1                 .L0 
802008fa 802008fa        0     1                 .L0 
802008fe 802008fe        0     1                 .L0 
80200902 80200902        0     1                 .L0 
8020090a 8020090a        0     1                 .L0 
8020090a 8020090a        0     1                 .L0 
80200912 80200912        0     1                 .L0 
80200918 80200918        0     1                 .L0 
80200918 80200918        0     1                 .L0 
8020091e 8020091e        0     1                 .L0 
8020091e 8020091e        0     1                 .L0 
8020091e 8020091e        0     1                 .L0 
80200926 80200926        0     1                 .L0 
80200926 80200926        0     1                 .L0 
80200926 80200926        0     1                 .L0 
8020092a 8020092a        0     1                 .L0 
80200940 80200940        0     1                 .L0 
80200944 80200944        0     1                 .L0 
80200944 80200944        0     1                 .L0 
80200944 80200944        0     1                 .L0 
80200944 80200944        0     1                 .L0 
80200944 80200944        0     1                 .L0 
80200944 80200944       1c     1                 memcpy
80200948 80200948        0     1                 .L0 
80200948 80200948        0     1                 .L0 
8020094a 8020094a        0     1                 .L0 
8020094a 8020094a        0     1                 .L0 
8020094a 8020094a        0     1                 .L0 
8020094e 8020094e        0     1                 .L0 
80200950 80200950        0     1                 .L0 
80200954 80200954        0     1                 .L0 
80200954 80200954        0     1                 .L0 
80200958 80200958        0     1                 .L0 
8020095a 8020095a        0     1                 .L0 
8020095a 8020095a        0     1                 .L0 
8020095e 8020095e        0     1                 .L0 
8020095e 8020095e        0     1                 .L0 
8020095e 8020095e        0     1                 .L0 
80200960 80200960        0     1                 .L0 
80200960 80200960        0     1                 .L0 
80200960 80200960        0     1                 .L0 
80200960 80200960        0     1                 .L0 
80200960 80200960        0     1                 .L0 
80200960 80200960       16     1                 memset
80200964 80200964        0     1                 .L0 
80200964 80200964        0     1                 .L0 
80200966 80200966        0     1                 .L0 
80200966 80200966        0     1                 .L0 
80200966 80200966        0     1                 .L0 
8020096a 8020096a        0     1                 .L0 
8020096a 8020096a        0     1                 .L0 
8020096e 8020096e        0     1                 .L0 
80200970 80200970        0     1                 .L0 
80200970 80200970        0     1                 .L0 
80200974 80200974        0     1                 .L0 
80200974 80200974        0     1                 .L0 
80200974 80200974        0     1                 .L0 
80200976 80200976        0     1                 .L0 
80200976 80200976        0     1                 .L0 
80200976 80200976        0     1                 .L0 
80200976 80200976        0     1                 .L0 
80200976 80200976        0     1                 .L0 
80200976 80200976       24     1                 strcpy
8020097c 8020097c        0     1                 .L0 
80200980 80200980        0     1                 .L0 
80200980 80200980        0     1                 .L0 
80200982 80200982        0     1                 .L0 
80200982 80200982        0     1                 .L0 
80200982 80200982        0     1                 .L0 
80200986 80200986        0     1                 .L0 
8020098a 8020098a        0     1                 .L0 
8020098e 8020098e        0     1                 .L0 
8020098e 8020098e        0     1                 .L0 
80200990 80200990        0     1                 .L0 
80200990 80200990        0     1                 .L0 
80200992 80200992        0     1                 .L0 
80200994 80200994        0     1                 .L0 
80200994 80200994        0     1                 .L0 
80200994 80200994        0     1                 .L0 
80200998 80200998        0     1                 .L0 
8020099a 8020099a        0     1                 .L0 
8020099a 8020099a        0     1                 .L0 
8020099a 8020099a        0     1                 .L0 
8020099a 8020099a        0     1                 .L0 
8020099a 8020099a        0     1                 .L0 
8020099a 8020099a       24     1                 strcmp
8020099e 8020099e        0     1                 .L0 
802009a0 802009a0        0     1                 .L0 
802009a2 802009a2        0     1                 .L0 
802009a2 802009a2        0     1                 .L0 
802009a2 802009a2        0     1                 .L0 
802009a6 802009a6        0     1                 .L0 
802009aa 802009aa        0     1                 .L0 
802009aa 802009aa        0     1                 .L0 
802009ae 802009ae        0     1                 .L0 
802009b0 802009b0        0     1                 .L0 
802009b2 802009b2        0     1                 .L0 
802009b4 802009b4        0     1                 .L0 
802009b4 802009b4        0     1                 .L0 
802009b8 802009b8        0     1                 .L0 
802009bc 802009bc        0     1                 .L0 
802009be 802009be        0     1                 .L0 
802009be 802009be        0     1                 .L0 
802009c0 802009c0      12e     4 .rodata
802009c0 802009c0      12e     1         <internal>:(.rodata.str1.1)
80200af0 80200af0    10380     4 .data
80200af0 80200af0    10380     1         shell.bin.o:(.data)
80200af0 80200af0        0     1                 _binary_shell_bin_start
80210e70 80210e70        0     1                 _binary_shell_bin_end
80210e70 80210e70        4     4 .sdata
80210e70 80210e70        4     4         /var/folders/mr/c2l2bgkj0rz42ptj3879t6740000gn/T/kernel-eab38f.o:(.sdata)
80210e70 80210e70        4     1                 alloc_pages.next_paddr
80210e70 80210e70        0     1                 $d
80210e74 80210e74    10088     4 .bss
80210e74 80210e74        0     1         __bss = .
80210e74 80210e74    10080     4         /var/folders/mr/c2l2bgkj0rz42ptj3879t6740000gn/T/kernel-eab38f.o:(.bss)
80210e74 80210e74        0     1                 $d
80210e74 80210e74    10080     1                 procs
80220ef4 80220ef4        8     4         /var/folders/mr/c2l2bgkj0rz42ptj3879t6740000gn/T/kernel-eab38f.o:(.sbss)
80220ef4 80220ef4        0     1                 $d
80220ef4 80220ef4        4     1                 idle_proc
80220ef8 80220ef8        4     1                 current_proc
80220efc 80220efc        0     1         __bss_end = .
80220efc 80220efc        0     1 . = ALIGN ( 4 )
80220efc 80220efc    20000     1 . += 128 * 1024
80240efc 80240efc        0     1 __stack_top = .
80240efc 80240efc      104     1 . = ALIGN ( 4096 )
80241000 80241000        0     1 __free_ram = .
80241000 80241000  4000000     1 . += 64 * 1024 * 1024
84241000 84241000        0     1 __free_ram_end = .
       0        0      6f0     1 .debug_loclists
       0        0      527     1         /var/folders/mr/c2l2bgkj0rz42ptj3879t6740000gn/T/kernel-eab38f.o:(.debug_loclists)
       0        0        0     1                 $d
       c        c        0     1                 .L0 
     527      527      1c9     1         /var/folders/mr/c2l2bgkj0rz42ptj3879t6740000gn/T/common-509327.o:(.debug_loclists)
     527      527        0     1                 $d
     533      533        0     1                 .L0 
       0        0      406     1 .debug_abbrev
       0        0      2d9     1         /var/folders/mr/c2l2bgkj0rz42ptj3879t6740000gn/T/kernel-eab38f.o:(.debug_abbrev)
       0        0        0     1                 $d
     2d9      2d9      12d     1         /var/folders/mr/c2l2bgkj0rz42ptj3879t6740000gn/T/common-509327.o:(.debug_abbrev)
     2d9      2d9        0     1                 $d
       0        0      ba3     1 .debug_info
       0        0      96e     1         /var/folders/mr/c2l2bgkj0rz42ptj3879t6740000gn/T/kernel-eab38f.o:(.debug_info)
       0        0        0     1                 $d
     96e      96e      235     1         /var/folders/mr/c2l2bgkj0rz42ptj3879t6740000gn/T/common-509327.o:(.debug_info)
     96e      96e        0     1                 $d
       0        0       c5     1 .debug_rnglists
       0        0       aa     1         /var/folders/mr/c2l2bgkj0rz42ptj3879t6740000gn/T/kernel-eab38f.o:(.debug_rnglists)
       0        0        0     1                 $d
       c        c        0     1                 .L0 
      aa       aa       1b     1         /var/folders/mr/c2l2bgkj0rz42ptj3879t6740000gn/T/common-509327.o:(.debug_rnglists)
      aa       aa        0     1                 $d
      b6       b6        0     1                 .L0 
       0        0      254     1 .debug_str_offsets
       0        0      1c0     1         /var/folders/mr/c2l2bgkj0rz42ptj3879t6740000gn/T/kernel-eab38f.o:(.debug_str_offsets)
       0        0        0     1                 $d
       8        8        0     1                 .L0 
     1c0      1c0       94     1         /var/folders/mr/c2l2bgkj0rz42ptj3879t6740000gn/T/common-509327.o:(.debug_str_offsets)
     1c0      1c0        0     1                 $d
     1c8      1c8        0     1                 .L0 
       0        0      350     1 .debug_str
       0        0      350     1         <internal>:(.debug_str)
       0        0      158     1 .debug_addr
       0        0       f8     1         /var/folders/mr/c2l2bgkj0rz42ptj3879t6740000gn/T/kernel-eab38f.o:(.debug_addr)
       0        0        0     1                 $d
       8        8        0     1                 .L0 
      f8       f8       60     1         /var/folders/mr/c2l2bgkj0rz42ptj3879t6740000gn/T/common-509327.o:(.debug_addr)
      f8       f8        0     1                 $d
     100      100        0     1                 .L0 
       0        0       3b     1 .comment
       0        0       3b     1         <internal>:(.comment)
       0        0       34     1 .riscv.attributes
       0        0       34     1         <internal>:(.riscv.attributes)
       0        0      1c8     4 .debug_frame
       0        0      144     4         /var/folders/mr/c2l2bgkj0rz42ptj3879t6740000gn/T/kernel-eab38f.o:(.debug_frame)
       0        0        0     1                 .L0 
       0        0        0     1                 $d
     144      144       84     4         /var/folders/mr/c2l2bgkj0rz42ptj3879t6740000gn/T/common-509327.o:(.debug_frame)
     144      144        0     1                 .L0 
     144      144        0     1                 $d
       0        0      c5e     1 .debug_line
       0        0      887     1         /var/folders/mr/c2l2bgkj0rz42ptj3879t6740000gn/T/kernel-eab38f.o:(.debug_line)
       0        0        0     1                 .Lline_table_start0
       0        0        0     1                 $d
     887      887      3d7     1         /var/folders/mr/c2l2bgkj0rz42ptj3879t6740000gn/T/common-509327.o:(.debug_line)
     887      887        0     1                 .Lline_table_start0
     887      887        0     1                 $d
       0        0       51     1 .debug_line_str
       0        0       51     1         <internal>:(.debug_line_str)
       0        0      430     4 .symtab
       0        0      430     4         <internal>:(.symtab)
       0        0       e3     1 .shstrtab
       0        0       e3     1         <internal>:(.shstrtab)
       0        0      1e9     1 .strtab
       0        0      1e9     1         <internal>:(.strtab)
