     VMA      LMA     Size Align Out     In      Symbol
       0        0 80200000     1 . = 0x80200000
80200000        0        0     1 __kernel_base = .
80200000 80200000      e24     4 .text
80200000 80200000        e     2         /var/folders/mr/c2l2bgkj0rz42ptj3879t6740000gn/T/kernel-4fd123.o:(.text.boot)
80200000 80200000        0     1                 .L0 
80200000 80200000        0     1                 .L0 
80200000 80200000        0     1                 $x
80200000 80200000        0     1                 .L0 
80200000 80200000        e     1                 boot
8020000e 8020000e        0     1                 .L0 
8020000e 8020000e        0     1                 .L0 
80200010 80200010      bda     4         /var/folders/mr/c2l2bgkj0rz42ptj3879t6740000gn/T/kernel-4fd123.o:(.text)
80200010 80200010        0     1                 .L0 
80200010 80200010        0     1                 .L0 
80200010 80200010        0     1                 $x
80200010 80200010        0     1                 .L0 
80200010 80200010        6     1                 sbi_call
80200014 80200014        0     1                 .L0 
80200016 80200016        0     1                 .L0 
80200016 80200016        0     1                 .L0 
80200016 80200016        0     1                 .L0 
80200016 80200016        a     1                 virtio_reg_read32
8020001c 8020001c        0     1                 .L0 
8020001e 8020001e        0     1                 .L0 
80200020 80200020        0     1                 .L0 
80200020 80200020        0     1                 .L0 
80200020 80200020        0     1                 .L0 
80200020 80200020        c     1                 virtio_reg_read64
80200024 80200024        0     1                 .L0 
80200026 80200026        0     1                 .L0 
8020002a 8020002a        0     1                 .L0 
8020002c 8020002c        0     1                 .L0 
8020002c 8020002c        0     1                 .L0 
8020002c 8020002c        0     1                 .L0 
8020002c 8020002c        a     1                 virtio_reg_write32
80200032 80200032        0     1                 .L0 
80200034 80200034        0     1                 .L0 
80200036 80200036        0     1                 .L0 
80200036 80200036        0     1                 .L0 
80200036 80200036        0     1                 .L0 
80200036 80200036        e     1                 virtio_reg_fetch_and_or32
8020003c 8020003c        0     1                 .L0 
8020003e 8020003e        0     1                 .L0 
80200040 80200040        0     1                 .L0 
80200040 80200040        0     1                 .L0 
80200042 80200042        0     1                 .L0 
80200044 80200044        0     1                 .L0 
80200044 80200044        0     1                 .L0 
80200044 80200044        0     1                 .L0 
80200044 80200044       36     1                 virtq_kick
8020004e 8020004e        0     1                 .L0 
80200050 80200050        0     1                 .L0 
80200054 80200054        0     1                 .L0 
80200056 80200056        0     1                 .L0 
80200058 80200058        0     1                 .L0 
8020005c 8020005c        0     1                 .L0 
80200062 80200062        0     1                 .L0 
80200066 80200066        0     1                 .L0 
80200068 80200068        0     1                 .L0 
8020006c 8020006c        0     1                 .L0 
8020006c 8020006c        0     1                 .L0 
8020006e 8020006e        0     1                 .L0 
80200078 80200078        0     1                 .L0 
8020007a 8020007a        0     1                 .L0 
8020007a 8020007a        0     1                 .L0 
8020007a 8020007a        0     1                 .L0 
8020007a 8020007a       1a     1                 virtq_is_busy
80200080 80200080        0     1                 .L0 
80200082 80200082        0     1                 .L0 
80200084 80200084        0     1                 .L0 
80200088 80200088        0     1                 .L0 
8020008c 8020008c        0     1                 .L0 
80200092 80200092        0     1                 .L0 
80200094 80200094        0     1                 .L0 
80200094 80200094        0     1                 .L0 
80200094 80200094        0     1                 .L0 
80200094 80200094      162     1                 read_write_disk
8020009e 8020009e        0     1                 .L0 
802000a6 802000a6        0     1                 .L0 
802000a8 802000a8        0     1                 .L0 
802000ac 802000ac        0     1                 .L0 
802000ae 802000ae        0     1                 .L0 
802000b0 802000b0        0     1                 .L0 
802000b0 802000b0        0     1                 .L0 
802000b8 802000b8        0     1                 .L0 
802000e6 802000e6        0     1                 .L0 
802000ea 802000ea        0     1                 .L0 
802000ea 802000ea        0     1                 .L0 
802000fa 802000fa        0     1                 .L0 
802000fc 802000fc        0     1                 .L0 
802000fe 802000fe        0     1                 .L0 
80200108 80200108        0     1                 .L0 
80200108 80200108        0     1                 .L0 
8020010c 8020010c        0     1                 .L0 
8020010c 8020010c        0     1                 .L0 
8020010c 8020010c        0     1                 .L0 
80200110 80200110        0     1                 .L0 
80200116 80200116        0     1                 .L0 
80200116 80200116        0     1                 .L0 
80200118 80200118        0     1                 .L0 
80200118 80200118        0     1                 .L0 
8020011a 8020011a        0     1                 .L0 
8020011a 8020011a        0     1                 .L0 
80200122 80200122        0     1                 .L0 
80200122 80200122        0     1                 .L0 
80200124 80200124        0     1                 .L0 
80200132 80200132        0     1                 .L0 
8020013a 8020013a        0     1                 .L0 
80200140 80200140        0     1                 .L0 
80200142 80200142        0     1                 .L0 
80200146 80200146        0     1                 .L0 
80200150 80200150        0     1                 .L0 
80200152 80200152        0     1                 .L0 
80200158 80200158        0     1                 .L0 
8020015c 8020015c        0     1                 .L0 
80200160 80200160        0     1                 .L0 
80200166 80200166        0     1                 .L0 
80200166 80200166        0     1                 .L0 
8020016c 8020016c        0     1                 .L0 
8020016c 8020016c        0     1                 .L0 
8020016e 8020016e        0     1                 .L0 
80200172 80200172        0     1                 .L0 
80200172 80200172        0     1                 .L0 
80200176 80200176        0     1                 .L0 
80200178 80200178        0     1                 .L0 
80200178 80200178        0     1                 .L0 
8020017a 8020017a        0     1                 .L0 
8020017e 8020017e        0     1                 .L0 
80200184 80200184        0     1                 .L0 
80200188 80200188        0     1                 .L0 
8020018e 8020018e        0     1                 .L0 
8020018e 8020018e        0     1                 .L0 
80200190 80200190        0     1                 .L0 
802001a2 802001a2        0     1                 .L0 
802001a2 802001a2        0     1                 .L0 
802001a2 802001a2        0     1                 .L0 
802001a6 802001a6        0     1                 .L0 
802001aa 802001aa        0     1                 .L0 
802001b2 802001b2        0     1                 .L0 
802001b6 802001b6        0     1                 .L0 
802001b8 802001b8        0     1                 .L0 
802001ba 802001ba        0     1                 .L0 
802001c2 802001c2        0     1                 .L0 
802001c2 802001c2        0     1                 .L0 
802001c2 802001c2        0     1                 .L0 
802001cc 802001cc        0     1                 .L0 
802001d0 802001d0        0     1                 .L0 
802001d0 802001d0        0     1                 .L0 
802001d0 802001d0        0     1                 .L0 
802001d2 802001d2        0     1                 .L0 
802001d6 802001d6        0     1                 .L0 
802001d8 802001d8        0     1                 .L0 
802001da 802001da        0     1                 .L0 
802001de 802001de        0     1                 .L0 
802001de 802001de        0     1                 .L0 
802001de 802001de        0     1                 .L0 
802001e2 802001e2        0     1                 .L0 
802001ec 802001ec        0     1                 .L0 
802001ec 802001ec        0     1                 .L0 
802001ee 802001ee        0     1                 .L0 
802001f0 802001f0        0     1                 .L0 
802001f2 802001f2        0     1                 .L0 
802001f6 802001f6        0     1                 .L0 
802001f6 802001f6        0     1                 .L0 
802001f6 802001f6        0     1                 .L0 
802001f6 802001f6        0     1                 .L0 
802001f6 802001f6        0     1                 .L0 
802001f6 802001f6       52     1                 alloc_pages
802001fc 802001fc        0     1                 .L0 
80200204 80200204        0     1                 .L0 
80200204 80200204        0     1                 .L0 
80200208 80200208        0     1                 .L0 
8020020c 8020020c        0     1                 .L0 
8020020c 8020020c        0     1                 .L0 
80200214 80200214        0     1                 .L0 
80200218 80200218        0     1                 .L0 
8020021c 8020021c        0     1                 .L0 
80200234 80200234        0     1                 .L0 
80200234 80200234        0     1                 .L0 
80200236 80200236        0     1                 .L0 
80200236 80200236        0     1                 .L0 
8020023e 8020023e        0     1                 .L0 
8020023e 8020023e        0     1                 .L0 
80200244 80200244        0     1                 .L0 
80200244 80200244        0     1                 .L0 
80200248 80200248        0     1                 .L0 
80200248 80200248        0     1                 .L0 
80200248 80200248        0     1                 .L0 
80200248 80200248        0     1                 .L0 
80200248 80200248        0     1                 .L0 
80200248 80200248       78     1                 virtq_init
80200250 80200250        0     1                 .L0 
80200250 80200250        0     1                 .L0 
80200258 80200258        0     1                 .L0 
80200258 80200258        0     1                 .L0 
8020025a 8020025a        0     1                 .L0 
8020025c 8020025c        0     1                 .L0 
8020025e 8020025e        0     1                 .L0 
80200266 80200266        0     1                 .L0 
8020026a 8020026a        0     1                 .L0 
8020026e 8020026e        0     1                 .L0 
80200286 80200286        0     1                 .L0 
80200286 80200286        0     1                 .L0 
80200288 80200288        0     1                 .L0 
80200288 80200288        0     1                 .L0 
80200292 80200292        0     1                 .L0 
80200292 80200292        0     1                 .L0 
80200294 80200294        0     1                 .L0 
80200298 80200298        0     1                 .L0 
8020029e 8020029e        0     1                 .L0 
802002a0 802002a0        0     1                 .L0 
802002a8 802002a8        0     1                 .L0 
802002a8 802002a8        0     1                 .L0 
802002ac 802002ac        0     1                 .L0 
802002ac 802002ac        0     1                 .L0 
802002ae 802002ae        0     1                 .L0 
802002ae 802002ae        0     1                 .L0 
802002b2 802002b2        0     1                 .L0 
802002b2 802002b2        0     1                 .L0 
802002b4 802002b4        0     1                 .L0 
802002ba 802002ba        0     1                 .L0 
802002ba 802002ba        0     1                 .L0 
802002bc 802002bc        0     1                 .L0 
802002bc 802002bc        0     1                 .L0 
802002c0 802002c0        0     1                 .L0 
802002c0 802002c0        0     1                 .L0 
802002c0 802002c0        0     1                 .L0 
802002c0 802002c0        0     1                 .L0 
802002c0 802002c0        0     1                 .L0 
802002c0 802002c0      176     1                 virtio_blk_init
802002d2 802002d2        0     1                 .L0 
802002d2 802002d2        0     1                 .L0 
802002dc 802002dc        0     1                 .L0 
802002e0 802002e0        0     1                 .L0 
802002e0 802002e0        0     1                 .L0 
802002e4 802002e4        0     1                 .L0 
802002e8 802002e8        0     1                 .L0 
802002e8 802002e8        0     1                 .L0 
802002ec 802002ec        0     1                 .L0 
802002f0 802002f0        0     1                 .L0 
802002f0 802002f0        0     1                 .L0 
802002f4 802002f4        0     1                 .L0 
802002f4 802002f4        0     1                 .L0 
802002f6 802002f6        0     1                 .L0 
802002fa 802002fa        0     1                 .L0 
802002fa 802002fa        0     1                 .L0 
802002fc 802002fc        0     1                 .L0 
802002fc 802002fc        0     1                 .L0 
802002fe 802002fe        0     1                 .L0 
80200302 80200302        0     1                 .L0 
80200302 80200302        0     1                 .L0 
80200304 80200304        0     1                 .L0 
80200304 80200304        0     1                 .L0 
80200306 80200306        0     1                 .L0 
8020030a 8020030a        0     1                 .L0 
8020030a 8020030a        0     1                 .L0 
8020030c 8020030c        0     1                 .L0 
8020030c 8020030c        0     1                 .L0 
80200314 80200314        0     1                 .L0 
80200314 80200314        0     1                 .L0 
80200316 80200316        0     1                 .L0 
80200318 80200318        0     1                 .L0 
80200320 80200320        0     1                 .L0 
80200324 80200324        0     1                 .L0 
80200328 80200328        0     1                 .L0 
80200340 80200340        0     1                 .L0 
80200340 80200340        0     1                 .L0 
80200342 80200342        0     1                 .L0 
80200342 80200342        0     1                 .L0 
80200342 80200342        0     1                 .L0 
8020035a 8020035a        0     1                 .L0 
8020035a 8020035a        0     1                 .L0 
8020035c 8020035c        0     1                 .L0 
8020035c 8020035c        0     1                 .L0 
80200374 80200374        0     1                 .L0 
80200374 80200374        0     1                 .L0 
80200376 80200376        0     1                 .L0 
80200376 80200376        0     1                 .L0 
8020038e 8020038e        0     1                 .L0 
8020038e 8020038e        0     1                 .L0 
80200390 80200390        0     1                 .L0 
80200390 80200390        0     1                 .L0 
80200390 80200390        0     1                 .L0 
8020039a 8020039a        0     1                 .L0 
8020039a 8020039a        0     1                 .L0 
8020039c 8020039c        0     1                 .L0 
802003a0 802003a0        0     1                 .L0 
802003a8 802003a8        0     1                 .L0 
802003aa 802003aa        0     1                 .L0 
802003ae 802003ae        0     1                 .L0 
802003ae 802003ae        0     1                 .L0 
802003b4 802003b4        0     1                 .L0 
802003b4 802003b4        0     1                 .L0 
802003b6 802003b6        0     1                 .L0 
802003b6 802003b6        0     1                 .L0 
802003ba 802003ba        0     1                 .L0 
802003ba 802003ba        0     1                 .L0 
802003bc 802003bc        0     1                 .L0 
802003bc 802003bc        0     1                 .L0 
802003c6 802003c6        0     1                 .L0 
802003c6 802003c6        0     1                 .L0 
802003c8 802003c8        0     1                 .L0 
802003c8 802003c8        0     1                 .L0 
802003d0 802003d0        0     1                 .L0 
802003d2 802003d2        0     1                 .L0 
802003da 802003da        0     1                 .L0 
802003e6 802003e6        0     1                 .L0 
802003e6 802003e6        0     1                 .L0 
802003ea 802003ea        0     1                 .L0 
802003ea 802003ea        0     1                 .L0 
802003f0 802003f0        0     1                 .L0 
802003f4 802003f4        0     1                 .L0 
802003f4 802003f4        0     1                 .L0 
8020040a 8020040a        0     1                 .L0 
8020040a 8020040a        0     1                 .L0 
8020040c 8020040c        0     1                 .L0 
8020040c 8020040c        0     1                 .L0 
80200416 80200416        0     1                 .L0 
80200416 80200416        0     1                 .L0 
8020041e 8020041e        0     1                 .L0 
8020042a 8020042a        0     1                 .L0 
8020042a 8020042a        0     1                 .L0 
80200432 80200432        0     1                 .L0 
80200436 80200436        0     1                 .L0 
80200436 80200436        0     1                 .L0 
80200436 80200436        0     1                 .L0 
80200436 80200436        0     1                 .L0 
80200436 80200436        0     1                 .L0 
80200436 80200436       14     1                 user_entry
8020043e 8020043e        0     1                 .L0 
8020044a 8020044a        0     1                 .L0 
8020044a 8020044a        0     1                 .L0 
8020044a 8020044a        0     1                 .L0 
8020044a 8020044a       14     1                 putchar
8020045c 8020045c        0     1                 .L0 
8020045c 8020045c        0     1                 .L0 
8020045e 8020045e        0     1                 .L0 
8020045e 8020045e        0     1                 .L0 
8020045e 8020045e        0     1                 .L0 
8020045e 8020045e       da     1                 map_page
8020046e 8020046e        0     1                 .L0 
8020046e 8020046e        0     1                 .L0 
80200472 80200472        0     1                 .L0 
80200476 80200476        0     1                 .L0 
80200486 80200486        0     1                 .L0 
80200488 80200488        0     1                 .L0 
8020048a 8020048a        0     1                 .L0 
8020048a 8020048a        0     1                 .L0 
8020048c 8020048c        0     1                 .L0 
8020048c 8020048c        0     1                 .L0 
8020048c 8020048c        0     1                 .L0 
80200490 80200490        0     1                 .L0 
80200492 80200492        0     1                 .L0 
80200494 80200494        0     1                 .L0 
80200498 80200498        0     1                 .L0 
802004a6 802004a6        0     1                 .L0 
802004aa 802004aa        0     1                 .L0 
802004ac 802004ac        0     1                 .L0 
802004ac 802004ac        0     1                 .L0 
802004ae 802004ae        0     1                 .L0 
802004ae 802004ae        0     1                 .L0 
802004ae 802004ae        0     1                 .L0 
802004ba 802004ba        0     1                 .L0 
802004ba 802004ba        0     1                 .L0 
802004be 802004be        0     1                 .L0 
802004c0 802004c0        0     1                 .L0 
802004c0 802004c0        0     1                 .L0 
802004c8 802004c8        0     1                 .L0 
802004c8 802004c8        0     1                 .L0 
802004ca 802004ca        0     1                 .L0 
802004cc 802004cc        0     1                 .L0 
802004d4 802004d4        0     1                 .L0 
802004d8 802004d8        0     1                 .L0 
802004dc 802004dc        0     1                 .L0 
802004f0 802004f0        0     1                 .L0 
802004f2 802004f2        0     1                 .L0 
802004f2 802004f2        0     1                 .L0 
802004f4 802004f4        0     1                 .L0 
802004f4 802004f4        0     1                 .L0 
802004f4 802004f4        0     1                 .L0 
802004f6 802004f6        0     1                 .L0 
802004f6 802004f6        0     1                 .L0 
802004fe 802004fe        0     1                 .L0 
80200502 80200502        0     1                 .L0 
80200502 80200502        0     1                 .L0 
80200506 80200506        0     1                 .L0 
80200506 80200506        0     1                 .L0 
8020050c 8020050c        0     1                 .L0 
8020050e 8020050e        0     1                 .L0 
80200510 80200510        0     1                 .L0 
80200510 80200510        0     1                 .L0 
80200510 80200510        0     1                 .L0 
80200514 80200514        0     1                 .L0 
80200514 80200514        0     1                 .L0 
80200516 80200516        0     1                 .L0 
8020051c 8020051c        0     1                 .L0 
8020051e 8020051e        0     1                 .L0 
8020051e 8020051e        0     1                 .L0 
80200522 80200522        0     1                 .L0 
80200526 80200526        0     1                 .L0 
80200526 80200526        0     1                 .L0 
80200534 80200534        0     1                 .L0 
80200538 80200538        0     1                 .L0 
80200538 80200538        0     1                 .L0 
80200538 80200538        0     1                 .L0 
80200538 80200538        0     1                 .L0 
80200538 80200538        0     1                 .L0 
80200538 80200538       96     1                 kernel_entry
802005ce 802005ce        0     1                 .L0 
802005ce 802005ce        0     1                 .L0 
802005ce 802005ce        0     1                 .L0 
802005ce 802005ce        0     1                 .L0 
802005ce 802005ce        0     1                 .L0 
802005ce 802005ce       46     1                 switch_context
80200614 80200614        0     1                 .L0 
80200614 80200614        0     1                 .L0 
80200614 80200614        0     1                 .L0 
80200614 80200614      270     1                 create_process
80200630 80200630        0     1                 .L0 
8020063e 8020063e        0     1                 .L0 
8020063e 8020063e        0     1                 .L0 
80200640 80200640        0     1                 .L0 
80200640 80200640        0     1                 .L0 
80200642 80200642        0     1                 .L0 
80200642 80200642        0     1                 .L0 
8020064a 8020064a        0     1                 .L0 
8020064c 8020064c        0     1                 .L0 
8020064c 8020064c        0     1                 .L0 
80200654 80200654        0     1                 .L0 
80200656 80200656        0     1                 .L0 
80200656 80200656        0     1                 .L0 
8020065e 8020065e        0     1                 .L0 
80200660 80200660        0     1                 .L0 
80200660 80200660        0     1                 .L0 
80200668 80200668        0     1                 .L0 
8020066a 8020066a        0     1                 .L0 
8020066a 8020066a        0     1                 .L0 
80200672 80200672        0     1                 .L0 
80200674 80200674        0     1                 .L0 
80200674 80200674        0     1                 .L0 
8020067c 8020067c        0     1                 .L0 
8020067e 8020067e        0     1                 .L0 
8020067e 8020067e        0     1                 .L0 
80200686 80200686        0     1                 .L0 
80200688 80200688        0     1                 .L0 
80200688 80200688        0     1                 .L0 
8020069e 8020069e        0     1                 .L0 
8020069e 8020069e        0     1                 .L0 
802006a0 802006a0        0     1                 .L0 
802006a0 802006a0        0     1                 .L0 
802006a0 802006a0        0     1                 .L0 
802006a4 802006a4        0     1                 .L0 
802006a4 802006a4        0     1                 .L0 
802006aa 802006aa        0     1                 .L0 
802006ac 802006ac        0     1                 .L0 
802006ac 802006ac        0     1                 .L0 
802006ac 802006ac        0     1                 .L0 
802006b4 802006b4        0     1                 .L0 
802006b6 802006b6        0     1                 .L0 
802006b6 802006b6        0     1                 .L0 
802006b6 802006b6        0     1                 .L0 
802006be 802006be        0     1                 .L0 
802006c0 802006c0        0     1                 .L0 
802006c0 802006c0        0     1                 .L0 
802006c0 802006c0        0     1                 .L0 
802006c8 802006c8        0     1                 .L0 
802006ca 802006ca        0     1                 .L0 
802006ca 802006ca        0     1                 .L0 
802006ca 802006ca        0     1                 .L0 
802006d2 802006d2        0     1                 .L0 
802006d4 802006d4        0     1                 .L0 
802006d4 802006d4        0     1                 .L0 
802006d4 802006d4        0     1                 .L0 
802006dc 802006dc        0     1                 .L0 
802006de 802006de        0     1                 .L0 
802006de 802006de        0     1                 .L0 
802006de 802006de        0     1                 .L0 
802006e6 802006e6        0     1                 .L0 
802006e6 802006e6        0     1                 .L0 
802006ec 802006ec        0     1                 .L0 
802006ee 802006ee        0     1                 .L0 
802006ee 802006ee        0     1                 .L0 
802006f2 802006f2        0     1                 .L0 
802006f2 802006f2        0     1                 .L0 
802006f6 802006f6        0     1                 .L0 
802006f6 802006f6        0     1                 .L0 
802006fa 802006fa        0     1                 .L0 
802006fa 802006fa        0     1                 .L0 
802006fe 802006fe        0     1                 .L0 
802006fe 802006fe        0     1                 .L0 
80200702 80200702        0     1                 .L0 
80200702 80200702        0     1                 .L0 
80200706 80200706        0     1                 .L0 
80200706 80200706        0     1                 .L0 
8020070a 8020070a        0     1                 .L0 
8020070a 8020070a        0     1                 .L0 
8020070e 8020070e        0     1                 .L0 
8020070e 8020070e        0     1                 .L0 
80200712 80200712        0     1                 .L0 
80200712 80200712        0     1                 .L0 
80200716 80200716        0     1                 .L0 
80200716 80200716        0     1                 .L0 
8020071a 8020071a        0     1                 .L0 
8020071a 8020071a        0     1                 .L0 
80200722 80200722        0     1                 .L0 
80200722 80200722        0     1                 .L0 
80200730 80200730        0     1                 .L0 
80200730 80200730        0     1                 .L0 
80200736 80200736        0     1                 .L0 
8020073e 8020073e        0     1                 .L0 
8020073e 8020073e        0     1                 .L0 
80200742 80200742        0     1                 .L0 
80200742 80200742        0     1                 .L0 
80200746 80200746        0     1                 .L0 
80200746 80200746        0     1                 .L0 
8020075c 8020075c        0     1                 .L0 
8020075c 8020075c        0     1                 .L0 
8020075e 8020075e        0     1                 .L0 
8020075e 8020075e        0     1                 .L0 
80200760 80200760        0     1                 .L0 
8020076a 8020076a        0     1                 .L0 
8020076a 8020076a        0     1                 .L0 
80200772 80200772        0     1                 .L0 
80200772 80200772        0     1                 .L0 
80200776 80200776        0     1                 .L0 
80200776 80200776        0     1                 .L0 
80200776 80200776        0     1                 .L0 
80200780 80200780        0     1                 .L0 
80200780 80200780        0     1                 .L0 
80200782 80200782        0     1                 .L0 
80200786 80200786        0     1                 .L0 
80200786 80200786        0     1                 .L0 
80200786 80200786        0     1                 .L0 
8020078a 8020078a        0     1                 .L0 
8020078e 8020078e        0     1                 .L0 
80200790 80200790        0     1                 .L0 
80200790 80200790        0     1                 .L0 
80200798 80200798        0     1                 .L0 
80200798 80200798        0     1                 .L0 
8020079a 8020079a        0     1                 .L0 
802007a0 802007a0        0     1                 .L0 
802007a4 802007a4        0     1                 .L0 
802007ba 802007ba        0     1                 .L0 
802007ba 802007ba        0     1                 .L0 
802007bc 802007bc        0     1                 .L0 
802007bc 802007bc        0     1                 .L0 
802007c4 802007c4        0     1                 .L0 
802007c4 802007c4        0     1                 .L0 
802007c6 802007c6        0     1                 .L0 
802007ca 802007ca        0     1                 .L0 
802007cc 802007cc        0     1                 .L0 
802007d0 802007d0        0     1                 .L0 
802007d0 802007d0        0     1                 .L0 
802007d0 802007d0        0     1                 .L0 
802007d4 802007d4        0     1                 .L0 
802007d4 802007d4        0     1                 .L0 
802007dc 802007dc        0     1                 .L0 
802007de 802007de        0     1                 .L0 
802007de 802007de        0     1                 .L0 
802007e2 802007e2        0     1                 .L0 
802007e2 802007e2        0     1                 .L0 
802007f4 802007f4        0     1                 .L0 
802007f4 802007f4        0     1                 .L0 
802007f6 802007f6        0     1                 .L0 
802007f6 802007f6        0     1                 .L0 
802007f8 802007f8        0     1                 .L0 
802007fc 802007fc        0     1                 .L0 
802007fc 802007fc        0     1                 .L0 
80200800 80200800        0     1                 .L0 
80200808 80200808        0     1                 .L0 
80200808 80200808        0     1                 .L0 
8020080a 8020080a        0     1                 .L0 
8020080a 8020080a        0     1                 .L0 
80200812 80200812        0     1                 .L0 
80200816 80200816        0     1                 .L0 
80200816 80200816        0     1                 .L0 
80200816 80200816        0     1                 .L0 
8020081a 8020081a        0     1                 .L0 
8020081a 8020081a        0     1                 .L0 
80200822 80200822        0     1                 .L0 
80200826 80200826        0     1                 .L0 
8020082e 8020082e        0     1                 .L0 
8020082e 8020082e        0     1                 .L0 
80200830 80200830        0     1                 .L0 
80200830 80200830        0     1                 .L0 
80200834 80200834        0     1                 .L0 
80200834 80200834        0     1                 .L0 
80200838 80200838        0     1                 .L0 
8020083a 8020083a        0     1                 .L0 
80200840 80200840        0     1                 .L0 
80200844 80200844        0     1                 .L0 
80200848 80200848        0     1                 .L0 
8020084c 8020084c        0     1                 .L0 
8020085a 8020085a        0     1                 .L0 
8020085a 8020085a        0     1                 .L0 
8020085c 8020085c        0     1                 .L0 
8020085e 8020085e        0     1                 .L0 
80200862 80200862        0     1                 .L0 
80200868 80200868        0     1                 .L0 
8020086c 8020086c        0     1                 .L0 
8020086c 8020086c        0     1                 .L0 
8020086c 8020086c        0     1                 .L0 
80200882 80200882        0     1                 .L0 
80200882 80200882        0     1                 .L0 
80200884 80200884        0     1                 .L0 
80200884 80200884        0     1                 .L0 
80200884 80200884        0     1                 .L0 
80200884 80200884        0     1                 .L0 
80200884 80200884        0     1                 .L0 
80200884 80200884        0     1                 .L0 
80200884 80200884       16     1                 getchar
80200898 80200898        0     1                 .L0 
80200898 80200898        0     1                 .L0 
8020089a 8020089a        0     1                 .L0 
8020089a 8020089a        0     1                 .L0 
8020089a 8020089a        0     1                 .L0 
8020089a 8020089a        0     1                 .L0 
8020089a 8020089a      196     1                 yield
802008a4 802008a4        0     1                 .L0 
802008a8 802008a8        0     1                 .L0 
802008a8 802008a8        0     1                 .L0 
802008b6 802008b6        0     1                 .L0 
802008c8 802008c8        0     1                 .L0 
802008c8 802008c8        0     1                 .L0 
802008ca 802008ca        0     1                 .L0 
802008ca 802008ca        0     1                 .L0 
802008ce 802008ce        0     1                 .L0 
802008ce 802008ce        0     1                 .L0 
802008d0 802008d0        0     1                 .L0 
802008d0 802008d0        0     1                 .L0 
802008d4 802008d4        0     1                 .L0 
802008d6 802008d6        0     1                 .L0 
802008da 802008da        0     1                 .L0 
802008da 802008da        0     1                 .L0 
802008da 802008da        0     1                 .L0 
802008de 802008de        0     1                 .L0 
802008e2 802008e2        0     1                 .L0 
802008ea 802008ea        0     1                 .L0 
802008f6 802008f6        0     1                 .L0 
802008f6 802008f6        0     1                 .L0 
802008f8 802008f8        0     1                 .L0 
802008fc 802008fc        0     1                 .L0 
802008fe 802008fe        0     1                 .L0 
80200902 80200902        0     1                 .L0 
80200902 80200902        0     1                 .L0 
80200902 80200902        0     1                 .L0 
80200906 80200906        0     1                 .L0 
8020090a 8020090a        0     1                 .L0 
80200912 80200912        0     1                 .L0 
8020091e 8020091e        0     1                 .L0 
8020091e 8020091e        0     1                 .L0 
80200922 80200922        0     1                 .L0 
80200926 80200926        0     1                 .L0 
80200928 80200928        0     1                 .L0 
8020092c 8020092c        0     1                 .L0 
8020092c 8020092c        0     1                 .L0 
8020092c 8020092c        0     1                 .L0 
80200930 80200930        0     1                 .L0 
80200934 80200934        0     1                 .L0 
8020093c 8020093c        0     1                 .L0 
80200948 80200948        0     1                 .L0 
80200948 80200948        0     1                 .L0 
8020094a 8020094a        0     1                 .L0 
8020094e 8020094e        0     1                 .L0 
80200950 80200950        0     1                 .L0 
80200954 80200954        0     1                 .L0 
80200954 80200954        0     1                 .L0 
80200954 80200954        0     1                 .L0 
80200958 80200958        0     1                 .L0 
8020095c 8020095c        0     1                 .L0 
80200964 80200964        0     1                 .L0 
80200970 80200970        0     1                 .L0 
80200970 80200970        0     1                 .L0 
80200974 80200974        0     1                 .L0 
80200978 80200978        0     1                 .L0 
8020097a 8020097a        0     1                 .L0 
8020097e 8020097e        0     1                 .L0 
8020097e 8020097e        0     1                 .L0 
8020097e 8020097e        0     1                 .L0 
80200982 80200982        0     1                 .L0 
80200986 80200986        0     1                 .L0 
8020098e 8020098e        0     1                 .L0 
8020099a 8020099a        0     1                 .L0 
8020099a 8020099a        0     1                 .L0 
8020099c 8020099c        0     1                 .L0 
802009a0 802009a0        0     1                 .L0 
802009a2 802009a2        0     1                 .L0 
802009a6 802009a6        0     1                 .L0 
802009a6 802009a6        0     1                 .L0 
802009a6 802009a6        0     1                 .L0 
802009aa 802009aa        0     1                 .L0 
802009ae 802009ae        0     1                 .L0 
802009b6 802009b6        0     1                 .L0 
802009c2 802009c2        0     1                 .L0 
802009c2 802009c2        0     1                 .L0 
802009c6 802009c6        0     1                 .L0 
802009ca 802009ca        0     1                 .L0 
802009cc 802009cc        0     1                 .L0 
802009d0 802009d0        0     1                 .L0 
802009d0 802009d0        0     1                 .L0 
802009d0 802009d0        0     1                 .L0 
802009d2 802009d2        0     1                 .L0 
802009de 802009de        0     1                 .L0 
802009ea 802009ea        0     1                 .L0 
802009ec 802009ec        0     1                 .L0 
802009f0 802009f0        0     1                 .L0 
802009f2 802009f2        0     1                 .L0 
802009f6 802009f6        0     1                 .L0 
802009f6 802009f6        0     1                 .L0 
802009f6 802009f6        0     1                 .L0 
802009f8 802009f8        0     1                 .L0 
802009f8 802009f8        0     1                 .L0 
802009f8 802009f8        0     1                 .L0 
802009fc 802009fc        0     1                 .L0 
802009fc 802009fc        0     1                 .L0 
802009fe 802009fe        0     1                 .L0 
80200a06 80200a06        0     1                 .L0 
80200a0c 80200a0c        0     1                 .L0 
80200a12 80200a12        0     1                 .L0 
80200a16 80200a16        0     1                 .L0 
80200a18 80200a18        0     1                 .L0 
80200a18 80200a18        0     1                 .L0 
80200a1c 80200a1c        0     1                 .L0 
80200a2c 80200a2c        0     1                 .L0 
80200a2c 80200a2c        0     1                 .L0 
80200a2e 80200a2e        0     1                 .L0 
80200a2e 80200a2e        0     1                 .L0 
80200a30 80200a30        0     1                 .L0 
80200a30 80200a30        0     1                 .L0 
80200a30 80200a30        0     1                 .L0 
80200a30 80200a30        0     1                 .L0 
80200a30 80200a30        0     1                 .L0 
80200a30 80200a30       ce     1                 handle_syscall
80200a36 80200a36        0     1                 .L0 
80200a54 80200a54        0     1                 .L0 
80200a58 80200a58        0     1                 .L0 
80200a5a 80200a5a        0     1                 .L0 
80200a5e 80200a5e        0     1                 .L0 
80200a60 80200a60        0     1                 .L0 
80200a64 80200a64        0     1                 .L0 
80200a64 80200a64        0     1                 .L0 
80200a66 80200a66        0     1                 .L0 
80200a66 80200a66        0     1                 .L0 
80200a7a 80200a7a        0     1                 .L0 
80200a7a 80200a7a        0     1                 .L0 
80200a7e 80200a7e        0     1                 .L0 
80200a7e 80200a7e        0     1                 .L0 
80200a7e 80200a7e        0     1                 .L0 
80200a80 80200a80        0     1                 .L0 
80200a80 80200a80        0     1                 .L0 
80200a94 80200a94        0     1                 .L0 
80200a94 80200a94        0     1                 .L0 
80200a98 80200a98        0     1                 .L0 
80200a98 80200a98        0     1                 .L0 
80200a98 80200a98        0     1                 .L0 
80200ab4 80200ab4        0     1                 .L0 
80200ab4 80200ab4        0     1                 .L0 
80200ab4 80200ab4        0     1                 .L0 
80200ab8 80200ab8        0     1                 .L0 
80200abe 80200abe        0     1                 .L0 
80200ac4 80200ac4        0     1                 .L0 
80200ac6 80200ac6        0     1                 .L0 
80200ac8 80200ac8        0     1                 .L0 
80200ac8 80200ac8        0     1                 .L0 
80200ac8 80200ac8        0     1                 .L0 
80200acc 80200acc        0     1                 .L0 
80200acc 80200acc        0     1                 .L0 
80200ade 80200ade        0     1                 .L0 
80200ade 80200ade        0     1                 .L0 
80200ade 80200ade        0     1                 .L0 
80200ae2 80200ae2        0     1                 .L0 
80200ae6 80200ae6        0     1                 .L0 
80200ae6 80200ae6        0     1                 .L0 
80200ae6 80200ae6        0     1                 .L0 
80200aea 80200aea        0     1                 .L0 
80200afc 80200afc        0     1                 .L0 
80200afc 80200afc        0     1                 .L0 
80200afe 80200afe        0     1                 .L0 
80200afe 80200afe        0     1                 .L0 
80200afe 80200afe        0     1                 .L0 
80200afe 80200afe        0     1                 .L0 
80200afe 80200afe        0     1                 .L0 
80200afe 80200afe       42     1                 handle_trap
80200b04 80200b04        0     1                 .L0 
80200b04 80200b04        0     1                 .L0 
80200b08 80200b08        0     1                 .L0 
80200b08 80200b08        0     1                 .L0 
80200b0c 80200b0c        0     1                 .L0 
80200b0c 80200b0c        0     1                 .L0 
80200b0e 80200b0e        0     1                 .L0 
80200b0e 80200b0e        0     1                 .L0 
80200b12 80200b12        0     1                 .L0 
80200b12 80200b12        0     1                 .L0 
80200b16 80200b16        0     1                 .L0 
80200b16 80200b16        0     1                 .L0 
80200b18 80200b18        0     1                 .L0 
80200b18 80200b18        0     1                 .L0 
80200b1a 80200b1a        0     1                 .L0 
80200b1a 80200b1a        0     1                 .L0 
80200b22 80200b22        0     1                 .L0 
80200b22 80200b22        0     1                 .L0 
80200b26 80200b26        0     1                 .L0 
80200b26 80200b26        0     1                 .L0 
80200b26 80200b26        0     1                 .L0 
80200b2a 80200b2a        0     1                 .L0 
80200b3e 80200b3e        0     1                 .L0 
80200b3e 80200b3e        0     1                 .L0 
80200b40 80200b40        0     1                 .L0 
80200b40 80200b40        0     1                 .L0 
80200b40 80200b40        0     1                 .L0 
80200b40 80200b40        0     1                 .L0 
80200b40 80200b40        0     1                 .L0 
80200b40 80200b40       aa     1                 kernel_main
80200b48 80200b48        0     1                 .L0 
80200b5e 80200b5e        0     1                 .L0 
80200b5e 80200b5e        0     1                 .L0 
80200b68 80200b68        0     1                 .L0 
80200b68 80200b68        0     1                 .L0 
80200b70 80200b70        0     1                 .L0 
80200b74 80200b74        0     1                 .L0 
80200b74 80200b74        0     1                 .L0 
80200b78 80200b78        0     1                 .L0 
80200b78 80200b78        0     1                 .L0 
80200b82 80200b82        0     1                 .L0 
80200b82 80200b82        0     1                 .L0 
80200b8e 80200b8e        0     1                 .L0 
80200b8e 80200b8e        0     1                 .L0 
80200b9a 80200b9a        0     1                 .L0 
80200b9a 80200b9a        0     1                 .L0 
80200ba4 80200ba4        0     1                 .L0 
80200ba4 80200ba4        0     1                 .L0 
80200baa 80200baa        0     1                 .L0 
80200baa 80200baa        0     1                 .L0 
80200bb4 80200bb4        0     1                 .L0 
80200bb6 80200bb6        0     1                 .L0 
80200bbe 80200bbe        0     1                 .L0 
80200bd0 80200bd0        0     1                 .L0 
80200bd0 80200bd0        0     1                 .L0 
80200bd2 80200bd2        0     1                 .L0 
80200bd2 80200bd2        0     1                 .L0 
80200be8 80200be8        0     1                 .L0 
80200be8 80200be8        0     1                 .L0 
80200bea 80200bea        0     1                 .L0 
80200bea 80200bea        0     1                 .L0 
80200bea 80200bea      23a     2         /var/folders/mr/c2l2bgkj0rz42ptj3879t6740000gn/T/common-0d1a88.o:(.text)
80200bea 80200bea        0     1                 .L0 
80200bea 80200bea        0     1                 .L0 
80200bea 80200bea        0     1                 $x
80200bea 80200bea        0     1                 .L0 
80200bea 80200bea      1c0     1                 printf
80200c18 80200c18        0     1                 .L0 
80200c40 80200c40        0     1                 .L0 
80200c40 80200c40        0     1                 .L0 
80200c44 80200c44        0     1                 .L0 
80200c44 80200c44        0     1                 .L0 
80200c46 80200c46        0     1                 .L0 
80200c46 80200c46        0     1                 .L0 
80200c4a 80200c4a        0     1                 .L0 
80200c52 80200c52        0     1                 .L0 
80200c52 80200c52        0     1                 .L0 
80200c56 80200c56        0     1                 .L0 
80200c56 80200c56        0     1                 .L0 
80200c58 80200c58        0     1                 .L0 
80200c5a 80200c5a        0     1                 .L0 
80200c5a 80200c5a        0     1                 .L0 
80200c5e 80200c5e        0     1                 .L0 
80200c60 80200c60        0     1                 .L0 
80200c70 80200c70        0     1                 .L0 
80200c70 80200c70        0     1                 .L0 
80200c7c 80200c7c        0     1                 .L0 
80200c7c 80200c7c        0     1                 .L0 
80200c80 80200c80        0     1                 .L0 
80200c80 80200c80        0     1                 .L0 
80200c82 80200c82        0     1                 .L0 
80200c88 80200c88        0     1                 .L0 
80200c88 80200c88        0     1                 .L0 
80200c88 80200c88        0     1                 .L0 
80200c90 80200c90        0     1                 .L0 
80200c90 80200c90        0     1                 .L0 
80200c9a 80200c9a        0     1                 .L0 
80200c9a 80200c9a        0     1                 .L0 
80200c9e 80200c9e        0     1                 .L0 
80200c9e 80200c9e        0     1                 .L0 
80200ca0 80200ca0        0     1                 .L0 
80200ca4 80200ca4        0     1                 .L0 
80200ca8 80200ca8        0     1                 .L0 
80200ca8 80200ca8        0     1                 .L0 
80200cae 80200cae        0     1                 .L0 
80200cae 80200cae        0     1                 .L0 
80200cb0 80200cb0        0     1                 .L0 
80200cb4 80200cb4        0     1                 .L0 
80200cb8 80200cb8        0     1                 .L0 
80200cb8 80200cb8        0     1                 .L0 
80200cbe 80200cbe        0     1                 .L0 
80200cbe 80200cbe        0     1                 .L0 
80200cc0 80200cc0        0     1                 .L0 
80200cc4 80200cc4        0     1                 .L0 
80200cc8 80200cc8        0     1                 .L0 
80200cc8 80200cc8        0     1                 .L0 
80200cce 80200cce        0     1                 .L0 
80200cce 80200cce        0     1                 .L0 
80200cd0 80200cd0        0     1                 .L0 
80200cd4 80200cd4        0     1                 .L0 
80200cd8 80200cd8        0     1                 .L0 
80200cd8 80200cd8        0     1                 .L0 
80200cde 80200cde        0     1                 .L0 
80200cde 80200cde        0     1                 .L0 
80200ce0 80200ce0        0     1                 .L0 
80200ce4 80200ce4        0     1                 .L0 
80200ce8 80200ce8        0     1                 .L0 
80200ce8 80200ce8        0     1                 .L0 
80200cee 80200cee        0     1                 .L0 
80200cee 80200cee        0     1                 .L0 
80200cf0 80200cf0        0     1                 .L0 
80200cf4 80200cf4        0     1                 .L0 
80200cf8 80200cf8        0     1                 .L0 
80200cf8 80200cf8        0     1                 .L0 
80200cfe 80200cfe        0     1                 .L0 
80200cfe 80200cfe        0     1                 .L0 
80200d00 80200d00        0     1                 .L0 
80200d04 80200d04        0     1                 .L0 
80200d08 80200d08        0     1                 .L0 
80200d08 80200d08        0     1                 .L0 
80200d0a 80200d0a        0     1                 .L0 
80200d0a 80200d0a        0     1                 .L0 
80200d0c 80200d0c        0     1                 .L0 
80200d10 80200d10        0     1                 .L0 
80200d10 80200d10        0     1                 .L0 
80200d14 80200d14        0     1                 .L0 
80200d14 80200d14        0     1                 .L0 
80200d16 80200d16        0     1                 .L0 
80200d18 80200d18        0     1                 .L0 
80200d18 80200d18        0     1                 .L0 
80200d18 80200d18        0     1                 .L0 
80200d22 80200d22        0     1                 .L0 
80200d22 80200d22        0     1                 .L0 
80200d26 80200d26        0     1                 .L0 
80200d2c 80200d2c        0     1                 .L0 
80200d2c 80200d2c        0     1                 .L0 
80200d2c 80200d2c        0     1                 .L0 
80200d34 80200d34        0     1                 .L0 
80200d34 80200d34        0     1                 .L0 
80200d38 80200d38        0     1                 .L0 
80200d3a 80200d3a        0     1                 .L0 
80200d3e 80200d3e        0     1                 .L0 
80200d3e 80200d3e        0     1                 .L0 
80200d3e 80200d3e        0     1                 .L0 
80200d46 80200d46        0     1                 .L0 
80200d46 80200d46        0     1                 .L0 
80200d4a 80200d4a        0     1                 .L0 
80200d4a 80200d4a        0     1                 .L0 
80200d4c 80200d4c        0     1                 .L0 
80200d50 80200d50        0     1                 .L0 
80200d50 80200d50        0     1                 .L0 
80200d52 80200d52        0     1                 .L0 
80200d52 80200d52        0     1                 .L0 
80200d52 80200d52        0     1                 .L0 
80200d56 80200d56        0     1                 .L0 
80200d5a 80200d5a        0     1                 .L0 
80200d5e 80200d5e        0     1                 .L0 
80200d5e 80200d5e        0     1                 .L0 
80200d5e 80200d5e        0     1                 .L0 
80200d60 80200d60        0     1                 .L0 
80200d60 80200d60        0     1                 .L0 
80200d64 80200d64        0     1                 .L0 
80200d68 80200d68        0     1                 .L0 
80200d70 80200d70        0     1                 .L0 
80200d70 80200d70        0     1                 .L0 
80200d78 80200d78        0     1                 .L0 
80200d7e 80200d7e        0     1                 .L0 
80200d7e 80200d7e        0     1                 .L0 
80200d84 80200d84        0     1                 .L0 
80200d84 80200d84        0     1                 .L0 
80200d84 80200d84        0     1                 .L0 
80200d8c 80200d8c        0     1                 .L0 
80200d8c 80200d8c        0     1                 .L0 
80200d8c 80200d8c        0     1                 .L0 
80200d90 80200d90        0     1                 .L0 
80200da6 80200da6        0     1                 .L0 
80200daa 80200daa        0     1                 .L0 
80200daa 80200daa        0     1                 .L0 
80200daa 80200daa        0     1                 .L0 
80200daa 80200daa        0     1                 .L0 
80200daa 80200daa        0     1                 .L0 
80200daa 80200daa       1c     1                 memcpy
80200dae 80200dae        0     1                 .L0 
80200dae 80200dae        0     1                 .L0 
80200db0 80200db0        0     1                 .L0 
80200db0 80200db0        0     1                 .L0 
80200db0 80200db0        0     1                 .L0 
80200db4 80200db4        0     1                 .L0 
80200db6 80200db6        0     1                 .L0 
80200dba 80200dba        0     1                 .L0 
80200dba 80200dba        0     1                 .L0 
80200dbe 80200dbe        0     1                 .L0 
80200dc0 80200dc0        0     1                 .L0 
80200dc0 80200dc0        0     1                 .L0 
80200dc4 80200dc4        0     1                 .L0 
80200dc4 80200dc4        0     1                 .L0 
80200dc4 80200dc4        0     1                 .L0 
80200dc6 80200dc6        0     1                 .L0 
80200dc6 80200dc6        0     1                 .L0 
80200dc6 80200dc6        0     1                 .L0 
80200dc6 80200dc6        0     1                 .L0 
80200dc6 80200dc6        0     1                 .L0 
80200dc6 80200dc6       16     1                 memset
80200dca 80200dca        0     1                 .L0 
80200dca 80200dca        0     1                 .L0 
80200dcc 80200dcc        0     1                 .L0 
80200dcc 80200dcc        0     1                 .L0 
80200dcc 80200dcc        0     1                 .L0 
80200dd0 80200dd0        0     1                 .L0 
80200dd0 80200dd0        0     1                 .L0 
80200dd4 80200dd4        0     1                 .L0 
80200dd6 80200dd6        0     1                 .L0 
80200dd6 80200dd6        0     1                 .L0 
80200dda 80200dda        0     1                 .L0 
80200dda 80200dda        0     1                 .L0 
80200dda 80200dda        0     1                 .L0 
80200ddc 80200ddc        0     1                 .L0 
80200ddc 80200ddc        0     1                 .L0 
80200ddc 80200ddc        0     1                 .L0 
80200ddc 80200ddc        0     1                 .L0 
80200ddc 80200ddc        0     1                 .L0 
80200ddc 80200ddc       24     1                 strcpy
80200de2 80200de2        0     1                 .L0 
80200de6 80200de6        0     1                 .L0 
80200de6 80200de6        0     1                 .L0 
80200de8 80200de8        0     1                 .L0 
80200de8 80200de8        0     1                 .L0 
80200de8 80200de8        0     1                 .L0 
80200dec 80200dec        0     1                 .L0 
80200df0 80200df0        0     1                 .L0 
80200df4 80200df4        0     1                 .L0 
80200df4 80200df4        0     1                 .L0 
80200df6 80200df6        0     1                 .L0 
80200df6 80200df6        0     1                 .L0 
80200df8 80200df8        0     1                 .L0 
80200dfa 80200dfa        0     1                 .L0 
80200dfa 80200dfa        0     1                 .L0 
80200dfa 80200dfa        0     1                 .L0 
80200dfe 80200dfe        0     1                 .L0 
80200e00 80200e00        0     1                 .L0 
80200e00 80200e00        0     1                 .L0 
80200e00 80200e00        0     1                 .L0 
80200e00 80200e00        0     1                 .L0 
80200e00 80200e00        0     1                 .L0 
80200e00 80200e00       24     1                 strcmp
80200e04 80200e04        0     1                 .L0 
80200e06 80200e06        0     1                 .L0 
80200e08 80200e08        0     1                 .L0 
80200e08 80200e08        0     1                 .L0 
80200e08 80200e08        0     1                 .L0 
80200e0c 80200e0c        0     1                 .L0 
80200e10 80200e10        0     1                 .L0 
80200e10 80200e10        0     1                 .L0 
80200e14 80200e14        0     1                 .L0 
80200e16 80200e16        0     1                 .L0 
80200e18 80200e18        0     1                 .L0 
80200e1a 80200e1a        0     1                 .L0 
80200e1a 80200e1a        0     1                 .L0 
80200e1e 80200e1e        0     1                 .L0 
80200e22 80200e22        0     1                 .L0 
80200e24 80200e24        0     1                 .L0 
80200e24 80200e24        0     1                 .L0 
80200e24 80200e24      266     4 .rodata
80200e24 80200e24      266     1         <internal>:(.rodata.str1.1)
8020108c 8020108c    10380     4 .data
8020108c 8020108c    10380     1         shell.bin.o:(.data)
8020108c 8020108c        0     1                 _binary_shell_bin_start
8021140c 8021140c        0     1                 _binary_shell_bin_end
8021140c 8021140c        4     4 .sdata
8021140c 8021140c        4     4         /var/folders/mr/c2l2bgkj0rz42ptj3879t6740000gn/T/kernel-4fd123.o:(.sdata)
8021140c 8021140c        4     1                 alloc_pages.next_paddr
8021140c 8021140c        0     1                 $d
80211410 80211410    10098     4 .bss
80211410 80211410        0     1         __bss = .
80211410 80211410       18     4         /var/folders/mr/c2l2bgkj0rz42ptj3879t6740000gn/T/kernel-4fd123.o:(.sbss)
80211410 80211410        0     1                 $d
80211410 80211410        4     1                 blk_capacity
80211414 80211414        4     1                 blk_req
80211418 80211418        4     1                 blk_request_vq
8021141c 8021141c        4     1                 blk_req_paddr
80211420 80211420        4     1                 idle_proc
80211424 80211424        4     1                 current_proc
80211428 80211428    10080     4         /var/folders/mr/c2l2bgkj0rz42ptj3879t6740000gn/T/kernel-4fd123.o:(.bss)
80211428 80211428        0     1                 $d
80211428 80211428    10080     1                 procs
802214a8 802214a8        0     1         __bss_end = .
802214a8 802214a8        0     1 . = ALIGN ( 4 )
802214a8 802214a8    20000     1 . += 128 * 1024
802414a8 802414a8        0     1 __stack_top = .
802414a8 802414a8      b58     1 . = ALIGN ( 4096 )
80242000 80242000        0     1 __free_ram = .
80242000 80242000  4000000     1 . += 64 * 1024 * 1024
84242000 84242000        0     1 __free_ram_end = .
       0        0      8f9     1 .debug_loclists
       0        0      730     1         /var/folders/mr/c2l2bgkj0rz42ptj3879t6740000gn/T/kernel-4fd123.o:(.debug_loclists)
       0        0        0     1                 $d
       c        c        0     1                 .L0 
     730      730      1c9     1         /var/folders/mr/c2l2bgkj0rz42ptj3879t6740000gn/T/common-0d1a88.o:(.debug_loclists)
     730      730        0     1                 $d
     73c      73c        0     1                 .L0 
       0        0      454     1 .debug_abbrev
       0        0      327     1         /var/folders/mr/c2l2bgkj0rz42ptj3879t6740000gn/T/kernel-4fd123.o:(.debug_abbrev)
       0        0        0     1                 $d
     327      327      12d     1         /var/folders/mr/c2l2bgkj0rz42ptj3879t6740000gn/T/common-0d1a88.o:(.debug_abbrev)
     327      327        0     1                 $d
       0        0     13bf     1 .debug_info
       0        0     118a     1         /var/folders/mr/c2l2bgkj0rz42ptj3879t6740000gn/T/kernel-4fd123.o:(.debug_info)
       0        0        0     1                 $d
    118a     118a      235     1         /var/folders/mr/c2l2bgkj0rz42ptj3879t6740000gn/T/common-0d1a88.o:(.debug_info)
    118a     118a        0     1                 $d
       0        0       f8     1 .debug_rnglists
       0        0       dd     1         /var/folders/mr/c2l2bgkj0rz42ptj3879t6740000gn/T/kernel-4fd123.o:(.debug_rnglists)
       0        0        0     1                 $d
       c        c        0     1                 .L0 
      dd       dd       1b     1         /var/folders/mr/c2l2bgkj0rz42ptj3879t6740000gn/T/common-0d1a88.o:(.debug_rnglists)
      dd       dd        0     1                 $d
      e9       e9        0     1                 .L0 
       0        0      310     1 .debug_str_offsets
       0        0      27c     1         /var/folders/mr/c2l2bgkj0rz42ptj3879t6740000gn/T/kernel-4fd123.o:(.debug_str_offsets)
       0        0        0     1                 $d
       8        8        0     1                 .L0 
     27c      27c       94     1         /var/folders/mr/c2l2bgkj0rz42ptj3879t6740000gn/T/common-0d1a88.o:(.debug_str_offsets)
     27c      27c        0     1                 $d
     284      284        0     1                 .L0 
       0        0      538     1 .debug_str
       0        0      538     1         <internal>:(.debug_str)
       0        0      268     1 .debug_addr
       0        0      208     1         /var/folders/mr/c2l2bgkj0rz42ptj3879t6740000gn/T/kernel-4fd123.o:(.debug_addr)
       0        0        0     1                 $d
       8        8        0     1                 .L0 
     208      208       60     1         /var/folders/mr/c2l2bgkj0rz42ptj3879t6740000gn/T/common-0d1a88.o:(.debug_addr)
     208      208        0     1                 $d
     210      210        0     1                 .L0 
       0        0       3b     1 .comment
       0        0       3b     1         <internal>:(.comment)
       0        0       34     1 .riscv.attributes
       0        0       34     1         <internal>:(.riscv.attributes)
       0        0      280     4 .debug_frame
       0        0      1fc     4         /var/folders/mr/c2l2bgkj0rz42ptj3879t6740000gn/T/kernel-4fd123.o:(.debug_frame)
       0        0        0     1                 .L0 
       0        0        0     1                 $d
     1fc      1fc       84     4         /var/folders/mr/c2l2bgkj0rz42ptj3879t6740000gn/T/common-0d1a88.o:(.debug_frame)
     1fc      1fc        0     1                 .L0 
     1fc      1fc        0     1                 $d
       0        0     1243     1 .debug_line
       0        0      e6c     1         /var/folders/mr/c2l2bgkj0rz42ptj3879t6740000gn/T/kernel-4fd123.o:(.debug_line)
       0        0        0     1                 .Lline_table_start0
       0        0        0     1                 $d
     e6c      e6c      3d7     1         /var/folders/mr/c2l2bgkj0rz42ptj3879t6740000gn/T/common-0d1a88.o:(.debug_line)
     e6c      e6c        0     1                 .Lline_table_start0
     e6c      e6c        0     1                 $d
       0        0       51     1 .debug_line_str
       0        0       51     1         <internal>:(.debug_line_str)
       0        0      500     4 .symtab
       0        0      500     4         <internal>:(.symtab)
       0        0       e3     1 .shstrtab
       0        0       e3     1         <internal>:(.shstrtab)
       0        0      2b0     1 .strtab
       0        0      2b0     1         <internal>:(.strtab)
